04-07 21:14:53.632  1256  1256 I SurfaceFlinger: onHandleDestroyed: name=Surface(name=3e71028 InputMethod)/@0xbd0ccbe - animation-leash of insets_animation#1128, layerId=1128, parentId=0
04-07 21:14:53.633  1800  1818 I GnssLocationProvider: WakeLock acquired by handleDownloadPsdsData()
04-07 21:14:53.634  1800 14839 E GnssPsdsDownloader: No Long-Term PSDS servers were specified in the GnssConfiguration
04-07 21:14:53.640  1256  1256 I BufferQueueDebug: [Surface(name=3e71028 InputMethod)/@0xbd0ccbe - animation-leash of insets_animation#1128](this:0xb400007a89a00000,id:-1,api:0,p:-1,c:1256) onDestructor()
04-07 21:14:53.648  1256  1256 I BufferQueueProducer: [NavigationBar0#86](this:0xb400007a899a4e00,id:-1,api:0,p:-1,c:1256) queueBuffer: fps=0.05 dur=109533.59 max=109143.70 min=49.55
04-07 21:14:53.720  2170  2257 D View    : [Warning] assignParent to null: this = android.widget.FrameLayout{bc99cb7 G.E...... ......ID 0,0-1200,2670}
04-07 21:14:53.721  1256  1673 I BufferQueueDebug: [Surface(name=4345f4b Splash Screen host.exp.exponent)/@0xe711483 - animation-leash of window_animation#1143](this:0xb400007a89a00000,id:-1,api:0,p:-1,c:-1) BufferQueue core=(1256:/system/bin/surfaceflinger)
04-07 21:14:53.721  1800  1819 E ApplicationHelper: Fail to get PackageManager
04-07 21:14:53.723  1256  1643 D SurfaceFlinger: calculateTimeoutTime, triggerInterval = 2 sec + 999999769 nsec
04-07 21:14:53.725  2170  2257 D BLASTBufferQueue: [VRI[exponent]#72](f:0,a:4) destructor()
04-07 21:14:53.725  2170  2257 D BufferQueueConsumer: [VRI[exponent]#72(BLAST Consumer)72](id:87a00000049,api:0,p:-1,c:2170) disconnect
04-07 21:14:53.726  2170  2257 W WindowOnBackDispatcher: sendCancelIfRunning: isInProgress=false callback=android.view.ViewRootImpl$$ExternalSyntheticLambda11@7f3b5e7
04-07 21:14:53.726  1800  1873 D CoreBackPreview: Window{4345f4b u0 Splash Screen host.exp.exponent EXITING}: Setting back callback null
04-07 21:14:53.728  1800  1870 W InputManager-JNI: Input channel object '4345f4b Splash Screen host.exp.exponent (client)' was disposed without first being removed with the input manager!
04-07 21:14:53.882  1800  1822 D WindowManager: setParent old=ActivityRecord{1950a2 u0 host.exp.exponent/.experience.HomeActivity t13},new=null,this window=Window{4345f4b u0 Splash Screen host.exp.exponent},callers=com.android.server.wm.WindowContainer.removeChild:833 com.android.server.wm.ActivityRecord.removeChild:4695 com.android.server.wm.ActivityRecord.removeChild:429 com.android.server.wm.WindowContainer.removeImmediately:891 com.android.server.wm.WindowState.removeImmediately:2386 com.android.server.wm.WindowState.destroySurface:3381 
04-07 21:14:53.897  1256  1256 I SurfaceFlinger: onHandleDestroyed: name=Splash Screen host.exp.exponent#1120, layerId=1120, parentId=0
04-07 21:14:53.897  1256  1256 I SurfaceFlinger: onHandleDestroyed: name=Surface(name=4345f4b Splash Screen host.exp.exponent)/@0xe711483 - animation-leash of window_animation#1143, layerId=1143, parentId=0
04-07 21:14:53.905  1256  1256 I BufferQueueDebug: [Splash Screen host.exp.exponent#1120](this:0xb400007a899eeea0,id:-1,api:0,p:-1,c:1256) onDestructor()
04-07 21:14:53.906  1256  1256 I BufferQueueDebug: [Surface(name=4345f4b Splash Screen host.exp.exponent)/@0xe711483 - animation-leash of window_animation#1143](this:0xb400007a89a00000,id:-1,api:0,p:-1,c:1256) onDestructor()
04-07 21:14:54.087  1486  1565 E mtk_storageproxyd: ipc-trustonic: ipc_trustonic_connect: Unable to resolve family name (-12)
04-07 21:14:54.111  2170  2228 V WindowManagerShell: Transition animation finished (aborted=false), notifying core (#88) android.os.BinderProxy@9cad9cf@0
04-07 21:14:54.113  1800  1818 V WindowManager: Finish Transition (#88): created at 04-07 21:14:53.534 collect-started=0.019ms request-sent=5.081ms started=6.631ms ready=54.159ms sent=55.982ms finished=577.987ms
04-07 21:14:54.114 12712 12712 D VRI[HomeActivity]: visibilityChanged oldVisibility=true newVisibility=false
04-07 21:14:54.115  2170  2228 V WindowManagerShell: Track 0 became idle
04-07 21:14:54.115  2170  2228 V WindowManagerShell: All active transition animations finished
04-07 21:14:54.115  1800  1821 I PowerHalWrapper: amsBoostNotify pid:12712,activity:host.exp.exponent.LauncherActivity, package:host.exp.exponent, mProcessCreatePackhost.exp.exponent 
04-07 21:14:54.115  1800  1821 I PowerHalWrapper: state: 0 
04-07 21:14:54.116  1800  1821 I ScnModule: [GameDetection] packname: host.exp.exponent, apkSize: 314590746. 
04-07 21:14:54.116  1800  1821 I mtkpower_client: [PowerHal_Wrap_notifyAppState] host.exp.exponent/host.exp.exponent.LauncherActivity pid=12712 activityId:197709704 state:0
04-07 21:14:54.116  1237  1237 I IPCThreadState: oneway function results for code 2 on binder at 0xb400007b36027170 will be dropped but finished with status UNKNOWN_TRANSACTION
04-07 21:14:54.116  1237  1237 I vendor.mediatek.hardware.mtkpower_applist-service.mediatek: packName: host.exp.exponent actName: host.exp.exponent.LauncherActivity pid: 12712 uid: 10213 state: 0
04-07 21:14:54.116  1237  1237 I MTK_APPList: [notifyAPPstate] host.exp.exponent/host.exp.exponent.LauncherActivity, pid=12712, uid=10213, state:PAUSED, fps:-1, win:0
04-07 21:14:54.116  1237  1237 I MTK_APPList: [notifyAPPstate] multi_resumed_app_count: 1
04-07 21:14:54.116  1237  1237 I MTK_APPList: [notifyAPPstate] multi_resumed_app_info[0] host.exp.exponent/host.exp.exponent.experience.ErrorActivity, pid:12712, fps:-1, isMultiWindow:0
04-07 21:14:54.116  1237  1237 I MTK_APPList: [getForegroundAPPCount] 1
04-07 21:14:54.116  1237  1237 I MTK_APPList: [notifyNetdUID] 10213
04-07 21:14:54.116  1800  1821 I PowerHalWrapper: amsBoostNotify AMS_BOOST_PROCESS_CREATE_BOOST:false 
04-07 21:14:54.117  1245  1319 I mtkpower@impl: [powerd_req] TIMER_MSG_PERF_LOCK_TIMEOUT hdl:873
04-07 21:14:54.117  1800  1821 I PowerHalWrapper: amsBoostNotify pid:12712,activity:host.exp.exponent.experience.HomeActivity, package:host.exp.exponent, mProcessCreatePackhost.exp.exponent 
04-07 21:14:54.117  1800  1821 I PowerHalWrapper: state: 0 
04-07 21:14:54.117  1245  1319 I libPowerHal: [perfLockRel] hdl:873, idx:3
04-07 21:14:54.117  1245  1319 I libPowerHal: [setClusterFreq]  set cpu_ctrl cpufreq: -1 -1 -1 -1 
04-07 21:14:54.117  1245  1319 I libPowerHal: [PD] MTKPOWER_HINT_PACK_SWITCH update cmd:1408300 param:40
04-07 21:14:54.117  1800  1821 I ScnModule: [GameDetection] packname: host.exp.exponent, apkSize: 314590746. 
04-07 21:14:54.117  1800  1821 I mtkpower_client: [PowerHal_Wrap_notifyAppState] host.exp.exponent/host.exp.exponent.experience.HomeActivity pid=12712 activityId:1659042 state:0
04-07 21:14:54.118  1800  1821 I PowerHalWrapper: amsBoostNotify AMS_BOOST_PROCESS_CREATE_BOOST:false 
04-07 21:14:54.118  1245  1319 I libPowerHal: [setDvfsrcDevFreqOpp] opp:2, freq:4212000000
04-07 21:14:54.118  1245  1319 I libPowerHal: [PD] MTKPOWER_HINT_PACK_SWITCH update cmd:1000000 param:2
04-07 21:14:54.119  1237  1237 I MTK_APPList: [notifyPID] 12712
04-07 21:14:54.120  1800  1873 W UserManagerService: Requested status bar icon for non-badged user 0
04-07 21:14:54.120  1245  1319 I libPowerHal: [perfSetSysInfo] pid type:24, 12712
04-07 21:14:54.121  1237  1237 I IPCThreadState: oneway function results for code 2 on binder at 0xb400007b36027170 will be dropped but finished with status UNKNOWN_TRANSACTION
04-07 21:14:54.121  1237  1237 I vendor.mediatek.hardware.mtkpower_applist-service.mediatek: packName: host.exp.exponent actName: host.exp.exponent.experience.HomeActivity pid: 12712 uid: 10213 state: 0
04-07 21:14:54.121  1237  1237 I MTK_APPList: [notifyAPPstate] host.exp.exponent/host.exp.exponent.experience.HomeActivity, pid=12712, uid=10213, state:PAUSED, fps:-1, win:0
04-07 21:14:54.121  1237  1237 I MTK_APPList: [notifyAPPstate] multi_resumed_app_count: 1
04-07 21:14:54.121  1237  1237 I MTK_APPList: [notifyAPPstate] multi_resumed_app_info[0] host.exp.exponent/host.exp.exponent.experience.ErrorActivity, pid:12712, fps:-1, isMultiWindow:0
04-07 21:14:54.121  1237  1237 I MTK_APPList: [getForegroundAPPCount] 1
04-07 21:14:54.121  1237  1237 I MTK_APPList: [notifyNetdUID] 10213
04-07 21:14:54.122  1256  1256 I SurfaceFlinger: onHandleDestroyed: name=4345f4b Splash Screen host.exp.exponent#1119, layerId=1119, parentId=0
04-07 21:14:54.122  1256  1256 I SurfaceFlinger: onHandleDestroyed: name=Transition Root: Task=18#1140, layerId=1140, parentId=0
04-07 21:14:54.122  1256  1256 I SurfaceFlinger: onHandleDestroyed: name=animation-background#1141, layerId=1141, parentId=0
04-07 21:14:54.123 12712 12712 D BLASTBufferQueue: [VRI[HomeActivity]#43](f:0,a:4) destructor()
04-07 21:14:54.123 12712 12712 D BufferQueueConsumer: [VRI[HomeActivity]#43(BLAST Consumer)43](id:31a80000002d,api:0,p:-1,c:12712) disconnect
04-07 21:14:54.123  1237  1237 I MTK_APPList: [notifyPID] 12712
04-07 21:14:54.124  1245  1319 I mtkpower@impl: [powerd_req] TIMER_MSG_PERF_LOCK_TIMEOUT hdl:875
04-07 21:14:54.125  1245  1319 I libPowerHal: [perfLockRel] hdl:875, idx:0
04-07 21:14:54.127  1245  1319 I libPowerHal: [perfSetSysInfo] pid type:24, 12712
04-07 21:14:54.127 12712 12712 W WindowOnBackDispatcher: sendCancelIfRunning: isInProgress=false callback=android.view.ViewRootImpl$$ExternalSyntheticLambda11@5b6d966
04-07 21:14:54.128  1800  1870 D CoreBackPreview: Window{9e16815 u0 host.exp.exponent/host.exp.exponent.LauncherActivity}: Setting back callback null
04-07 21:14:54.128  1800  3300 W UserManagerService: Requested status bar icon for non-badged user 0
04-07 21:14:54.130 12712 12799 D BLASTBufferQueue: [VRI[LauncherActivity]#44](f:0,a:1) destructor()
04-07 21:14:54.130 12712 12799 D BufferQueueConsumer: [VRI[LauncherActivity]#44(BLAST Consumer)44](id:31a80000002e,api:0,p:-1,c:12712) disconnect
04-07 21:14:54.130  1256  1256 I BufferQueueDebug: [Transition Root: Task=18#1140](this:0xb400007a899d2700,id:-1,api:0,p:-1,c:1256) onDestructor()
04-07 21:14:54.130  1256  1256 I BufferQueueDebug: [4345f4b Splash Screen host.exp.exponent#1119](this:0xb400007a89a02d90,id:-1,api:0,p:-1,c:1256) onDestructor()
04-07 21:14:54.130  1256  1256 I BufferQueueDebug: [animation-background#1141](this:0xb400007a89a088b0,id:-1,api:0,p:-1,c:1256) onDestructor()
04-07 21:14:54.131  1256  1256 I SurfaceFlinger: onHandleDestroyed: name=48b2c6d ActivityRecordInputSink host.exp.exponent/.experience.HomeActivity#1126, layerId=1126, parentId=0
04-07 21:14:54.131 12712 12712 D View    : [Warning] assignParent to null: this = DecorView@8f59245[LauncherActivity]
04-07 21:14:54.133  1800  1873 W UserManagerService: Requested status bar icon for non-badged user 0
04-07 21:14:54.135  1800  3300 W InputManager-JNI: Input channel object '9e16815 host.exp.exponent/host.exp.exponent.LauncherActivity (client)' was disposed without first being removed with the input manager!
04-07 21:14:54.136  1800  3300 D WindowManager: setParent old=ActivityRecord{bc8cf88 u0 host.exp.exponent/.LauncherActivity t13 f}},new=null,this window=Window{9e16815 u0 host.exp.exponent/host.exp.exponent.LauncherActivity},callers=com.android.server.wm.WindowContainer.removeChild:833 com.android.server.wm.ActivityRecord.removeChild:4695 com.android.server.wm.ActivityRecord.removeChild:429 com.android.server.wm.WindowContainer.removeImmediately:891 com.android.server.wm.WindowState.removeImmediately:2386 com.android.server.wm.WindowState.removeIfPossible:2546 
04-07 21:14:54.138  1256  1256 I BufferQueueDebug: [48b2c6d ActivityRecordInputSink host.exp.exponent/.experience.HomeActivity#1126](this:0xb400007a899663a0,id:-1,api:0,p:-1,c:1256) onDestructor()
04-07 21:14:54.147  1256  1256 I SurfaceFlinger: onHandleDestroyed: name=9e16815 host.exp.exponent/host.exp.exponent.LauncherActivity#1134, layerId=1134, parentId=0
04-07 21:14:54.147  1256  1256 I SurfaceFlinger: onHandleDestroyed: name=host.exp.exponent/host.exp.exponent.LauncherActivity#1135, layerId=1135, parentId=0
04-07 21:14:54.148  1800  1870 D WindowManager: setParent old=Task{1860949 #13 type=standard A=10213:host.exp.exponent},new=null,this window=ActivityRecord{bc8cf88 u0 host.exp.exponent/.LauncherActivity t13 f}},callers=com.android.server.wm.WindowContainer.removeChild:833 com.android.server.wm.TaskFragment.removeChild:3015 com.android.server.wm.Task.removeChild:1534 com.android.server.wm.Task.removeChild:1517 com.android.server.wm.WindowContainer.removeImmediately:891 com.android.server.wm.WindowToken.removeImmediately:359 
04-07 21:14:54.155  1256  1256 I BufferQueueDebug: [host.exp.exponent/host.exp.exponent.LauncherActivity#1135](this:0xb400007a89824710,id:-1,api:0,p:-1,c:1256) onDestructor()
04-07 21:14:54.156  1256  1256 I BufferQueueDebug: [9e16815 host.exp.exponent/host.exp.exponent.LauncherActivity#1134](this:0xb400007a899ec110,id:-1,api:0,p:-1,c:1256) onDestructor()
04-07 21:14:54.156  1256  1256 I SurfaceFlinger: onHandleDestroyed: name=host.exp.exponent/host.exp.exponent.experience.HomeActivity#1121, layerId=1121, parentId=0
04-07 21:14:54.156  1256  1256 I SurfaceFlinger: onHandleDestroyed: name=ActivityRecord{bc8cf88 u0 host.exp.exponent/.LauncherActivity#1129, layerId=1129, parentId=0
04-07 21:14:54.164  1256  1256 I BufferQueueDebug: [host.exp.exponent/host.exp.exponent.experience.HomeActivity#1121](this:0xb400007a899ccbe0,id:-1,api:0,p:-1,c:1256) onDestructor()
04-07 21:14:54.164  1256  1256 I BufferQueueDebug: [ActivityRecord{bc8cf88 u0 host.exp.exponent/.LauncherActivity#1129](this:0xb400007a899e0ad0,id:-1,api:0,p:-1,c:1256) onDestructor()
04-07 21:14:54.406  1216  1216 I hwcomposer: [HWCDisplay] [Display_0 (type:1, mode:2)] fps:96.578049,dur:1004.37,max:75.05,min:6.67  
04-07 21:14:54.420  1237  1289 I libPerfCtl: xgfGetFPS pid:2170 fps:-1
04-07 21:14:54.420  1237  1289 I libPerfCtl: xgfGetFPS pid:12712 fps:-1
04-07 21:14:54.678  1256  1256 I BufferQueueProducer: [NavigationBar0#86](this:0xb400007a899a4e00,id:-1,api:0,p:-1,c:1256) queueBuffer: fps=35.92 dur=1030.09 max=125.39 min=7.82
04-07 21:14:55.087  1486  1565 E mtk_storageproxyd: ipc-trustonic: ipc_trustonic_connect: retry left 9
04-07 21:14:55.090  1486  1565 E mtk_storageproxyd: ipc-trustonic: ipc_trustonic_connect: Unable to resolve family name (-12)
04-07 21:14:55.121  1245  1319 I mtkpower@impl: [powerd_req] TIMER_MSG_PERF_LOCK_TIMEOUT hdl:874
04-07 21:14:55.121  1245  1319 I libPowerHal: [perfLockRel] hdl:874, idx:4
04-07 21:14:55.121  1245  1319 I libPowerHal: [PD] MTKPOWER_HINT_EXT_LAUNCH update cmd:1408300 param:0
04-07 21:14:55.125  1245  1319 I libPowerHal: [PD] MTKPOWER_HINT_EXT_LAUNCH update cmd:1000000 param:-1
04-07 21:14:55.421  1237  1289 I libPerfCtl: xgfGetFPS pid:2170 fps:-1
04-07 21:14:55.421  1237  1289 I libPerfCtl: xgfGetFPS pid:12712 fps:-1
04-07 21:14:56.091  1486  1565 E mtk_storageproxyd: ipc-trustonic: ipc_trustonic_connect: retry left 8
04-07 21:14:56.094  1486  1565 E mtk_storageproxyd: ipc-trustonic: ipc_trustonic_connect: Unable to resolve family name (-12)
04-07 21:14:56.319  1465  1970 D ULogGuard: Monitoring: 16 threads, 0 requests, 0 time-bombs; 2 guards. ResetFlags = 0x7
04-07 21:14:56.421  1237  1289 I libPerfCtl: xgfGetFPS pid:2170 fps:-1
04-07 21:14:56.421  1237  1289 I libPerfCtl: xgfGetFPS pid:12712 fps:-1
04-07 21:14:56.514  2030  2035 D WifiHAL : WifiRequest::create vendor command to iface 36, vendor_id=0x1a11, subcmd=0x1200, res=0
04-07 21:14:56.523  2030  2035 D WifiHAL : WifiCommand::requestResponse: receive
04-07 21:14:56.523  2030  2035 I WifiHAL : LLS RSP: data=0xb4000075f5b78660, len=4436
04-07 21:14:56.523  2030  2035 I WifiHAL : LLS check_data_sanity: 1821: current_radio_stat->num_channels=42
04-07 21:14:56.523  2030  2035 I WifiHAL : LLS check_data_sanity: 1821: current_radio_stat->num_channels=12
04-07 21:14:56.523  2030  2035 I WifiHAL : LLS check_data_sanity: confirmed_size=4436, len=4436
04-07 21:14:56.539  2030  2035 D WifiHAL : WifiRequest::create vendor command to iface 36, vendor_id=0x1a11, subcmd=0x0002, res=0
04-07 21:14:56.539  2030  2035 D WifiHAL : WifiCommand::requestResponse: receive
04-07 21:14:56.539  2030  2035 I WifiHAL : feature_set=0x8489341a
04-07 21:14:56.546  2170  2170 D WifiSignalController: isWifi6: true,wifiVisible: true
04-07 21:14:56.546  2170  2170 D WifiSignalController: iconId: 17302986
04-07 21:14:57.094  1486  1565 E mtk_storageproxyd: ipc-trustonic: ipc_trustonic_connect: retry left 7
04-07 21:14:57.096  1486  1565 E mtk_storageproxyd: ipc-trustonic: ipc_trustonic_connect: Unable to resolve family name (-12)
04-07 21:14:57.421  1237  1289 I libPerfCtl: xgfGetFPS pid:2170 fps:-1
04-07 21:14:57.422  1237  1289 I libPerfCtl: xgfGetFPS pid:12712 fps:-1
04-07 21:14:57.938  7033  7069 D MeshForegroundService: Ensuring mesh service is started
04-07 21:14:57.939  7033  7069 D MeshServiceHolder: Reusing existing BluetoothMeshService instance
04-07 21:14:57.939  7033  7069 W BluetoothMeshService: Mesh service already active, ignoring duplicate start request
04-07 21:14:58.097  1486  1565 E mtk_storageproxyd: ipc-trustonic: ipc_trustonic_connect: retry left 6
04-07 21:14:58.099  1486  1565 E mtk_storageproxyd: ipc-trustonic: ipc_trustonic_connect: Unable to resolve family name (-12)
04-07 21:14:58.156  1800  1800 D NotifAttentionHelper: Notification PackageName:: com.bitchat.droid
04-07 21:14:58.168  1216  1615 I hwcomposer: [DRMDEV] (0:113) failed to waitNextVsync: -1  
04-07 21:14:58.171  1216  1615 I hwcomposer: [DRMDEV] (0:113) failed to waitNextVsync: -1  
04-07 21:14:58.184  2170  2484 D LocalImageResolver: Couldn't use ImageDecoder for drawable, falling back to non-resized load.
04-07 21:14:58.188  2170  2484 D LocalImageResolver: Couldn't use ImageDecoder for drawable, falling back to non-resized load.
04-07 21:14:58.424  1237  1289 I libPerfCtl: xgfGetFPS pid:2170 fps:-1
