04-07 21:14:53.428  2170  2228 V WindowManagerShell: Playing animation for (#87) android.os.BinderProxy@66b7da@0
04-07 21:14:53.429  2170  2228 V WindowManagerShell:  try handler com.android.wm.shell.transition.DefaultMixedHandler@2f7597d
04-07 21:14:53.429  2170  2228 V WindowManagerShell:  try handler com.android.wm.shell.keyguard.KeyguardTransitionHandler@4436072
04-07 21:14:53.429  2170  2228 V WindowManagerShell:  try handler com.android.wm.shell.pip.PipTransition@bc123df
04-07 21:14:53.429  2170  2228 V WindowManagerShell:  try handler com.android.wm.shell.activityembedding.ActivityEmbeddingController@7a4682c
04-07 21:14:53.429  2170  2228 V WindowManagerShell:  try handler com.android.wm.shell.recents.RecentsTransitionHandler@6c5f2f5
04-07 21:14:53.429  2170  2228 V ShellRecents: RecentsTransitionHandler.startAnimation: no controller found
04-07 21:14:53.429  2170  2228 V WindowManagerShell:  try handler com.android.wm.shell.splitscreen.StageCoordinator@cd488a
04-07 21:14:53.429  2170  2228 V WindowManagerShell:  try handler com.android.wm.shell.transition.RemoteTransitionHandler@83e1efb
04-07 21:14:53.429  2170  2228 V WindowManagerShell: Transition doesn't have explicit remote, search filters for match for {id=87 t=OPEN f=0x0 trk=0 r=[0@Point(0, 0)] c=[{WCT{android.window.IWindowContainerToken$Stub$Proxy@677adf} m=TO_FRONT f=MOVE_TO_TOP leash=Surface(name=Task=13)/@0x12ce700 sb=Rect(0, 0 - 1200, 2670) eb=Rect(0, 0 - 1200, 2670) d=0 taskParent=-1},{WCT{android.window.IWindowContainerToken$Stub$Proxy@af9732c} m=TO_BACK f=NONE leash=Surface(name=Task=18)/@0x8808b39 sb=Rect(0, 0 - 1200, 2670) eb=Rect(0, 0 - 1200, 2670) d=0 taskParent=-1}]}
04-07 21:14:53.429  2170  2228 V WindowManagerShell:  Checking filter Pair{{types=[] flags=0x0] notFlags=0x100 checks=[{atype=home independent=true modes=[OPEN,TO_FRONT] flags=NONE mustBeTask=false order=TOP topActivity=ComponentInfo{com.android.launcher3/com.android.searchlauncher.SearchLauncher} launchCookie=null},{atype=standard independent=true modes=[CLOSE,TO_BACK] flags=NONE mustBeTask=false order=ANY topActivity=null launchCookie=null}]} RemoteTransition { remoteTransition = android.window.IRemoteTransition$Stub$Proxy@105db18, appThread = android.app.IApplicationThread$Stub$Proxy@4cfc971, debugName = QuickstepLaunchHome }}
04-07 21:14:53.429  2170  2228 V WindowManagerShell:  Delegate animation for (#87) to null
04-07 21:14:53.429  2170  2228 V WindowManagerShell:  try handler com.android.wm.shell.transition.DefaultTransitionHandler@a3f6356
04-07 21:14:53.429  2170  2228 V WindowManagerShell: start default transition animation, info = {id=87 t=OPEN f=0x0 trk=0 r=[0@Point(0, 0)] c=[{WCT{android.window.IWindowContainerToken$Stub$Proxy@677adf} m=TO_FRONT f=MOVE_TO_TOP leash=Surface(name=Task=13)/@0x12ce700 sb=Rect(0, 0 - 1200, 2670) eb=Rect(0, 0 - 1200, 2670) d=0 taskParent=-1},{WCT{android.window.IWindowContainerToken$Stub$Proxy@af9732c} m=TO_BACK f=NONE leash=Surface(name=Task=18)/@0x8808b39 sb=Rect(0, 0 - 1200, 2670) eb=Rect(0, 0 - 1200, 2670) d=0 taskParent=-1}]}
04-07 21:14:53.429  2170  2228 V WindowManagerShell: loadAnimation: anim=android.view.animation.AnimationSet@d55a1f5 animAttr=0x9 type=OPEN isEntrance=false
04-07 21:14:53.429  2170  2228 V WindowManagerShell: loadAnimation: anim=android.view.animation.AnimationSet@d4ccb8a animAttr=0x8 type=OPEN isEntrance=true
04-07 21:14:53.430  1256  2589 I BufferQueueDebug: [animation-background#1125](this:0xb400007a899f7750,id:-1,api:0,p:-1,c:-1) BufferQueue core=(1256:/system/bin/surfaceflinger)
04-07 21:14:53.431  2170  2228 V WindowManagerShell:  animated by com.android.wm.shell.transition.DefaultTransitionHandler@a3f6356
04-07 21:14:53.432  1256  2589 I SurfaceFlinger: onHandleDestroyed: name=Surface(name=843c946 NavigationBar0)/@0xa941112 - animation-leash of insets_animation#1113, layerId=1113, parentId=0
04-07 21:14:53.432  1256  1361 I SurfaceFlinger: onHandleDestroyed: name=Surface(name=78626c0 StatusBar)/@0x11e2c5e - animation-leash of insets_animation#1114, layerId=1114, parentId=0
04-07 21:14:53.437  1800  1818 V WindowManager: Sent Transition (#87) createdAt=04-07 21:14:53.381 via request=TransitionRequestInfo { type = OPEN, triggerTask = TaskInfo{userId=0 taskId=13 displayId=0 isRunning=true baseIntent=Intent { act=android.intent.action.MAIN cat=[android.intent.category.LAUNCHER] flg=0x10200000 cmp=host.exp.exponent/.experience.HomeActivity } baseActivity=ComponentInfo{host.exp.exponent/host.exp.exponent.experience.HomeActivity} topActivity=ComponentInfo{host.exp.exponent/host.exp.exponent.experience.HomeActivity} origActivity=null realActivity=ComponentInfo{host.exp.exponent/host.exp.exponent.experience.HomeActivity} numActivities=1 lastActiveTime=846236 supportsMultiWindow=true resizeMode=1 isResizeable=true minWidth=-1 minHeight=-1 defaultMinSize=220 token=WCT{RemoteToken{2bf9ad4 Task{1860949 #13 type=standard A=10213:host.exp.exponent}}} topActivityType=1 pictureInPictureParams=null shouldDockBigOverlays=false launchIntoPipHostTaskId=-1 lastParentTaskIdBeforePip=-1 displayCutoutSafeInsets=Rect(0, 78 - 0, 0) topActivityInfo=ActivityInfo{b9b47d host.exp.exponent.experience.HomeActivity} launchCookies=[] positionInParent=Point(0, 0) parentTaskId=-1 isFocused=false isVisible=false isVisibleRequested=false isSleeping=false locusId=null displayAreaFeatureId=1 isTopActivityTransparent=false appCompatTaskInfo=AppCompatTaskInfo { topActivityInSizeCompat=false topActivityEligibleForLetterboxEducation= falseisLetterboxEducationEnabled= false isLetterboxDoubleTapEnabled= false topActivityEligibleForUserAspectRatioButton= false topActivityBoundsLetterboxed= false isFromLetterboxDoubleTap= false topActivityLetterboxVerticalPosition= -1 topActivityLetterboxHorizontalPosition= -1 topActivityLetterboxWidth=1200 topActivityLetterboxHeight=2670 isUserFullscreenOverrideEnabled=false isSystemFullscreenOverrideEnabled=false cameraCompatTaskInfo=CameraCompatTaskInfo { cameraCompatControlState=hidden freeformCameraCompatMode=inactive}}}, pipTask = null, remoteTransition = null, displayChange = null, flags = 0, debugId = 87 }
04-07 21:14:53.437  1800  1818 V WindowManager:     startWCT=WindowContainerTransaction { changes = {} hops = [] errorCallbackToken=null taskFragmentOrganizer=null }
04-07 21:14:53.438  1800  1818 V WindowManager:     info={id=87 t=OPEN f=0x0 trk=0 r=[0@Point(0, 0)] c=[
04-07 21:14:53.438  1800  1818 V WindowManager:         {WCT{RemoteToken{2bf9ad4 Task{1860949 #13 type=standard A=10213:host.exp.exponent}}} m=TO_FRONT f=MOVE_TO_TOP leash=Surface(name=Task=13)/@0xe746428 sb=Rect(0, 0 - 1200, 2670) eb=Rect(0, 0 - 1200, 2670) d=0 taskParent=-1},
04-07 21:14:53.438  1800  1818 V WindowManager:         {WCT{RemoteToken{c57e73b Task{21ed637 #18 type=standard A=10213:host.exp.exponent}}} m=TO_BACK f=NONE leash=Surface(name=Task=18)/@0x78afbe sb=Rect(0, 0 - 1200, 2670) eb=Rect(0, 0 - 1200, 2670) d=0 taskParent=-1}
04-07 21:14:53.438  1800  1818 V WindowManager:     ]}
04-07 21:14:53.441  1256  1256 I BufferQueueDebug: [Surface(name=843c946 NavigationBar0)/@0xa941112 - animation-leash of insets_animation#1113](this:0xb400007a89824710,id:-1,api:0,p:-1,c:1256) onDestructor()
04-07 21:14:53.441  1800  2424 I PowerHalWrapper: amsBoostStop AMS_BOOST_PACK_SWITCH:false, AMS_BOOST_ACT_SWITCH:true, AMS_BOOST_PROCESS_CREATE:false, AMS_BOOST_PROCESS_CREATE_FOR_GAME:false, AMS_BOOST_HOT_LAUNCH:false 
04-07 21:14:53.441  1256  1256 I BufferQueueDebug: [Surface(name=78626c0 StatusBar)/@0x11e2c5e - animation-leash of insets_animation#1114](this:0xb400007a89a00000,id:-1,api:0,p:-1,c:1256) onDestructor()
04-07 21:14:53.441  1245  1266 I libPowerHal: [mtkPowerHint] hint:23, hold:0, ext:30, ext_hold:500
04-07 21:14:53.442  1256  1673 I BufferQueueDebug: [48b2c6d ActivityRecordInputSink host.exp.exponent/.experience.HomeActivity#1126](this:0xb400007a899663a0,id:-1,api:0,p:-1,c:-1) BufferQueue core=(1256:/system/bin/surfaceflinger)
04-07 21:14:53.442  1245  1319 I libPowerHal: [perfLockRel] hdl:868, idx:0
04-07 21:14:53.442  1245  1319 I libPowerHal: [setClusterFreq]  set cpu_ctrl cpufreq: -1 -1 -1 -1 
04-07 21:14:53.442  1245  1319 I libPowerHal: [PD] MTKPOWER_HINT_ACT_SWITCH update cmd:1408300 param:0
04-07 21:14:53.442  1800  1822 D SurfaceComposerClient: Transaction::apply InputWindowCommands.focusRequests timestamp=956740087056, windowName=a11e549 host.exp.exponent/host.exp.exponent.experience.HomeActivity
04-07 21:14:53.443  1245  1319 I libPowerHal: [PD] MTKPOWER_HINT_ACT_SWITCH update cmd:1000000 param:-1
04-07 21:14:53.444  2789 14828 D AdvertisingIdClient: AdvertisingIdClient already created.
04-07 21:14:53.444  2789 14828 D AdvertisingIdClient: AdvertisingIdClient is not bounded. Starting to bind it...
04-07 21:14:53.444  1245  1319 I libPowerHal: [perfLockAcq] idx:1 hdl:869 hint:30 pid:1245 tid:1245 duration:500 lock_user:vendor.mediatek => ret_hdl:869
04-07 21:14:53.444  1256  1673 I BufferQueueDebug: [Surface(name=a11e549 host.exp.exponent/host.exp.exponent.experience.HomeActivity)/@0x167bae0 - animation-leash of starting_reveal#1127](this:0xb400007a8995daf0,id:-1,api:0,p:-1,c:-1) BufferQueue core=(1256:/system/bin/surfaceflinger)
04-07 21:14:53.444  1245  1319 I libPowerHal: [PE] MTKPOWER_HINT_EXT_LAUNCH update cmd:1408300, param:40
04-07 21:14:53.444  1245  1319 I libPowerHal: [setDvfsrcDevFreqOpp] opp:2, freq:4212000000
04-07 21:14:53.444  1245  1319 I libPowerHal: [PE] MTKPOWER_HINT_EXT_LAUNCH update cmd:1000000 param:2
04-07 21:14:53.447  1800  1873 W UserManagerService: Requested status bar icon for non-badged user 0
04-07 21:14:53.449  1256  1256 I BufferQueueProducer: [StatusBar#90](this:0xb400007a899aa920,id:-1,api:0,p:-1,c:1256) queueBuffer: fps=0.04 dur=54079.85 max=53398.73 min=681.12
04-07 21:14:53.449  1256  1256 D SurfaceFlinger: Focus addInputWindowCommands timestamp=956740087056, windowName=a11e549 host.exp.exponent/host.exp.exponent.experience.HomeActivity
04-07 21:14:53.451  1256  1648 D SurfaceFlinger: updateWinowInfo=1, setFocusedWindow timestamp=956740087056, windowName=a11e549 host.exp.exponent/host.exp.exponent.experience.HomeActivity
04-07 21:14:53.452  2789 14828 D AdvertisingIdClient: AdvertisingIdClient is bounded
04-07 21:14:53.453  2789 14828 I AdvertisingIdClient: shouldSendLog 59129
04-07 21:14:53.454  2789 14828 I AdvertisingIdClient: GetInfoInternal elapse 10ms
04-07 21:14:53.460  2522  2522 D BoundBrokerSvc: onRebind: Intent { act=com.google.android.gms.presencemanager.service.START dat=chimera-action:/... cmp=com.google.android.gms/.chimera.PersistentApiService }
04-07 21:14:53.461  2522  2522 D BoundBrokerSvc: onRebind: Intent { act=com.google.android.gms.presencemanager.service.INTERNAL_IDENTITY dat=chimera-action:/... cmp=com.google.android.gms/.chimera.PersistentApiService }
04-07 21:14:53.466  1800  1919 I ImeTracker: host.exp.exponent:a3ce151b: onRequestHide at ORIGIN_SERVER reason HIDE_UNSPECIFIED_WINDOW fromUser false
04-07 21:14:53.466  1800  1919 I ImeTracker: host.exp.exponent:a3ce151b: onCancelled at PHASE_SERVER_SHOULD_HIDE
04-07 21:14:53.469  3040  3040 I GoogleInputMethodService: GoogleInputMethodService.onFinishInput():2114 
04-07 21:14:53.470  3040  3040 I Module  : DeviceLockedStatusModuleProvider$Module.updateDeviceLockedStatus():103 repeatCheckTimes = 0, locked = false
04-07 21:14:53.470  1256  2589 I BufferQueueDebug: [Surface(name=3e71028 InputMethod)/@0xbd0ccbe - animation-leash of insets_animation#1128](this:0xb400007a89a00000,id:-1,api:0,p:-1,c:-1) BufferQueue core=(1256:/system/bin/surfaceflinger)
04-07 21:14:53.471  3040  3040 I GoogleInputMethodService: GoogleInputMethodService.onStartInput():1385 onStartInput(EditorInfo{EditorInfo{packageName=host.exp.exponent, inputType=0, inputTypeString=NULL, enableLearning=false, autoCorrection=false, autoComplete=false, imeOptions=0, privateImeOptions=null, actionName=UNSPECIFIED, actionLabel=null, initialSelStart=-1, initialSelEnd=-1, initialCapsMode=0, label=null, fieldId=0, fieldName=null, extras=null, hintText=null, hintLocales=[]}}, false)
04-07 21:14:53.471  3040  3040 I AndroidIME: LatinIMEBase.updateInputViewCoverNavigation():314 Update input view padding, extendsTouchBelowSpace=false, bottom inset=144
04-07 21:14:53.472  3040  3040 I Module  : DeviceLockedStatusModuleProvider$Module.updateDeviceLockedStatus():103 repeatCheckTimes = 1, locked = false
04-07 21:14:53.474  1800  1870 W PackageConfigPersister: App-specific configuration not found for packageName: host.exp.exponent and userId: 0
04-07 21:14:53.486  2030  2035 D WifiHAL : WifiRequest::create vendor command to iface 36, vendor_id=0x1a11, subcmd=0x1200, res=0
04-07 21:14:53.491  1256  1256 I SurfaceFlinger: onHandleDestroyed: name=Surface(name=3e71028 InputMethod)/@0xbd0ccbe - animation-leash of insets_animation#1117, layerId=1117, parentId=0
04-07 21:14:53.499  1256  1256 I BufferQueueDebug: [Surface(name=3e71028 InputMethod)/@0xbd0ccbe - animation-leash of insets_animation#1117](this:0xb400007a899f1c30,id:-1,api:0,p:-1,c:1256) onDestructor()
04-07 21:14:53.500  2030  2035 D WifiHAL : WifiCommand::requestResponse: receive
04-07 21:14:53.500  2030  2035 I WifiHAL : LLS RSP: data=0xb4000075f5b78660, len=4436
04-07 21:14:53.500  2030  2035 I WifiHAL : LLS check_data_sanity: 1821: current_radio_stat->num_channels=42
04-07 21:14:53.500  2030  2035 I WifiHAL : LLS check_data_sanity: 1821: current_radio_stat->num_channels=12
04-07 21:14:53.500  2030  2035 I WifiHAL : LLS check_data_sanity: confirmed_size=4436, len=4436
04-07 21:14:53.507  2030  2035 D WifiHAL : WifiRequest::create vendor command to iface 36, vendor_id=0x1a11, subcmd=0x0002, res=0
04-07 21:14:53.507  2030  2035 D WifiHAL : WifiCommand::requestResponse: receive
04-07 21:14:53.507  2030  2035 I WifiHAL : feature_set=0x8489341a
04-07 21:14:53.533  1800  2090 W ActivityTaskManager: callingPackage for (uid=2000, pid=14832) has no WPC
04-07 21:14:53.534  1800  2090 W OptProp : Cannot read opt property android.window.PROPERTY_COMPAT_ALLOW_ORIENTATION_OVERRIDE
04-07 21:14:53.534  1800  2090 V GrammaticalInflectionUtils: AttributionSource: android.content.AttributionSource@19cd80a4 does not have READ_SYSTEM_GRAMMATICAL_GENDER permission.
04-07 21:14:53.534  1800  2090 W OptProp : Cannot read opt property android.window.PROPERTY_COMPAT_ALLOW_RESIZEABLE_ACTIVITY_OVERRIDES
04-07 21:14:53.534  1800  2090 W OptProp : Cannot read opt property android.window.PROPERTY_COMPAT_ALLOW_MIN_ASPECT_RATIO_OVERRIDE
04-07 21:14:53.535  1256  1673 I BufferQueueDebug: [ActivityRecord{bc8cf88 u0 host.exp.exponent/.LauncherActivity#1129](this:0xb400007a899e0ad0,id:-1,api:0,p:-1,c:-1) BufferQueue core=(1256:/system/bin/surfaceflinger)
04-07 21:14:53.536  1245  1266 I mtkpower@impl: [setMode] type:5, enabled:1
04-07 21:14:53.536  1800  2090 I PowerHalWrapper: amsBoostNotify pid:12712,activity:host.exp.exponent.experience.HomeActivity, package:host.exp.exponent, mProcessCreatePackhost.exp.exponent 
04-07 21:14:53.536  1800  2090 I PowerHalWrapper: state: 0 
04-07 21:14:53.537  1800  2090 I ScnModule: [GameDetection] packname: host.exp.exponent, apkSize: 314590746. 
04-07 21:14:53.537  1800  2090 I mtkpower_client: [PowerHal_Wrap_notifyAppState] host.exp.exponent/host.exp.exponent.experience.HomeActivity pid=12712 activityId:1659042 state:0
04-07 21:14:53.537  1237  1237 I IPCThreadState: oneway function results for code 2 on binder at 0xb400007b36027170 will be dropped but finished with status UNKNOWN_TRANSACTION
04-07 21:14:53.537  1237  1237 I vendor.mediatek.hardware.mtkpower_applist-service.mediatek: packName: host.exp.exponent actName: host.exp.exponent.experience.HomeActivity pid: 12712 uid: 10213 state: 0
04-07 21:14:53.537  1237  1237 I MTK_APPList: [notifyAPPstate] host.exp.exponent/host.exp.exponent.experience.HomeActivity, pid=12712, uid=10213, state:PAUSED, fps:-1, win:0
04-07 21:14:53.537  1237  1237 I MTK_APPList: [notifyAPPstate] multi_resumed_app_count: 0
04-07 21:14:53.537  1245  1319 I libPowerHal: [perfLockAcq] idx:0 hdl:870 hint:68 pid:1245 tid:1245 duration:30000 lock_user:vendor.mediatek => ret_hdl:870
04-07 21:14:53.537  1237  1237 I MTK_APPList: [getForegroundAPPCount] 1
04-07 21:14:53.537  1237  1237 I MTK_APPList: [notifyNetdUID] 10213
04-07 21:14:53.537  1245  1319 I libPowerHal: [setClusterFreq] LAUNCH set cpufreq[0] min:2000000 max:-1 cpufreq[1] min:2500000 max:-1 
04-07 21:14:53.538  1245  1319 I libPowerHal: [setClusterFreq]  set cpu_ctrl cpufreq: 2000000 -1 2500000 -1 
04-07 21:14:53.538  1245  1319 I libPowerHal: [PE] LAUNCH update cmd:1408300, param:100
04-07 21:14:53.539  1245  1319 I libPowerHal: [PE] LAUNCH update cmd:300c000, param:15
04-07 21:14:53.539  1800  2090 I PowerHalWrapper: amsBoostNotify AMS_BOOST_PROCESS_CREATE_BOOST:false 
04-07 21:14:53.539  1245  1319 I libPowerHal: [setDvfsrcDevFreqOpp] opp:1, freq:5460000000
04-07 21:14:53.539  1245  1319 I libPowerHal: [PE] LAUNCH update cmd:1000000 param:1
04-07 21:14:53.539  1800  2090 I PowerHalWrapper: <amsBoostResume> last:host.exp.exponent, next:host.exp.exponenthasATProcess:false 
04-07 21:14:53.539  1800  2090 I PowerHalWrapper:  mIsColdLaunch :false 
04-07 21:14:53.540  1237  1237 I MTK_APPList: [notifyPID] 12712
04-07 21:14:53.540  1800  2090 I ActivityTaskManager: START u0 {act=android.intent.action.VIEW dat=exp://192.168.1.175:8081/... flg=0x10000000 cmp=host.exp.exponent/.LauncherActivity} with LAUNCH_SINGLE_TASK from uid 2000 (BAL_ALLOW_PERMISSION) result code=0
04-07 21:14:53.540  1245  1319 I libPowerHal: [perfLockRel] hdl:869, idx:1
04-07 21:14:53.541  2170  2228 V WindowManagerShell: Transition requested (#88): android.os.BinderProxy@9cad9cf TransitionRequestInfo { type = OPEN, triggerTask = TaskInfo{userId=0 taskId=13 displayId=0 isRunning=true baseIntent=Intent { act=android.intent.action.MAIN cat=[android.intent.category.LAUNCHER] flg=0x10200000 cmp=host.exp.exponent/.experience.HomeActivity } baseActivity=ComponentInfo{host.exp.exponent/host.exp.exponent.experience.HomeActivity} topActivity=ComponentInfo{host.exp.exponent/host.exp.exponent.LauncherActivity} origActivity=null realActivity=ComponentInfo{host.exp.exponent/host.exp.exponent.experience.HomeActivity} numActivities=2 lastActiveTime=956839 supportsMultiWindow=true resizeMode=1 isResizeable=true minWidth=-1 minHeight=-1 defaultMinSize=220 token=WCT{android.window.IWindowContainerToken$Stub$Proxy@ed5ff5c} topActivityType=1 pictureInPictureParams=null shouldDockBigOverlays=false launchIntoPipHostTaskId=-1 lastParentTaskIdBeforePip=-1 displayCutoutSafeInsets=Rect(0, 78 - 0, 0) topActivityInfo=ActivityInfo{213f265 host.exp.exponent.LauncherActivity} launchCookies=[] positionInParent=Point(0, 0) parentTaskId=-1 isFocused=true isVisible=true isVisibleRequested=true isSleeping=false locusId=null displayAreaFeatureId=1 isTopActivityTransparent=true appCompatTaskInfo=AppCompatTaskInfo { topActivityInSizeCompat=false topActivityEligibleForLetterboxEducation= falseisLetterboxEducationEnabled= false isLetterboxDoubleTapEnabled= false topActivityEligibleForUserAspectRatioButton= false topActivityBoundsLetterboxed= false isFromLetterboxDoubleTap= false topActivityLetterboxVerticalPosition= -1 topActivityLetterboxHorizontalPosition= -1 topActivityLetterboxWidth=1200 topActivityLetterboxHeight=2670 isUserFullscreenOverrideEnabled=false isSystemFullscreenOverrideEnabled=false cameraCompatTaskInfo=CameraCompatTaskInfo { cameraCompatControlState=hidden freeformCameraCompatMode=inactive}}}, pipTask = null, remoteTransition = null, displayChange = null, flags = 0, debugId = 88 }
04-07 21:14:53.541  1245  1319 I libPowerHal: [perfSetSysInfo] pid type:24, 12712
04-07 21:14:53.543  1245  1319 I libPowerHal: [perfLockAcq] idx:1 hdl:871 hint:23 pid:1245 tid:1245 duration:10000 lock_user:vendor.mediatek => ret_hdl:871
04-07 21:14:53.544  1245  1319 I libPowerHal: [setClusterFreq] MTKPOWER_HINT_ACT_SWITCH set cpufreq[0] min:2000000 max:-1 cpufreq[1] min:2500000 max:-1 
04-07 21:14:53.545  1800  2090 W WindowManager: Changing focus from Window{a11e549 u0 host.exp.exponent/host.exp.exponent.experience.HomeActivity} to null displayId=0 Callers=com.android.server.wm.RootWindowContainer.updateFocusedWindowLocked:468 com.android.server.wm.WindowManagerService.updateFocusedWindowLocked:6623 com.android.server.wm.ActivityTaskManagerService.setLastResumedActivityUncheckLocked:5047 com.android.server.wm.ActivityTaskSupervisor.updateTopResumedActivityIfNeeded:2326 
04-07 21:14:53.546  1256  1673 I BufferQueueDebug: [Surface(name=843c946 NavigationBar0)/@0xa941112 - animation-leash of insets_animation#1130](this:0xb400007a899d2700,id:-1,api:0,p:-1,c:-1) BufferQueue core=(1256:/system/bin/surfaceflinger)
04-07 21:14:53.546  1256  1361 I BufferQueueDebug: [Surface(name=78626c0 StatusBar)/@0x11e2c5e - animation-leash of insets_animation#1131](this:0xb400007a899f1c30,id:-1,api:0,p:-1,c:-1) BufferQueue core=(1256:/system/bin/surfaceflinger)
04-07 21:14:53.547  1800  2090 I PowerHalWrapper: amsBoostNotify pid:12712,activity:host.exp.exponent.LauncherActivity, package:host.exp.exponent, mProcessCreatePackhost.exp.exponent 
04-07 21:14:53.547  1800  2090 I PowerHalWrapper: state: 1 
04-07 21:14:53.547  1800  2090 I ScnModule: [GameDetection] packname: host.exp.exponent, apkSize: 314590746. 
04-07 21:14:53.547  1800  2090 I mtkpower_client: [PowerHal_Wrap_notifyAppState] host.exp.exponent/host.exp.exponent.LauncherActivity pid=12712 activityId:197709704 state:1
04-07 21:14:53.548  1237  1237 I IPCThreadState: oneway function results for code 2 on binder at 0xb400007b36027170 will be dropped but finished with status UNKNOWN_TRANSACTION
04-07 21:14:53.548  1237  1237 I vendor.mediatek.hardware.mtkpower_applist-service.mediatek: packName: host.exp.exponent actName: host.exp.exponent.LauncherActivity pid: 12712 uid: 10213 state: 1
04-07 21:14:53.548  1237  1237 I MTK_APPList: [notifyAPPstate] host.exp.exponent/host.exp.exponent.LauncherActivity, pid=12712, uid=10213, state:RESUMED, fps:-1, win:0
04-07 21:14:53.548  1237  1237 I MTK_APPList: [notifyAPPstate] multi_resumed_app_count: 1
04-07 21:14:53.548  1237  1237 I MTK_APPList: [notifyAPPstate] multi_resumed_app_info[0] host.exp.exponent/host.exp.exponent.LauncherActivity, pid:12712, fps:-1, isMultiWindow:0
04-07 21:14:53.548  1237  1237 I MTK_APPList: [getForegroundAPPCount] 1
04-07 21:14:53.548  1237  1237 I MTK_APPList: [notifyAPPstate] foreground:host.exp.exponent, pid:12712, uid:10213
04-07 21:14:53.548  1237  1237 I MTK_APPList: [notifyNetdUID] 10213
04-07 21:14:53.549  1800  2090 I PowerHalWrapper: amsBoostNotify AMS_BOOST_PROCESS_CREATE_BOOST:false 
04-07 21:14:53.549  1237  1237 I MTK_APPList: [notifyPID] 12712
04-07 21:14:53.549  1245  1319 I libPowerHal: [perfSetSysInfo] pid type:24, 12712
04-07 21:14:53.550  1237  1237 I MTK_APPList: [notifyAPPstate] act host.exp.exponent.experience.HomeActivity => host.exp.exponent.LauncherActivity
04-07 21:14:53.553  1800  1822 D SurfaceComposerClient: Transaction::apply InputWindowCommands.focusRequests timestamp=956854292364, windowName=<null>
04-07 21:14:53.557  1256  1256 D SurfaceFlinger: Focus addInputWindowCommands timestamp=956854292364, windowName=<null>
04-07 21:14:53.558  1800  2090 W ActivityTaskManager: callingPackage for (uid=-1, pid=-1) has no WPC
04-07 21:14:53.558  1800  2090 W ActivityTaskManager: callingPackage for (uid=-1, pid=-1) has no WPC
04-07 21:14:53.559  1256  1648 D SurfaceFlinger: updateWinowInfo=1, setFocusedWindow timestamp=956854292364, windowName=<null>
04-07 21:14:53.559  1800  2090 I PowerHalWrapper: amsBoostNotify pid:12712,activity:host.exp.exponent.LauncherActivity, package:host.exp.exponent, mProcessCreatePackhost.exp.exponent 
04-07 21:14:53.559  1800  2090 I PowerHalWrapper: state: 0 
04-07 21:14:53.559  1800  2090 I ScnModule: [GameDetection] packname: host.exp.exponent, apkSize: 314590746. 
04-07 21:14:53.559  1800  2090 I mtkpower_client: [PowerHal_Wrap_notifyAppState] host.exp.exponent/host.exp.exponent.LauncherActivity pid=12712 activityId:197709704 state:0
04-07 21:14:53.559  1237  1237 I IPCThreadState: oneway function results for code 2 on binder at 0xb400007b36027170 will be dropped but finished with status UNKNOWN_TRANSACTION
04-07 21:14:53.559  1237  1237 I vendor.mediatek.hardware.mtkpower_applist-service.mediatek: packName: host.exp.exponent actName: host.exp.exponent.LauncherActivity pid: 12712 uid: 10213 state: 0
04-07 21:14:53.559  1237  1237 I MTK_APPList: [notifyAPPstate] host.exp.exponent/host.exp.exponent.LauncherActivity, pid=12712, uid=10213, state:PAUSED, fps:-1, win:0
04-07 21:14:53.559  1237  1237 I MTK_APPList: [notifyAPPstate] multi_resumed_app_count: 0
04-07 21:14:53.559  1237  1237 I MTK_APPList: [getForegroundAPPCount] 1
04-07 21:14:53.559  1237  1237 I MTK_APPList: [notifyNetdUID] 10213
04-07 21:14:53.560  1800  2090 I PowerHalWrapper: amsBoostNotify AMS_BOOST_PROCESS_CREATE_BOOST:false 
04-07 21:14:53.560  1800  2090 I PowerHalWrapper: <amsBoostResume> last:null, next:host.exp.exponenthasATProcess:true 
04-07 21:14:53.560  1237  1237 I MTK_APPList: [notifyPID] 12712
04-07 21:14:53.561  1256  1673 I BufferQueueDebug: [Surface(name=843c946 NavigationBar0)/@0xa941112 - animation-leash of insets_animation#1132](this:0xb400007a899d8220,id:-1,api:0,p:-1,c:-1) BufferQueue core=(1256:/system/bin/surfaceflinger)
04-07 21:14:53.562  1245  1319 I libPowerHal: [perfSetSysInfo] pid type:24, 12712
04-07 21:14:53.562  1256  1673 I BufferQueueDebug: [Surface(name=78626c0 StatusBar)/@0x11e2c5e - animation-leash of insets_animation#1133](this:0xb400007a899ddd40,id:-1,api:0,p:-1,c:-1) BufferQueue core=(1256:/system/bin/surfaceflinger)
04-07 21:14:53.562  1245  1319 I libPowerHal: [perfLockAcq] idx:2 hdl:872 hint:22 pid:1245 tid:1245 duration:10000 lock_user:vendor.mediatek => ret_hdl:872
04-07 21:14:53.562  1245  1319 I libPowerHal: [setClusterFreq] MTKPOWER_HINT_PACK_SWITCH set cpufreq[0] min:2000000 max:-1 cpufreq[1] min:2500000 max:-1 
04-07 21:14:53.563  1245  1319 I libPowerHal: [perfLockRel] hdl:865, idx:-1
04-07 21:14:53.566  2390  2390 I TopTaskTracker: onTaskMovedToFront: (moved taskInfo to front) taskId=18, baseIntent=Intent { flg=0x1c080000 cmp=host.exp.exponent/.experience.ExperienceActivity }
04-07 21:14:53.566  2170  2228 D WindowManagerShell: onActivityRestartAttempt: ComponentInfo{host.exp.exponent/host.exp.exponent.experience.ErrorActivity}
04-07 21:14:53.566 12712 12712 D ActivityThread: handleResumeActivity#3 r.window=nulla.mFinished = falsewillBeVisible = true
04-07 21:14:53.566 12712 12712 D ActivityThread: handleResumeActivity#4 addView a.mVisibleFromClient=truea.mWindowAdded=falsedecor=DecorView@8f59245[]
04-07 21:14:53.566 12712 12712 D ActivityThread: handleResumeActivity#5 addView decor=DecorView@8f59245[]
04-07 21:14:53.567  1256  1673 D SurfaceFlinger: [SF client] NEW(0xb400007be9846510) for (12712:host.exp.exponent)
04-07 21:14:53.568 12712 12712 D VRI[LauncherActivity]: hardware acceleration = true, forceHwAccelerated = false
04-07 21:14:53.569  1256  2753 I BufferQueueDebug: [9e16815 host.exp.exponent/host.exp.exponent.LauncherActivity#1134](this:0xb400007a899ec110,id:-1,api:0,p:-1,c:-1) BufferQueue core=(1256:/system/bin/surfaceflinger)
04-07 21:14:53.570 12712 12712 D InputEventReceiver: Input log is disabled in InputEventReceiver.
04-07 21:14:53.572  1256  1361 I BufferQueueDebug: [host.exp.exponent/host.exp.exponent.LauncherActivity#1135](this:0xb400007a89824710,id:-1,api:0,p:-1,c:-1) BufferQueue core=(1256:/system/bin/surfaceflinger)
04-07 21:14:53.576  1800  1873 W WindowManager: Changing focus from null to Window{9e16815 u0 host.exp.exponent/host.exp.exponent.LauncherActivity} displayId=0 Callers=com.android.server.wm.RootWindowContainer.updateFocusedWindowLocked:468 com.android.server.wm.WindowManagerService.updateFocusedWindowLocked:6623 com.android.server.wm.WindowManagerService.relayoutWindowInner:2691 com.android.server.wm.WindowManagerService.relayoutWindow:2361 
04-07 21:14:53.576  1256  1361 I BufferQueueDebug: [Surface(name=843c946 NavigationBar0)/@0xa941112 - animation-leash of insets_animation#1136](this:0xb400007a899e65f0,id:-1,api:0,p:-1,c:-1) BufferQueue core=(1256:/system/bin/surfaceflinger)
04-07 21:14:53.577  1256  1361 I BufferQueueDebug: [Surface(name=78626c0 StatusBar)/@0x11e2c5e - animation-leash of insets_animation#1137](this:0xb400007a899c70c0,id:-1,api:0,p:-1,c:-1) BufferQueue core=(1256:/system/bin/surfaceflinger)
04-07 21:14:53.577  1800  1873 I WindowManager: Relayout Window{9e16815 u0 host.exp.exponent/host.exp.exponent.LauncherActivity}: oldVis=4 newVis=0 focusMayChange = true requestedWidth = 1200 requestedHeight = 2670 outFrames = ClientWindowFrames{frame=[0,0][1200,2670] display=[0,0][1200,2670] parentFrame=[0,0][0,0]} outSurfaceControl = Surface(name=host.exp.exponent/host.exp.exponent.LauncherActivity)/@0x82c3a64
04-07 21:14:53.578 12712 12712 D BufferQueueConsumer: [](id:31a80000002e,api:0,p:-1,c:12712) connect: controlledByApp=false
04-07 21:14:53.578 12712 12712 D BLASTBufferQueue: [VRI[LauncherActivity]#44](f:0,a:0) constructor()
04-07 21:14:53.578 12712 12712 D BLASTBufferQueue: [VRI[LauncherActivity]#44](f:0,a:0) update width=1200 height=2670 format=-2 mTransformHint=0
04-07 21:14:53.579  1256  1361 I SurfaceFlinger: onHandleDestroyed: name=Surface(name=843c946 NavigationBar0)/@0xa941112 - animation-leash of insets_animation#1130, layerId=1130, parentId=0
04-07 21:14:53.579  1256  1361 I SurfaceFlinger: onHandleDestroyed: name=Surface(name=78626c0 StatusBar)/@0x11e2c5e - animation-leash of insets_animation#1131, layerId=1131, parentId=0
04-07 21:14:53.580  1800  1870 D CoreBackPreview: Window{9e16815 u0 host.exp.exponent/host.exp.exponent.LauncherActivity}: Setting back callback OnBackInvokedCallbackInfo{mCallback=android.window.IOnBackInvokedCallback$Stub$Proxy@bfee093, mPriority=0, mIsAnimationCallback=false}
04-07 21:14:53.581 12712 12799 D BLASTBufferQueue: [VRI[LauncherActivity]#44](f:0,a:1) acquireNextBufferLocked size=1200x2670 mFrameNumber=1 applyTransaction=true mTimestamp=956884086749(auto) mPendingTransactions.size=0 graphicBufferId=54597624267072 transform=0
04-07 21:14:53.582  1256  1256 I BufferQueueDebug: [Surface(name=843c946 NavigationBar0)/@0xa941112 - animation-leash of insets_animation#1130](this:0xb400007a899d2700,id:-1,api:0,p:-1,c:1256) onDestructor()
04-07 21:14:53.582  1256  1256 I BufferQueueDebug: [Surface(name=78626c0 StatusBar)/@0x11e2c5e - animation-leash of insets_animation#1131](this:0xb400007a899f1c30,id:-1,api:0,p:-1,c:1256) onDestructor()
04-07 21:14:53.582  1800  1822 D SurfaceComposerClient: Transaction::apply InputWindowCommands.focusRequests timestamp=956882114518, windowName=9e16815 host.exp.exponent/host.exp.exponent.LauncherActivity
04-07 21:14:53.584  1256  1673 I SurfaceFlinger: onHandleDestroyed: name=Surface(name=843c946 NavigationBar0)/@0xa941112 - animation-leash of insets_animation#1122, layerId=1122, parentId=0
04-07 21:14:53.584  1256  1673 I SurfaceFlinger: onHandleDestroyed: name=Surface(name=78626c0 StatusBar)/@0x11e2c5e - animation-leash of insets_animation#1123, layerId=1123, parentId=0
04-07 21:14:53.585  1800  2090 W WindowManager: Changing focus from Window{9e16815 u0 host.exp.exponent/host.exp.exponent.LauncherActivity} to Window{b3111f7 u0 host.exp.exponent/host.exp.exponent.experience.ErrorActivity} displayId=0 Callers=com.android.server.wm.RootWindowContainer.updateFocusedWindowLocked:468 com.android.server.wm.WindowManagerService.updateFocusedWindowLocked:6623 com.android.server.wm.ActivityTaskManagerService.setLastResumedActivityUncheckLocked:5047 com.android.server.wm.ActivityTaskSupervisor.updateTopResumedActivityIfNeeded:2326 
04-07 21:14:53.586  1256  1361 I BufferQueueDebug: [Surface(name=843c946 NavigationBar0)/@0xa941112 - animation-leash of insets_animation#1138](this:0xb400007a89a4ce30,id:-1,api:0,p:-1,c:-1) BufferQueue core=(1256:/system/bin/surfaceflinger)
04-07 21:14:53.586  1256  1673 I BufferQueueDebug: [Surface(name=78626c0 StatusBar)/@0x11e2c5e - animation-leash of insets_animation#1139](this:0xb400007a89a47310,id:-1,api:0,p:-1,c:-1) BufferQueue core=(1256:/system/bin/surfaceflinger)
04-07 21:14:53.587  1800  2090 I PowerHalWrapper: amsBoostNotify pid:12712,activity:host.exp.exponent.experience.ErrorActivity, package:host.exp.exponent, mProcessCreatePackhost.exp.exponent 
04-07 21:14:53.587  1800  2090 I PowerHalWrapper: state: 1 
04-07 21:14:53.587  1800  2090 I ScnModule: [GameDetection] packname: host.exp.exponent, apkSize: 314590746. 
04-07 21:14:53.587  1800  2090 I mtkpower_client: [PowerHal_Wrap_notifyAppState] host.exp.exponent/host.exp.exponent.experience.ErrorActivity pid=12712 activityId:238477823 state:1
04-07 21:14:53.587  1237  1237 I IPCThreadState: oneway function results for code 2 on binder at 0xb400007b36027170 will be dropped but finished with status UNKNOWN_TRANSACTION
04-07 21:14:53.587  1237  1237 I vendor.mediatek.hardware.mtkpower_applist-service.mediatek: packName: host.exp.exponent actName: host.exp.exponent.experience.ErrorActivity pid: 12712 uid: 10213 state: 1
04-07 21:14:53.587  1237  1237 I MTK_APPList: [notifyAPPstate] host.exp.exponent/host.exp.exponent.experience.ErrorActivity, pid=12712, uid=10213, state:RESUMED, fps:-1, win:0
04-07 21:14:53.587  1237  1237 I MTK_APPList: [notifyAPPstate] multi_resumed_app_count: 1
04-07 21:14:53.587  1237  1237 I MTK_APPList: [notifyAPPstate] multi_resumed_app_info[0] host.exp.exponent/host.exp.exponent.experience.ErrorActivity, pid:12712, fps:-1, isMultiWindow:0
04-07 21:14:53.587  1237  1237 I MTK_APPList: [getForegroundAPPCount] 1
04-07 21:14:53.587  1237  1237 I MTK_APPList: [notifyAPPstate] foreground:host.exp.exponent, pid:12712, uid:10213
04-07 21:14:53.587  1237  1237 I MTK_APPList: [notifyNetdUID] 10213
04-07 21:14:53.588  1800  2090 I PowerHalWrapper: amsBoostNotify AMS_BOOST_PROCESS_CREATE_BOOST:false 
04-07 21:14:53.588  1237  1237 I MTK_APPList: [notifyPID] 12712
04-07 21:14:53.589  1245  1319 I libPowerHal: [perfSetSysInfo] pid type:24, 12712
04-07 21:14:53.589  1237  1237 I MTK_APPList: [notifyAPPstate] act host.exp.exponent.LauncherActivity => host.exp.exponent.experience.ErrorActivity
04-07 21:14:53.590  1256  1673 I BufferQueueDebug: [Transition Root: Task=18#1140](this:0xb400007a899d2700,id:-1,api:0,p:-1,c:-1) BufferQueue core=(1256:/system/bin/surfaceflinger)
04-07 21:14:53.590  1256  1256 D SurfaceFlinger: Focus addInputWindowCommands timestamp=956882114518, windowName=9e16815 host.exp.exponent/host.exp.exponent.LauncherActivity
04-07 21:14:53.590  1256  1256 I BufferQueueDebug: [Surface(name=843c946 NavigationBar0)/@0xa941112 - animation-leash of insets_animation#1122](this:0xb400007a899c15a0,id:-1,api:0,p:-1,c:1256) onDestructor()
04-07 21:14:53.590  1256  1256 I BufferQueueDebug: [Surface(name=78626c0 StatusBar)/@0x11e2c5e - animation-leash of insets_animation#1123](this:0xb400007a89a088b0,id:-1,api:0,p:-1,c:1256) onDestructor()
04-07 21:14:53.591  2170  2295 V WindowManagerShell: onTransitionReady(transaction=7730941137266)
04-07 21:14:53.592  2170  2228 V WindowManagerShell: onTransitionReady (#88) android.os.BinderProxy@9cad9cf: {id=88 t=OPEN f=0x0 trk=0 r=[0@Point(0, 0)] c=[{WCT{android.window.IWindowContainerToken$Stub$Proxy@cb233c7} m=TO_FRONT f=MOVE_TO_TOP leash=Surface(name=Task=18)/@0x71b548 sb=Rect(0, 0 - 1200, 2670) eb=Rect(0, 0 - 1200, 2670) d=0 taskParent=-1},{WCT{android.window.IWindowContainerToken$Stub$Proxy@690ddf4} m=TO_BACK f=NONE leash=Surface(name=Task=13)/@0x3564fe1 sb=Rect(0, 0 - 1200, 2670) eb=Rect(0, 0 - 1200, 2670) d=0 taskParent=-1}]}
04-07 21:14:53.592  2170  2228 V WindowManagerShell: Transition (#88) android.os.BinderProxy@9cad9cf@0 ready while (#87) android.os.BinderProxy@66b7da@0 is still animating. Notify the animating transition in case they can be merged
04-07 21:14:53.592  1256  1648 D SurfaceFlinger: updateWinowInfo=1, setFocusedWindow timestamp=956882114518, windowName=9e16815 host.exp.exponent/host.exp.exponent.LauncherActivity
04-07 21:14:53.593  2170  2228 V WindowManagerShell: Transition animation finished (aborted=false), notifying core (#87) android.os.BinderProxy@66b7da@0
04-07 21:14:53.598  1256  1256 I SurfaceFlinger: onHandleDestroyed: name=animation-background#1125, layerId=1125, parentId=0
04-07 21:14:53.599  1800  1818 V WindowManager: Sent Transition (#88) createdAt=04-07 21:14:53.534 via request=TransitionRequestInfo { type = OPEN, triggerTask = TaskInfo{userId=0 taskId=13 displayId=0 isRunning=true baseIntent=Intent { act=android.intent.action.MAIN cat=[android.intent.category.LAUNCHER] flg=0x10200000 cmp=host.exp.exponent/.experience.HomeActivity } baseActivity=ComponentInfo{host.exp.exponent/host.exp.exponent.experience.HomeActivity} topActivity=ComponentInfo{host.exp.exponent/host.exp.exponent.LauncherActivity} origActivity=null realActivity=ComponentInfo{host.exp.exponent/host.exp.exponent.experience.HomeActivity} numActivities=2 lastActiveTime=956839 supportsMultiWindow=true resizeMode=1 isResizeable=true minWidth=-1 minHeight=-1 defaultMinSize=220 token=WCT{RemoteToken{2bf9ad4 Task{1860949 #13 type=standard A=10213:host.exp.exponent}}} topActivityType=1 pictureInPictureParams=null shouldDockBigOverlays=false launchIntoPipHostTaskId=-1 lastParentTaskIdBeforePip=-1 displayCutoutSafeInsets=Rect(0, 78 - 0, 0) topActivityInfo=ActivityInfo{ce66eda host.exp.exponent.LauncherActivity} launchCookies=[] positionInParent=Point(0, 0) parentTaskId=-1 isFocused=true isVisible=true isVisibleRequested=true isSleeping=false locusId=null displayAreaFeatureId=1 isTopActivityTransparent=true appCompatTaskInfo=AppCompatTaskInfo { topActivityInSizeCompat=false topActivityEligibleForLetterboxEducation= falseisLetterboxEducationEnabled= false isLetterboxDoubleTapEnabled= false topActivityEligibleForUserAspectRatioButton= false topActivityBoundsLetterboxed= false isFromLetterboxDoubleTap= false topActivityLetterboxVerticalPosition= -1 topActivityLetterboxHorizontalPosition= -1 topActivityLetterboxWidth=1200 topActivityLetterboxHeight=2670 isUserFullscreenOverrideEnabled=false isSystemFullscreenOverrideEnabled=false cameraCompatTaskInfo=CameraCompatTaskInfo { cameraCompatControlState=hidden freeformCameraCompatMode=inactive}}}, pipTask = null, remoteTransition = null, displayChange = null, flags = 0, debugId = 88 }
04-07 21:14:53.599  1800  1818 V WindowManager:     startWCT=WindowContainerTransaction { changes = {} hops = [] errorCallbackToken=null taskFragmentOrganizer=null }
04-07 21:14:53.599  1800  1818 V WindowManager:     info={id=88 t=OPEN f=0x0 trk=0 r=[0@Point(0, 0)] c=[
04-07 21:14:53.599  1800  1818 V WindowManager:         {WCT{RemoteToken{c57e73b Task{21ed637 #18 type=standard A=10213:host.exp.exponent}}} m=TO_FRONT f=MOVE_TO_TOP leash=Surface(name=Task=18)/@0x78afbe sb=Rect(0, 0 - 1200, 2670) eb=Rect(0, 0 - 1200, 2670) d=0 taskParent=-1},
04-07 21:14:53.599  1800  1818 V WindowManager:         {WCT{RemoteToken{2bf9ad4 Task{1860949 #13 type=standard A=10213:host.exp.exponent}}} m=TO_BACK f=NONE leash=Surface(name=Task=13)/@0xe746428 sb=Rect(0, 0 - 1200, 2670) eb=Rect(0, 0 - 1200, 2670) d=0 taskParent=-1}
04-07 21:14:53.599  1800  1818 V WindowManager:     ]}
04-07 21:14:53.599  2170  2228 V WindowManagerShell: Playing animation for (#88) android.os.BinderProxy@9cad9cf@0
04-07 21:14:53.599  2170  2228 V WindowManagerShell:  try handler com.android.wm.shell.transition.DefaultMixedHandler@2f7597d
04-07 21:14:53.599  2170  2228 V WindowManagerShell:  try handler com.android.wm.shell.keyguard.KeyguardTransitionHandler@4436072
04-07 21:14:53.599  2170  2228 V WindowManagerShell:  try handler com.android.wm.shell.pip.PipTransition@bc123df
04-07 21:14:53.600  2170  2228 V WindowManagerShell:  try handler com.android.wm.shell.activityembedding.ActivityEmbeddingController@7a4682c
04-07 21:14:53.600  2170  2228 V WindowManagerShell:  try handler com.android.wm.shell.recents.RecentsTransitionHandler@6c5f2f5
04-07 21:14:53.600  2170  2228 V ShellRecents: RecentsTransitionHandler.startAnimation: no controller found
04-07 21:14:53.600  2170  2228 V WindowManagerShell:  try handler com.android.wm.shell.splitscreen.StageCoordinator@cd488a
04-07 21:14:53.600  2170  2228 V WindowManagerShell:  try handler com.android.wm.shell.transition.RemoteTransitionHandler@83e1efb
04-07 21:14:53.600  2170  2228 V WindowManagerShell: Transition doesn't have explicit remote, search filters for match for {id=88 t=OPEN f=0x0 trk=0 r=[0@Point(0, 0)] c=[{WCT{android.window.IWindowContainerToken$Stub$Proxy@cb233c7} m=TO_FRONT f=MOVE_TO_TOP leash=Surface(name=Task=18)/@0x71b548 sb=Rect(0, 0 - 1200, 2670) eb=Rect(0, 0 - 1200, 2670) d=0 taskParent=-1},{WCT{android.window.IWindowContainerToken$Stub$Proxy@690ddf4} m=TO_BACK f=NONE leash=Surface(name=Task=13)/@0x3564fe1 sb=Rect(0, 0 - 1200, 2670) eb=Rect(0, 0 - 1200, 2670) d=0 taskParent=-1}]}
04-07 21:14:53.600  2170  2228 V WindowManagerShell:  Checking filter Pair{{types=[] flags=0x0] notFlags=0x100 checks=[{atype=home independent=true modes=[OPEN,TO_FRONT] flags=NONE mustBeTask=false order=TOP topActivity=ComponentInfo{com.android.launcher3/com.android.searchlauncher.SearchLauncher} launchCookie=null},{atype=standard independent=true modes=[CLOSE,TO_BACK] flags=NONE mustBeTask=false order=ANY topActivity=null launchCookie=null}]} RemoteTransition { remoteTransition = android.window.IRemoteTransition$Stub$Proxy@105db18, appThread = android.app.IApplicationThread$Stub$Proxy@4cfc971, debugName = QuickstepLaunchHome }}
04-07 21:14:53.600  2170  2228 V WindowManagerShell:  Delegate animation for (#88) to null
04-07 21:14:53.600  2170  2228 V WindowManagerShell:  try handler com.android.wm.shell.transition.DefaultTransitionHandler@a3f6356
04-07 21:14:53.600  2170  2228 V WindowManagerShell: start default transition animation, info = {id=88 t=OPEN f=0x0 trk=0 r=[0@Point(0, 0)] c=[{WCT{android.window.IWindowContainerToken$Stub$Proxy@cb233c7} m=TO_FRONT f=MOVE_TO_TOP leash=Surface(name=Task=18)/@0x71b548 sb=Rect(0, 0 - 1200, 2670) eb=Rect(0, 0 - 1200, 2670) d=0 taskParent=-1},{WCT{android.window.IWindowContainerToken$Stub$Proxy@690ddf4} m=TO_BACK f=NONE leash=Surface(name=Task=13)/@0x3564fe1 sb=Rect(0, 0 - 1200, 2670) eb=Rect(0, 0 - 1200, 2670) d=0 taskParent=-1}]}
04-07 21:14:53.600  2170  2228 V WindowManagerShell: loadAnimation: anim=android.view.animation.AnimationSet@733e792 animAttr=0x9 type=OPEN isEntrance=false
04-07 21:14:53.600  2170  2228 V WindowManagerShell: loadAnimation: anim=android.view.animation.AnimationSet@e944563 animAttr=0x8 type=OPEN isEntrance=true
04-07 21:14:53.601  1256  1361 I BufferQueueDebug: [animation-background#1141](this:0xb400007a89a088b0,id:-1,api:0,p:-1,c:-1) BufferQueue core=(1256:/system/bin/surfaceflinger)
04-07 21:14:53.601  2170  2228 V WindowManagerShell:  animated by com.android.wm.shell.transition.DefaultTransitionHandler@a3f6356
04-07 21:14:53.602  1800  1818 V WindowManager: Finish Transition (#87): created at 04-07 21:14:53.381 collect-started=0.019ms request-sent=6.964ms started=11.803ms ready=26.989ms sent=46.054ms finished=217.763ms
04-07 21:14:53.603  1800  2090 W UserManagerService: Requested status bar icon for non-badged user 0
04-07 21:14:53.603  1800  1822 D SurfaceComposerClient: Transaction::apply InputWindowCommands.focusRequests timestamp=956905283056, windowName=b3111f7 host.exp.exponent/host.exp.exponent.experience.ErrorActivity
04-07 21:14:53.606  1800  2090 W UserManagerService: Requested status bar icon for non-badged user 0
04-07 21:14:53.607  1256  1256 D SurfaceFlinger: Focus addInputWindowCommands timestamp=956905283056, windowName=b3111f7 host.exp.exponent/host.exp.exponent.experience.ErrorActivity
04-07 21:14:53.607  1256  1256 I BufferQueueDebug: [animation-background#1125](this:0xb400007a899f7750,id:-1,api:0,p:-1,c:1256) onDestructor()
04-07 21:14:53.607  1256  1256 I SurfaceFlinger: onHandleDestroyed: name=Transition Root: Task=13#1124, layerId=1124, parentId=0
04-07 21:14:53.608  1256  1673 I SurfaceFlinger: onHandleDestroyed: name=Surface(name=843c946 NavigationBar0)/@0xa941112 - animation-leash of insets_animation#1132, layerId=1132, parentId=0
04-07 21:14:53.609  1800  2090 W UserManagerService: Requested status bar icon for non-badged user 0
04-07 21:14:53.609  1256  1673 I SurfaceFlinger: onHandleDestroyed: name=Surface(name=78626c0 StatusBar)/@0x11e2c5e - animation-leash of insets_animation#1133, layerId=1133, parentId=0
04-07 21:14:53.609  1256  1648 D SurfaceFlinger: updateWinowInfo=1, setFocusedWindow timestamp=956905283056, windowName=b3111f7 host.exp.exponent/host.exp.exponent.experience.ErrorActivity
04-07 21:14:53.609 12712 12712 D ActivityThread: handleResumeActivity#3 r.window=com.android.internal.policy.PhoneWindow@97c5b8ea.mFinished = falsewillBeVisible = true
04-07 21:14:53.615  1800  2090 I PowerHalWrapper: amsBoostStop AMS_BOOST_PACK_SWITCH:true, AMS_BOOST_ACT_SWITCH:true, AMS_BOOST_PROCESS_CREATE:false, AMS_BOOST_PROCESS_CREATE_FOR_GAME:false, AMS_BOOST_HOT_LAUNCH:false 
04-07 21:14:53.615  1245  1266 I libPowerHal: [mtkPowerHint] hint:22, hold:500, ext:30, ext_hold:1500
04-07 21:14:53.615  1256  1256 I BufferQueueDebug: [Surface(name=843c946 NavigationBar0)/@0xa941112 - animation-leash of insets_animation#1132](this:0xb400007a899d8220,id:-1,api:0,p:-1,c:1256) onDestructor()
04-07 21:14:53.615  1256  1256 I BufferQueueDebug: [Surface(name=78626c0 StatusBar)/@0x11e2c5e - animation-leash of insets_animation#1133](this:0xb400007a899ddd40,id:-1,api:0,p:-1,c:1256) onDestructor()
04-07 21:14:53.615  1256  1256 I BufferQueueDebug: [Transition Root: Task=13#1124](this:0xb400007a89a05b20,id:-1,api:0,p:-1,c:1256) onDestructor()
04-07 21:14:53.615  1256  1256 I SurfaceFlinger: onHandleDestroyed: name=Surface(name=78626c0 StatusBar)/@0x11e2c5e - animation-leash of insets_animation#1137, layerId=1137, parentId=0
04-07 21:14:53.615  1800  2090 I PowerHalWrapper: amsBoostStop AMS_BOOST_PACK_SWITCH:false, AMS_BOOST_ACT_SWITCH:false, AMS_BOOST_PROCESS_CREATE:false, AMS_BOOST_PROCESS_CREATE_FOR_GAME:false, AMS_BOOST_HOT_LAUNCH:false 
04-07 21:14:53.615  1256  1256 I SurfaceFlinger: onHandleDestroyed: name=Surface(name=843c946 NavigationBar0)/@0xa941112 - animation-leash of insets_animation#1136, layerId=1136, parentId=0
04-07 21:14:53.615  1245  1266 I mtkpower@impl: [setMode] type:5, enabled:0
04-07 21:14:53.616  1245  1319 I libPowerHal: [perfLockAcq] idx:3 hdl:873 hint:22 pid:1245 tid:1245 duration:500 lock_user:vendor.mediatek => ret_hdl:873
04-07 21:14:53.616  1245  1319 I libPowerHal: [setClusterFreq] MTKPOWER_HINT_PACK_SWITCH set cpufreq[0] min:2000000 max:-1 cpufreq[1] min:2500000 max:-1 
04-07 21:14:53.617  1245  1319 I libPowerHal: [perfLockRel] hdl:872, idx:2
04-07 21:14:53.617  1800  1919 I ImeTracker: host.exp.exponent:6359aab9: onRequestHide at ORIGIN_SERVER reason HIDE_UNSPECIFIED_WINDOW fromUser false
04-07 21:14:53.618  1800  1919 I ImeTracker: host.exp.exponent:6359aab9: onCancelled at PHASE_SERVER_SHOULD_HIDE
04-07 21:14:53.619  1245  1319 I libPowerHal: [perfLockAcq] idx:4 hdl:874 hint:30 pid:1245 tid:1245 duration:1500 lock_user:vendor.mediatek => ret_hdl:874
04-07 21:14:53.619  3040  3040 I GoogleInputMethodService: GoogleInputMethodService.onFinishInput():2114 
04-07 21:14:53.620  1256  1362 I BufferQueueDebug: [Surface(name=3e71028 InputMethod)/@0xbd0ccbe - animation-leash of insets_animation#1142](this:0xb400007a89a44580,id:-1,api:0,p:-1,c:-1) BufferQueue core=(1256:/system/bin/surfaceflinger)
04-07 21:14:53.620  1245  1266 I libPowerHal: [mtkPowerHint] hint:23, hold:0, ext:30, ext_hold:500
04-07 21:14:53.621  1245  1319 I libPowerHal: [perfLockRel] hdl:870, idx:0
04-07 21:14:53.621  1245  1319 I libPowerHal: [PD] LAUNCH update cmd:300c000 param:0
04-07 21:14:53.621  3040  3040 I Module  : DeviceLockedStatusModuleProvider$Module.updateDeviceLockedStatus():103 repeatCheckTimes = 0, locked = false
04-07 21:14:53.621  3040  3040 I GoogleInputMethodService: GoogleInputMethodService.onStartInput():1385 onStartInput(EditorInfo{EditorInfo{packageName=host.exp.exponent, inputType=0, inputTypeString=NULL, enableLearning=false, autoCorrection=false, autoComplete=false, imeOptions=0, privateImeOptions=null, actionName=UNSPECIFIED, actionLabel=null, initialSelStart=-1, initialSelEnd=-1, initialCapsMode=0, label=null, fieldId=0, fieldName=null, extras=null, hintText=null, hintLocales=[]}}, false)
04-07 21:14:53.621  3040  3040 I AndroidIME: LatinIMEBase.updateInputViewCoverNavigation():314 Update input view padding, extendsTouchBelowSpace=false, bottom inset=144
04-07 21:14:53.623  3040  3040 I Module  : DeviceLockedStatusModuleProvider$Module.updateDeviceLockedStatus():103 repeatCheckTimes = 1, locked = false
04-07 21:14:53.623  1245  1319 I libPowerHal: [perfLockRel] hdl:871, idx:1
04-07 21:14:53.623  1256  1256 I BufferQueueProducer: [host.exp.exponent/host.exp.exponent.experience.ErrorActivity#1006](this:0xb400007a89a19a10,id:-1,api:0,p:-1,c:1256) queueBuffer: fps=0.01 dur=110605.34 max=110605.34 min=110605.34
04-07 21:14:53.624  1256  1256 I BufferQueueDebug: [Surface(name=78626c0 StatusBar)/@0x11e2c5e - animation-leash of insets_animation#1137](this:0xb400007a899c70c0,id:-1,api:0,p:-1,c:1256) onDestructor()
04-07 21:14:53.624  1256  1256 I BufferQueueDebug: [Surface(name=843c946 NavigationBar0)/@0xa941112 - animation-leash of insets_animation#1136](this:0xb400007a899e65f0,id:-1,api:0,p:-1,c:1256) onDestructor()
04-07 21:14:53.625  1245  1319 I libPowerHal: [perfLockAcq] idx:0 hdl:875 hint:30 pid:1245 tid:1245 duration:500 lock_user:vendor.mediatek => ret_hdl:875
04-07 21:14:53.625  1800  1870 W PackageConfigPersister: App-specific configuration not found for packageName: host.exp.exponent and userId: 0
