04-07 21:13:58.835  2030  2035 I WifiHAL : LLS check_data_sanity: confirmed_size=4436, len=4436
04-07 21:13:58.852  2030  2035 I WifiHAL : feature_set=0x8489341a
04-07 21:13:58.915  1486  1565 E mtk_storageproxyd: ipc-trustonic: ipc_trustonic_connect: retry left 0
04-07 21:13:58.916  1486  1565 E mtk_storageproxyd: mtk.ufs.trustonic.ta: ipc connect failed (-12)
04-07 21:13:59.338  1800  1800 W libc    : Access denied finding property "vendor.mbrain.battery"
04-07 21:13:59.342  1216  1615 I hwcomposer: [DRMDEV] (0:113) failed to waitNextVsync: -1  
04-07 21:13:59.346  1216  1615 I hwcomposer: [DRMDEV] (0:113) failed to waitNextVsync: -1  
04-07 21:13:59.369  1256  1256 I BufferQueueProducer: [StatusBar#90](this:0xb400007a899aa920,id:-1,api:0,p:-1,c:1256) queueBuffer: fps=0.04 dur=23898.53 max=23898.53 min=23898.53
04-07 21:13:59.373  1216  1216 I hwcomposer: [HWCDisplay] [Display_0 (type:1, mode:2)] fps:0.041842,dur:23899.56,max:23899.56,min:23899.56  
04-07 21:14:00.368  1237  1289 I libPerfCtl: xgfGetFPS pid:2170 fps:-1
04-07 21:14:01.371  1237  1289 I libPerfCtl: xgfGetFPS pid:2170 fps:-1
04-07 21:14:01.870  2030  2035 I WifiHAL : LLS RSP: data=0xb4000075f5b78660, len=4436
04-07 21:14:01.871  2030  2035 I WifiHAL : LLS check_data_sanity: 1821: current_radio_stat->num_channels=42
04-07 21:14:01.871  2030  2035 I WifiHAL : LLS check_data_sanity: 1821: current_radio_stat->num_channels=12
04-07 21:14:01.871  2030  2035 I WifiHAL : LLS check_data_sanity: confirmed_size=4436, len=4436
04-07 21:14:01.880  2030  2035 I WifiHAL : feature_set=0x8489341a
04-07 21:14:01.918  1486  1565 E mtk_storageproxyd: ipc-trustonic: ipc_trustonic_connect: Unable to resolve family name (-12)
04-07 21:14:02.372  1237  1289 I libPerfCtl: xgfGetFPS pid:2170 fps:-1
04-07 21:14:02.789  7033  7061 W BluetoothMeshService: Mesh service already active, ignoring duplicate start request
04-07 21:14:02.919  1486  1565 E mtk_storageproxyd: ipc-trustonic: ipc_trustonic_connect: retry left 9
04-07 21:14:02.921  1486  1565 E mtk_storageproxyd: ipc-trustonic: ipc_trustonic_connect: Unable to resolve family name (-12)
04-07 21:14:03.019  1216  1615 I hwcomposer: [DRMDEV] (0:113) failed to waitNextVsync: -1  
04-07 21:14:03.023  1216  1615 I hwcomposer: [DRMDEV] (0:113) failed to waitNextVsync: -1  
04-07 21:14:03.026  1216  1615 I hwcomposer: [DRMDEV] (0:113) failed to waitNextVsync: -1  
04-07 21:14:03.922  1486  1565 E mtk_storageproxyd: ipc-trustonic: ipc_trustonic_connect: retry left 8
04-07 21:14:03.924  1486  1565 E mtk_storageproxyd: ipc-trustonic: ipc_trustonic_connect: Unable to resolve family name (-12)
04-07 21:14:04.907  2030  2035 I WifiHAL : LLS RSP: data=0xb4000075f5b78660, len=4436
04-07 21:14:04.907  2030  2035 I WifiHAL : LLS check_data_sanity: 1821: current_radio_stat->num_channels=42
04-07 21:14:04.907  2030  2035 I WifiHAL : LLS check_data_sanity: 1821: current_radio_stat->num_channels=12
04-07 21:14:04.907  2030  2035 I WifiHAL : LLS check_data_sanity: confirmed_size=4436, len=4436
04-07 21:14:04.921  2030  2035 I WifiHAL : feature_set=0x8489341a
04-07 21:14:04.924  1486  1565 E mtk_storageproxyd: ipc-trustonic: ipc_trustonic_connect: retry left 7
04-07 21:14:04.926  1486  1565 E mtk_storageproxyd: ipc-trustonic: ipc_trustonic_connect: Unable to resolve family name (-12)
04-07 21:14:05.929  1486  1565 E mtk_storageproxyd: ipc-trustonic: ipc_trustonic_connect: retry left 6
04-07 21:14:05.931  1486  1565 E mtk_storageproxyd: ipc-trustonic: ipc_trustonic_connect: Unable to resolve family name (-12)
04-07 21:14:06.934  1486  1565 E mtk_storageproxyd: ipc-trustonic: ipc_trustonic_connect: retry left 5
04-07 21:14:06.936  1486  1565 E mtk_storageproxyd: ipc-trustonic: ipc_trustonic_connect: Unable to resolve family name (-12)
04-07 21:14:07.801  7033  7072 W BluetoothMeshService: Mesh service already active, ignoring duplicate start request
04-07 21:14:07.937  1486  1565 E mtk_storageproxyd: ipc-trustonic: ipc_trustonic_connect: retry left 4
04-07 21:14:07.939  1486  1565 E mtk_storageproxyd: ipc-trustonic: ipc_trustonic_connect: Unable to resolve family name (-12)
04-07 21:14:07.943  2030  2035 I WifiHAL : LLS RSP: data=0xb4000075f5b78660, len=4436
04-07 21:14:07.943  2030  2035 I WifiHAL : LLS check_data_sanity: 1821: current_radio_stat->num_channels=42
04-07 21:14:07.943  2030  2035 I WifiHAL : LLS check_data_sanity: 1821: current_radio_stat->num_channels=12
04-07 21:14:07.943  2030  2035 I WifiHAL : LLS check_data_sanity: confirmed_size=4436, len=4436
04-07 21:14:07.958  2030  2035 I WifiHAL : feature_set=0x8489341a
04-07 21:14:08.035  1216  1615 I hwcomposer: [DRMDEV] (0:113) failed to waitNextVsync: -1  
04-07 21:14:08.038  1216  1615 I hwcomposer: [DRMDEV] (0:113) failed to waitNextVsync: -1  
04-07 21:14:08.942  1486  1565 E mtk_storageproxyd: ipc-trustonic: ipc_trustonic_connect: retry left 3
04-07 21:14:08.944  1486  1565 E mtk_storageproxyd: ipc-trustonic: ipc_trustonic_connect: Unable to resolve family name (-12)
04-07 21:14:09.945  1486  1565 E mtk_storageproxyd: ipc-trustonic: ipc_trustonic_connect: retry left 2
04-07 21:14:09.947  1486  1565 E mtk_storageproxyd: ipc-trustonic: ipc_trustonic_connect: Unable to resolve family name (-12)
04-07 21:14:10.907  7033  7075 I BluetoothPacketBroadcaster: Broadcasting packet v1 type 1 to 0 server + 0 client connections
04-07 21:14:10.948  1486  1565 E mtk_storageproxyd: ipc-trustonic: ipc_trustonic_connect: retry left 1
04-07 21:14:10.950  1486  1565 E mtk_storageproxyd: ipc-trustonic: ipc_trustonic_connect: Unable to resolve family name (-12)
04-07 21:14:10.984  2030  2035 I WifiHAL : LLS RSP: data=0xb4000075f5b78660, len=4436
04-07 21:14:10.984  2030  2035 I WifiHAL : LLS check_data_sanity: 1821: current_radio_stat->num_channels=42
04-07 21:14:10.984  2030  2035 I WifiHAL : LLS check_data_sanity: 1821: current_radio_stat->num_channels=12
04-07 21:14:10.984  2030  2035 I WifiHAL : LLS check_data_sanity: confirmed_size=4436, len=4436
04-07 21:14:11.000  2030  2035 I WifiHAL : feature_set=0x8489341a
04-07 21:14:11.006  7033  7069 I BluetoothPacketBroadcaster: Broadcasting packet v1 type 33 to 0 server + 0 client connections
04-07 21:14:11.894  2328  2602 I bt_stack: [INFO:le_scanning_manager.cc(165)] RegisterScanner in shim layer
04-07 21:14:11.903  2328  2602 I AppScanStats: BLE_SCAN_STATE_CHANGED[2]reportBleScanStarted=false
04-07 21:14:11.907  2328  2611 I bt_stack: [INFO:le_scanning_manager.cc(278)] ScanFilterEnable in shim layer
04-07 21:14:11.909  2328  2611 I bt_stack: [INFO:le_scanning_manager.cc(253)] ScanFilterAdd in shim layer
04-07 21:14:11.910  2328  2611 I bt_stack: [INFO:le_scanning_manager.cc(214)] ScanFilterParamSetup in shim layer
04-07 21:14:11.911  2328  2611 I bt_stack: [INFO:le_scanning_manager.cc(178)] Scan in shim layer stopped
04-07 21:14:11.912  2328  2499 I bluetooth: le_address_manager.cc:204 unregister_client: Client unregistered
04-07 21:14:11.913  2328  2611 I bt_stack: [INFO:le_scanning_manager.cc(358)] SetScanParameters in shim layer
04-07 21:14:11.913  2328  2611 I bt_stack: [INFO:le_scanning_manager.cc(368)] SetScanParameters scan_phy 255 phy 5
04-07 21:14:11.913  2328  2611 I bt_stack: [INFO:le_scanning_manager.cc(178)] Scan in shim layer started
04-07 21:14:11.914  2328  2499 I bluetooth: le_scanning_manager.cc:646 stop_scan: Scanning already stopped, return!
04-07 21:14:11.915  2328  2499 I bluetooth: le_address_manager.cc:189 register_client: Client registered
04-07 21:14:11.951  1486  1565 E mtk_storageproxyd: ipc-trustonic: ipc_trustonic_connect: retry left 0
04-07 21:14:11.951  1486  1565 E mtk_storageproxyd: mtk.ufs.trustonic.ta: ipc connect failed (-12)
04-07 21:14:12.764  1402  1438 E md_thermal: interval=40 temp: 34100 32800 31600 31300
04-07 21:14:12.813  7033  7072 W BluetoothMeshService: Mesh service already active, ignoring duplicate start request
04-07 21:14:12.912  2328  2602 I AppScanStats: BLE_SCAN_RESULT_RECEIVED[2]reportBleScanResults=0
04-07 21:14:12.914  2328  2602 I AppScanStats: BLE_SCAN_STATE_CHANGED[2]reportBleScanStopped=false
04-07 21:14:12.916  2328  2611 I bt_stack: [INFO:le_scanning_manager.cc(214)] ScanFilterParamSetup in shim layer
04-07 21:14:12.917  2328  2611 I bt_stack: [INFO:le_scanning_manager.cc(178)] Scan in shim layer stopped
04-07 21:14:12.918  2328  2611 I bt_stack: [INFO:le_scanning_manager.cc(358)] SetScanParameters in shim layer
04-07 21:14:12.918  2328  2611 I bt_stack: [INFO:le_scanning_manager.cc(368)] SetScanParameters scan_phy 1 phy 1
04-07 21:14:12.919  2328  2499 I bluetooth: le_address_manager.cc:204 unregister_client: Client unregistered
04-07 21:14:12.919  2328  2611 I bt_stack: [INFO:le_scanning_manager.cc(178)] Scan in shim layer started
04-07 21:14:12.919  2328  2499 I bluetooth: le_scanning_manager.cc:646 stop_scan: Scanning already stopped, return!
04-07 21:14:12.919  2328  2499 I bluetooth: le_address_manager.cc:189 register_client: Client registered
04-07 21:14:12.920  2328  2339 I bt_stack: [INFO:le_scanning_manager.cc(172)] Unregister in shim layer, scanner_id:2
04-07 21:14:13.045  1216  1615 I hwcomposer: [DRMDEV] (0:113) failed to waitNextVsync: -1  
04-07 21:14:13.049  1216  1615 I hwcomposer: [DRMDEV] (0:113) failed to waitNextVsync: -1  
04-07 21:14:14.027  2030  2035 I WifiHAL : LLS RSP: data=0xb4000075f5b78660, len=4436
04-07 21:14:14.027  2030  2035 I WifiHAL : LLS check_data_sanity: 1821: current_radio_stat->num_channels=42
04-07 21:14:14.027  2030  2035 I WifiHAL : LLS check_data_sanity: 1821: current_radio_stat->num_channels=12
04-07 21:14:14.027  2030  2035 I WifiHAL : LLS check_data_sanity: confirmed_size=4436, len=4436
04-07 21:14:14.043  2030  2035 I WifiHAL : feature_set=0x8489341a
04-07 21:14:14.954  1486  1565 E mtk_storageproxyd: ipc-trustonic: ipc_trustonic_connect: Unable to resolve family name (-12)
04-07 21:14:15.957  1486  1565 E mtk_storageproxyd: ipc-trustonic: ipc_trustonic_connect: retry left 9
04-07 21:14:15.959  1486  1565 E mtk_storageproxyd: ipc-trustonic: ipc_trustonic_connect: Unable to resolve family name (-12)
04-07 21:14:16.962  1486  1565 E mtk_storageproxyd: ipc-trustonic: ipc_trustonic_connect: retry left 8
04-07 21:14:16.964  1486  1565 E mtk_storageproxyd: ipc-trustonic: ipc_trustonic_connect: Unable to resolve family name (-12)
04-07 21:14:17.066  2030  2035 I WifiHAL : LLS RSP: data=0xb4000075f5b78660, len=4436
04-07 21:14:17.066  2030  2035 I WifiHAL : LLS check_data_sanity: 1821: current_radio_stat->num_channels=42
04-07 21:14:17.066  2030  2035 I WifiHAL : LLS check_data_sanity: 1821: current_radio_stat->num_channels=12
04-07 21:14:17.066  2030  2035 I WifiHAL : LLS check_data_sanity: confirmed_size=4436, len=4436
04-07 21:14:17.078  2030  2035 I WifiHAL : feature_set=0x8489341a
04-07 21:14:17.828  7033  7072 W BluetoothMeshService: Mesh service already active, ignoring duplicate start request
04-07 21:14:17.966  1486  1565 E mtk_storageproxyd: ipc-trustonic: ipc_trustonic_connect: retry left 7
04-07 21:14:17.968  1486  1565 E mtk_storageproxyd: ipc-trustonic: ipc_trustonic_connect: Unable to resolve family name (-12)
04-07 21:14:18.063  1216  1615 I hwcomposer: [DRMDEV] (0:113) failed to waitNextVsync: -1  
04-07 21:14:18.066  1216  1615 I hwcomposer: [DRMDEV] (0:113) failed to waitNextVsync: -1  
04-07 21:14:18.972  1486  1565 E mtk_storageproxyd: ipc-trustonic: ipc_trustonic_connect: retry left 6
04-07 21:14:18.974  1486  1565 E mtk_storageproxyd: ipc-trustonic: ipc_trustonic_connect: Unable to resolve family name (-12)
04-07 21:14:19.977  1486  1565 E mtk_storageproxyd: ipc-trustonic: ipc_trustonic_connect: retry left 5
04-07 21:14:19.979  1486  1565 E mtk_storageproxyd: ipc-trustonic: ipc_trustonic_connect: Unable to resolve family name (-12)
04-07 21:14:20.104  2030  2035 I WifiHAL : LLS RSP: data=0xb4000075f5b78660, len=4436
04-07 21:14:20.104  2030  2035 I WifiHAL : LLS check_data_sanity: 1821: current_radio_stat->num_channels=42
04-07 21:14:20.104  2030  2035 I WifiHAL : LLS check_data_sanity: 1821: current_radio_stat->num_channels=12
04-07 21:14:20.104  2030  2035 I WifiHAL : LLS check_data_sanity: confirmed_size=4436, len=4436
04-07 21:14:20.124  2030  2035 I WifiHAL : feature_set=0x8489341a
04-07 21:14:20.980  1486  1565 E mtk_storageproxyd: ipc-trustonic: ipc_trustonic_connect: retry left 4
04-07 21:14:20.983  1486  1565 E mtk_storageproxyd: ipc-trustonic: ipc_trustonic_connect: Unable to resolve family name (-12)
04-07 21:14:21.984  1486  1565 E mtk_storageproxyd: ipc-trustonic: ipc_trustonic_connect: retry left 3
04-07 21:14:21.986  1486  1565 E mtk_storageproxyd: ipc-trustonic: ipc_trustonic_connect: Unable to resolve family name (-12)
04-07 21:14:22.843  7033  7069 W BluetoothMeshService: Mesh service already active, ignoring duplicate start request
04-07 21:14:22.989  1486  1565 E mtk_storageproxyd: ipc-trustonic: ipc_trustonic_connect: retry left 2
04-07 21:14:22.991  1486  1565 E mtk_storageproxyd: ipc-trustonic: ipc_trustonic_connect: Unable to resolve family name (-12)
04-07 21:14:23.076  1216  1615 I hwcomposer: [DRMDEV] (0:113) failed to waitNextVsync: -1  
04-07 21:14:23.080  1216  1615 I hwcomposer: [DRMDEV] (0:113) failed to waitNextVsync: -1  
04-07 21:14:23.144  2030  2035 I WifiHAL : LLS RSP: data=0xb4000075f5b78660, len=4436
04-07 21:14:23.144  2030  2035 I WifiHAL : LLS check_data_sanity: 1821: current_radio_stat->num_channels=42
04-07 21:14:23.144  2030  2035 I WifiHAL : LLS check_data_sanity: 1821: current_radio_stat->num_channels=12
04-07 21:14:23.144  2030  2035 I WifiHAL : LLS check_data_sanity: confirmed_size=4436, len=4436
04-07 21:14:23.154  2030  2035 I WifiHAL : feature_set=0x8489341a
04-07 21:14:23.994  1486  1565 E mtk_storageproxyd: ipc-trustonic: ipc_trustonic_connect: retry left 1
04-07 21:14:23.996  1486  1565 E mtk_storageproxyd: ipc-trustonic: ipc_trustonic_connect: Unable to resolve family name (-12)
04-07 21:14:25.000  1486  1565 E mtk_storageproxyd: ipc-trustonic: ipc_trustonic_connect: retry left 0
04-07 21:14:25.000  1486  1565 E mtk_storageproxyd: mtk.ufs.trustonic.ta: ipc connect failed (-12)
04-07 21:14:26.172  2030  2035 I WifiHAL : LLS RSP: data=0xb4000075f5b78660, len=4436
04-07 21:14:26.173  2030  2035 I WifiHAL : LLS check_data_sanity: 1821: current_radio_stat->num_channels=42
04-07 21:14:26.173  2030  2035 I WifiHAL : LLS check_data_sanity: 1821: current_radio_stat->num_channels=12
04-07 21:14:26.173  2030  2035 I WifiHAL : LLS check_data_sanity: confirmed_size=4436, len=4436
04-07 21:14:26.191  2030  2035 I WifiHAL : feature_set=0x8489341a
04-07 21:14:27.858  7033  7072 W BluetoothMeshService: Mesh service already active, ignoring duplicate start request
04-07 21:14:28.003  1486  1565 E mtk_storageproxyd: ipc-trustonic: ipc_trustonic_connect: Unable to resolve family name (-12)
04-07 21:14:28.089  1216  1615 I hwcomposer: [DRMDEV] (0:113) failed to waitNextVsync: -1  
04-07 21:14:28.093  1216  1615 I hwcomposer: [DRMDEV] (0:113) failed to waitNextVsync: -1  
04-07 21:14:28.096  1216  1615 I hwcomposer: [DRMDEV] (0:113) failed to waitNextVsync: -1  
04-07 21:14:28.279  1245  1319 I libPowerHal: perfUserScnCheckAll
04-07 21:14:28.280  1245  1319 I libPowerHal: perfScnDumpAll cmd:0
04-07 21:14:28.280  1245  1319 I libPowerHal: ========================
04-07 21:14:28.280  1245  1319 I libPowerHal: ========================
04-07 21:14:29.004  1486  1565 E mtk_storageproxyd: ipc-trustonic: ipc_trustonic_connect: retry left 9
04-07 21:14:29.006  1486  1565 E mtk_storageproxyd: ipc-trustonic: ipc_trustonic_connect: Unable to resolve family name (-12)
04-07 21:14:29.213  2030  2035 I WifiHAL : LLS RSP: data=0xb4000075f5b78660, len=4436
04-07 21:14:29.213  2030  2035 I WifiHAL : LLS check_data_sanity: 1821: current_radio_stat->num_channels=42
04-07 21:14:29.213  2030  2035 I WifiHAL : LLS check_data_sanity: 1821: current_radio_stat->num_channels=12
04-07 21:14:29.213  2030  2035 I WifiHAL : LLS check_data_sanity: confirmed_size=4436, len=4436
04-07 21:14:29.228  2030  2035 I WifiHAL : feature_set=0x8489341a
04-07 21:14:30.006  1486  1565 E mtk_storageproxyd: ipc-trustonic: ipc_trustonic_connect: retry left 8
04-07 21:14:30.008  1486  1565 E mtk_storageproxyd: ipc-trustonic: ipc_trustonic_connect: Unable to resolve family name (-12)
04-07 21:14:31.009  1486  1565 E mtk_storageproxyd: ipc-trustonic: ipc_trustonic_connect: retry left 7
04-07 21:14:31.011  1486  1565 E mtk_storageproxyd: ipc-trustonic: ipc_trustonic_connect: Unable to resolve family name (-12)
04-07 21:14:32.014  1486  1565 E mtk_storageproxyd: ipc-trustonic: ipc_trustonic_connect: retry left 6
04-07 21:14:32.016  1486  1565 E mtk_storageproxyd: ipc-trustonic: ipc_trustonic_connect: Unable to resolve family name (-12)
04-07 21:14:32.249  2030  2035 I WifiHAL : LLS RSP: data=0xb4000075f5b78660, len=4436
04-07 21:14:32.249  2030  2035 I WifiHAL : LLS check_data_sanity: 1821: current_radio_stat->num_channels=42
04-07 21:14:32.249  2030  2035 I WifiHAL : LLS check_data_sanity: 1821: current_radio_stat->num_channels=12
04-07 21:14:32.249  2030  2035 I WifiHAL : LLS check_data_sanity: confirmed_size=4436, len=4436
04-07 21:14:32.264  2030  2035 I WifiHAL : feature_set=0x8489341a
04-07 21:14:32.870  7033  7069 W BluetoothMeshService: Mesh service already active, ignoring duplicate start request
04-07 21:14:33.017  1486  1565 E mtk_storageproxyd: ipc-trustonic: ipc_trustonic_connect: retry left 5
04-07 21:14:33.019  1486  1565 E mtk_storageproxyd: ipc-trustonic: ipc_trustonic_connect: Unable to resolve family name (-12)
04-07 21:14:33.102  1216  1615 I hwcomposer: [DRMDEV] (0:113) failed to waitNextVsync: -1  
04-07 21:14:33.105  1216  1615 I hwcomposer: [DRMDEV] (0:113) failed to waitNextVsync: -1  
04-07 21:14:33.109  1216  1615 I hwcomposer: [DRMDEV] (0:113) failed to waitNextVsync: -1  
04-07 21:14:34.022  1486  1565 E mtk_storageproxyd: ipc-trustonic: ipc_trustonic_connect: retry left 4
04-07 21:14:34.024  1486  1565 E mtk_storageproxyd: ipc-trustonic: ipc_trustonic_connect: Unable to resolve family name (-12)
04-07 21:14:35.027  1486  1565 E mtk_storageproxyd: ipc-trustonic: ipc_trustonic_connect: retry left 3
04-07 21:14:35.030  1486  1565 E mtk_storageproxyd: ipc-trustonic: ipc_trustonic_connect: Unable to resolve family name (-12)
04-07 21:14:35.291  2030  2035 I WifiHAL : LLS RSP: data=0xb4000075f5b78660, len=4436
04-07 21:14:35.291  2030  2035 I WifiHAL : LLS check_data_sanity: 1821: current_radio_stat->num_channels=42
04-07 21:14:35.291  2030  2035 I WifiHAL : LLS check_data_sanity: 1821: current_radio_stat->num_channels=12
04-07 21:14:35.291  2030  2035 I WifiHAL : LLS check_data_sanity: confirmed_size=4436, len=4436
04-07 21:14:35.310  2030  2035 I WifiHAL : feature_set=0x8489341a
04-07 21:14:35.694  1800  1819 E ApplicationHelper: Fail to get PackageManager
04-07 21:14:36.032  1486  1565 E mtk_storageproxyd: ipc-trustonic: ipc_trustonic_connect: retry left 2
04-07 21:14:36.035  1486  1565 E mtk_storageproxyd: ipc-trustonic: ipc_trustonic_connect: Unable to resolve family name (-12)
04-07 21:14:37.038  1486  1565 E mtk_storageproxyd: ipc-trustonic: ipc_trustonic_connect: retry left 1
04-07 21:14:37.040  1486  1565 E mtk_storageproxyd: ipc-trustonic: ipc_trustonic_connect: Unable to resolve family name (-12)
04-07 21:14:37.884  7033  7069 W BluetoothMeshService: Mesh service already active, ignoring duplicate start request
04-07 21:14:38.041  1486  1565 E mtk_storageproxyd: ipc-trustonic: ipc_trustonic_connect: retry left 0
04-07 21:14:38.041  1486  1565 E mtk_storageproxyd: mtk.ufs.trustonic.ta: ipc connect failed (-12)
04-07 21:14:38.116  1216  1615 I hwcomposer: [DRMDEV] (0:113) failed to waitNextVsync: -1  
04-07 21:14:38.120  1216  1615 I hwcomposer: [DRMDEV] (0:113) failed to waitNextVsync: -1  
04-07 21:14:38.123  1216  1615 I hwcomposer: [DRMDEV] (0:113) failed to waitNextVsync: -1  
04-07 21:14:38.326  2030  2035 I WifiHAL : LLS RSP: data=0xb4000075f5b78660, len=4436
04-07 21:14:38.326  2030  2035 I WifiHAL : LLS check_data_sanity: 1821: current_radio_stat->num_channels=42
04-07 21:14:38.326  2030  2035 I WifiHAL : LLS check_data_sanity: 1821: current_radio_stat->num_channels=12
04-07 21:14:38.326  2030  2035 I WifiHAL : LLS check_data_sanity: confirmed_size=4436, len=4436
04-07 21:14:38.339  2030  2035 I WifiHAL : feature_set=0x8489341a
04-07 21:14:40.909  7033  7072 I BluetoothPacketBroadcaster: Broadcasting packet v1 type 1 to 0 server + 0 client connections
04-07 21:14:41.010  7033  7072 I BluetoothPacketBroadcaster: Broadcasting packet v1 type 33 to 0 server + 0 client connections
04-07 21:14:41.045  1486  1565 E mtk_storageproxyd: ipc-trustonic: ipc_trustonic_connect: Unable to resolve family name (-12)
04-07 21:14:41.351  2030  2035 I WifiHAL : LLS RSP: data=0xb4000075f5b78660, len=4436
04-07 21:14:41.351  2030  2035 I WifiHAL : LLS check_data_sanity: 1821: current_radio_stat->num_channels=42
04-07 21:14:41.351  2030  2035 I WifiHAL : LLS check_data_sanity: 1821: current_radio_stat->num_channels=12
04-07 21:14:41.352  2030  2035 I WifiHAL : LLS check_data_sanity: confirmed_size=4436, len=4436
04-07 21:14:41.365  2030  2035 I WifiHAL : feature_set=0x8489341a
04-07 21:14:41.932  2328  2602 I bt_stack: [INFO:le_scanning_manager.cc(165)] RegisterScanner in shim layer
04-07 21:14:41.941  2328  2602 I AppScanStats: BLE_SCAN_STATE_CHANGED[2]reportBleScanStarted=false
04-07 21:14:41.946  2328  2611 I bt_stack: [INFO:le_scanning_manager.cc(278)] ScanFilterEnable in shim layer
04-07 21:14:41.948  2328  2611 I bt_stack: [INFO:le_scanning_manager.cc(253)] ScanFilterAdd in shim layer
04-07 21:14:41.949  2328  2611 I bt_stack: [INFO:le_scanning_manager.cc(214)] ScanFilterParamSetup in shim layer
04-07 21:14:41.951  2328  2611 I bt_stack: [INFO:le_scanning_manager.cc(178)] Scan in shim layer stopped
04-07 21:14:41.952  2328  2499 I bluetooth: le_address_manager.cc:204 unregister_client: Client unregistered
04-07 21:14:41.952  2328  2611 I bt_stack: [INFO:le_scanning_manager.cc(358)] SetScanParameters in shim layer
04-07 21:14:41.952  2328  2611 I bt_stack: [INFO:le_scanning_manager.cc(368)] SetScanParameters scan_phy 255 phy 5
04-07 21:14:41.953  2328  2611 I bt_stack: [INFO:le_scanning_manager.cc(178)] Scan in shim layer started
04-07 21:14:41.954  2328  2499 I bluetooth: le_scanning_manager.cc:646 stop_scan: Scanning already stopped, return!
04-07 21:14:41.954  2328  2499 I bluetooth: le_address_manager.cc:189 register_client: Client registered
04-07 21:14:42.047  1486  1565 E mtk_storageproxyd: ipc-trustonic: ipc_trustonic_connect: retry left 9
04-07 21:14:42.049  1486  1565 E mtk_storageproxyd: ipc-trustonic: ipc_trustonic_connect: Unable to resolve family name (-12)
04-07 21:14:42.897  7033  7060 W BluetoothMeshService: Mesh service already active, ignoring duplicate start request
04-07 21:14:42.950  2328  2602 I AppScanStats: BLE_SCAN_RESULT_RECEIVED[2]reportBleScanResults=0
04-07 21:14:42.952  2328  2602 I AppScanStats: BLE_SCAN_STATE_CHANGED[2]reportBleScanStopped=false
04-07 21:14:42.954  2328  2611 I bt_stack: [INFO:le_scanning_manager.cc(214)] ScanFilterParamSetup in shim layer
04-07 21:14:42.955  2328  2611 I bt_stack: [INFO:le_scanning_manager.cc(178)] Scan in shim layer stopped
04-07 21:14:42.956  2328  2611 I bt_stack: [INFO:le_scanning_manager.cc(358)] SetScanParameters in shim layer
04-07 21:14:42.956  2328  2611 I bt_stack: [INFO:le_scanning_manager.cc(368)] SetScanParameters scan_phy 1 phy 1
04-07 21:14:42.956  2328  2611 I bt_stack: [INFO:le_scanning_manager.cc(178)] Scan in shim layer started
04-07 21:14:42.956  2328  2499 I bluetooth: le_address_manager.cc:204 unregister_client: Client unregistered
04-07 21:14:42.957  2328  2499 I bluetooth: le_scanning_manager.cc:646 stop_scan: Scanning already stopped, return!
04-07 21:14:42.957  2328  2339 I bt_stack: [INFO:le_scanning_manager.cc(172)] Unregister in shim layer, scanner_id:2
04-07 21:14:42.957  2328  2499 I bluetooth: le_address_manager.cc:189 register_client: Client registered
04-07 21:14:43.052  1486  1565 E mtk_storageproxyd: ipc-trustonic: ipc_trustonic_connect: retry left 8
04-07 21:14:43.054  1486  1565 E mtk_storageproxyd: ipc-trustonic: ipc_trustonic_connect: Unable to resolve family name (-12)
04-07 21:14:43.132  1216  1615 I hwcomposer: [DRMDEV] (0:113) failed to waitNextVsync: -1  
04-07 21:14:43.135  1216  1615 I hwcomposer: [DRMDEV] (0:113) failed to waitNextVsync: -1  
04-07 21:14:43.139  1216  1615 I hwcomposer: [DRMDEV] (0:113) failed to waitNextVsync: -1  
04-07 21:14:44.055  1486  1565 E mtk_storageproxyd: ipc-trustonic: ipc_trustonic_connect: retry left 7
04-07 21:14:44.058  1486  1565 E mtk_storageproxyd: ipc-trustonic: ipc_trustonic_connect: Unable to resolve family name (-12)
04-07 21:14:44.391  2030  2035 I WifiHAL : LLS RSP: data=0xb4000075f5b78660, len=4436
04-07 21:14:44.391  2030  2035 I WifiHAL : LLS check_data_sanity: 1821: current_radio_stat->num_channels=42
04-07 21:14:44.391  2030  2035 I WifiHAL : LLS check_data_sanity: 1821: current_radio_stat->num_channels=12
04-07 21:14:44.391  2030  2035 I WifiHAL : LLS check_data_sanity: confirmed_size=4436, len=4436
04-07 21:14:44.406  2030  2035 I WifiHAL : feature_set=0x8489341a
04-07 21:14:45.058  1486  1565 E mtk_storageproxyd: ipc-trustonic: ipc_trustonic_connect: retry left 6
04-07 21:14:45.060  1486  1565 E mtk_storageproxyd: ipc-trustonic: ipc_trustonic_connect: Unable to resolve family name (-12)
04-07 21:14:46.064  1486  1565 E mtk_storageproxyd: ipc-trustonic: ipc_trustonic_connect: retry left 5
04-07 21:14:46.066  1486  1565 E mtk_storageproxyd: ipc-trustonic: ipc_trustonic_connect: Unable to resolve family name (-12)
04-07 21:14:46.738  1800  1855 W PackageManager: Not removing package com.google.android.trichromelibrary hosting lib com.google.android.trichromelibrary version 768016433 used by [VersionedPackage[com.android.chrome/768016433]] for user 0
04-07 21:14:47.070  1486  1565 E mtk_storageproxyd: ipc-trustonic: ipc_trustonic_connect: retry left 4
04-07 21:14:47.072  1486  1565 E mtk_storageproxyd: ipc-trustonic: ipc_trustonic_connect: Unable to resolve family name (-12)
04-07 21:14:47.429  2030  2035 I WifiHAL : LLS RSP: data=0xb4000075f5b78660, len=4436
04-07 21:14:47.429  2030  2035 I WifiHAL : LLS check_data_sanity: 1821: current_radio_stat->num_channels=42
04-07 21:14:47.429  2030  2035 I WifiHAL : LLS check_data_sanity: 1821: current_radio_stat->num_channels=12
04-07 21:14:47.429  2030  2035 I WifiHAL : LLS check_data_sanity: confirmed_size=4436, len=4436
04-07 21:14:47.444  2030  2035 I WifiHAL : feature_set=0x8489341a
04-07 21:14:47.860  1800  1819 E ApplicationHelper: Fail to get PackageManager
04-07 21:14:47.909  7033  7075 W BluetoothMeshService: Mesh service already active, ignoring duplicate start request
04-07 21:14:48.073  1486  1565 E mtk_storageproxyd: ipc-trustonic: ipc_trustonic_connect: retry left 3
04-07 21:14:48.075  1486  1565 E mtk_storageproxyd: ipc-trustonic: ipc_trustonic_connect: Unable to resolve family name (-12)
04-07 21:14:48.141  1216  1615 I hwcomposer: [DRMDEV] (0:113) failed to waitNextVsync: -1  
04-07 21:14:48.144  1216  1615 I hwcomposer: [DRMDEV] (0:113) failed to waitNextVsync: -1  
04-07 21:14:48.147  1216  1615 I hwcomposer: [DRMDEV] (0:113) failed to waitNextVsync: -1  
04-07 21:14:48.778  2522 13505 I CastDatabase: Saving the database
04-07 21:14:48.803  2522 13505 I SQLiteCastStore: [CastNetworkInfo] saved: 1, skipped: 0, [CastDeviceInfo]: saved 1, skipped 0, [ProbedNetworks]: saved 0, skipped: 0, [ProbedSocketAddress]: saved 1, skipped: 0, [Network-Device pairs]: saved: 1
04-07 21:14:49.078  1486  1565 E mtk_storageproxyd: ipc-trustonic: ipc_trustonic_connect: retry left 2
04-07 21:14:49.080  1486  1565 E mtk_storageproxyd: ipc-trustonic: ipc_trustonic_connect: Unable to resolve family name (-12)
04-07 21:14:50.083  1486  1565 E mtk_storageproxyd: ipc-trustonic: ipc_trustonic_connect: retry left 1
04-07 21:14:50.084  1486  1565 E mtk_storageproxyd: ipc-trustonic: ipc_trustonic_connect: Unable to resolve family name (-12)
04-07 21:14:50.315  1465  1970 D ULogGuard: Monitoring: 16 threads, 0 requests, 0 time-bombs; 2 guards. ResetFlags = 0x7
04-07 21:14:50.456  2030  2035 D WifiHAL : WifiRequest::create vendor command to iface 36, vendor_id=0x1a11, subcmd=0x1200, res=0
04-07 21:14:50.466  2030  2035 D WifiHAL : WifiCommand::requestResponse: receive
04-07 21:14:50.466  2030  2035 I WifiHAL : LLS RSP: data=0xb4000075f5b78660, len=4436
04-07 21:14:50.467  2030  2035 I WifiHAL : LLS check_data_sanity: 1821: current_radio_stat->num_channels=42
04-07 21:14:50.467  2030  2035 I WifiHAL : LLS check_data_sanity: 1821: current_radio_stat->num_channels=12
04-07 21:14:50.467  2030  2035 I WifiHAL : LLS check_data_sanity: confirmed_size=4436, len=4436
04-07 21:14:50.481  2030  2035 D WifiHAL : WifiRequest::create vendor command to iface 36, vendor_id=0x1a11, subcmd=0x0002, res=0
04-07 21:14:50.482  2030  2035 D WifiHAL : WifiCommand::requestResponse: receive
04-07 21:14:50.482  2030  2035 I WifiHAL : feature_set=0x8489341a
04-07 21:14:51.085  1486  1565 E mtk_storageproxyd: ipc-trustonic: ipc_trustonic_connect: retry left 0
04-07 21:14:51.086  1486  1565 E mtk_storageproxyd: mtk.ufs.trustonic.ta: ipc connect failed (-12)
04-07 21:14:52.778  1402  1438 E md_thermal: interval=40 temp: 33800 32600 31300 31100
04-07 21:14:52.921  7033  7072 D MeshForegroundService: Ensuring mesh service is started
04-07 21:14:52.921  7033  7072 D MeshServiceHolder: Reusing existing BluetoothMeshService instance
04-07 21:14:52.921  7033  7072 W BluetoothMeshService: Mesh service already active, ignoring duplicate start request
04-07 21:14:53.141  1800  1800 D NotifAttentionHelper: Notification PackageName:: com.bitchat.droid
04-07 21:14:53.151  1216  1615 I hwcomposer: [DRMDEV] (0:113) failed to waitNextVsync: -1  
04-07 21:14:53.154  1216  1615 I hwcomposer: [DRMDEV] (0:113) failed to waitNextVsync: -1  
04-07 21:14:53.162  2170  2484 D LocalImageResolver: Couldn't use ImageDecoder for drawable, falling back to non-resized load.
04-07 21:14:53.166  2170  2484 D LocalImageResolver: Couldn't use ImageDecoder for drawable, falling back to non-resized load.
04-07 21:14:53.218 14812 14812 D AndroidRuntime: >>>>>> START com.android.internal.os.RuntimeInit uid 2000 <<<<<<
04-07 21:14:53.223 14812 14812 I AndroidRuntime: Using default boot image
04-07 21:14:53.223 14812 14812 I AndroidRuntime: Leaving lock profiling enabled
04-07 21:14:53.225 14812 14812 I app_process: Using CollectorTypeCMC GC.
04-07 21:14:53.291 14812 14812 D nativeloader: InitDefaultPublicLibraries for_preload=1: libandroid.so:libaaudio.so:libamidi.so:libbinder_ndk.so:libc.so:libcamera2ndk.so:libdl.so:libEGL.so:libGLESv1_CM.so:libGLESv2.so:libGLESv3.so:libicu.so:libicui18n.so:libicuuc.so:libjnigraphics.so:liblog.so:libmediandk.so:libm.so:libnativehelper.so:libnativewindow.so:libOpenMAXAL.so:libOpenSLES.so:libRS.so:libstdc++.so:libsync.so:libvulkan.so:libwebviewchromium_plat_support.so:libz.so
04-07 21:14:53.300 14812 14812 D nativeloader: Load libicu_jni.so using APEX ns com_android_art for caller /apex/com.android.art/javalib/core-oj.jar: ok
04-07 21:14:53.301 14812 14812 D app_process: u_setTimeZoneFilesDirectory("/apex/com.android.tzdata/etc/tz/versioned/8/icu") succeeded. 
04-07 21:14:53.301 14812 14812 D app_process: I18n APEX ICU file found: /apex/com.android.i18n/etc/icu/icudt75l.dat
04-07 21:14:53.308 14812 14812 D nativeloader: Load libjavacore.so using APEX ns com_android_art for caller /apex/com.android.art/javalib/core-oj.jar: ok
04-07 21:14:53.309 14812 14812 D nativeloader: Load libopenjdk.so using APEX ns com_android_art for caller /apex/com.android.art/javalib/core-oj.jar: ok
04-07 21:14:53.310 14812 14812 I app_process: Priority-to-niceness mapping: 19, 16, 13, 10, 0, -2, -4, -5, -6, -8
04-07 21:14:53.316  1465  1970 D ULogGuard: Monitoring: 16 threads, 0 requests, 0 time-bombs; 2 guards. ResetFlags = 0x7
04-07 21:14:53.324 14812 14812 W libc    : Access denied finding property "ro.vendor.mtk.hbt_binfmt_misc_support"
04-07 21:14:53.325 14812 14812 W libc    : Access denied finding property "ro.vendor.mtk.app32_boost_support"
04-07 21:14:53.325 14812 14812 W libc    : Access denied finding property "ro.vendor.mtk.hbt_dyn_type"
04-07 21:14:53.325 14812 14812 W libc    : Access denied finding property "persist.vendor.mtk.hbt_dyn_type"
04-07 21:14:53.342 14812 14812 D nativeloader: Load libframework-connectivity-tiramisu-jni.so using APEX ns com_android_tethering for caller /apex/com.android.tethering/javalib/framework-connectivity-t.jar: ok
04-07 21:14:53.342 14812 14812 D AndroidRuntime: Calling main entry com.android.commands.monkey.Monkey
04-07 21:14:53.343 14812 14812 W Monkey  : args: [-p, host.exp.exponent, -c, android.intent.category.LAUNCHER, 1]
04-07 21:14:53.343 14812 14812 W Monkey  :  arg: "-p"
04-07 21:14:53.343 14812 14812 W Monkey  :  arg: "host.exp.exponent"
04-07 21:14:53.343 14812 14812 W Monkey  :  arg: "-c"
04-07 21:14:53.343 14812 14812 W Monkey  :  arg: "android.intent.category.LAUNCHER"
04-07 21:14:53.343 14812 14812 W Monkey  :  arg: "1"
04-07 21:14:53.343 14812 14812 W Monkey  : data="host.exp.exponent"
04-07 21:14:53.343 14812 14812 W Monkey  : data="android.intent.category.LAUNCHER"
04-07 21:14:53.373  1800  1873 W ActivityManager: registerReceiverWithFeature: no app for null
04-07 21:14:53.379  1800  1873 W ActivityTaskManager: callingPackage for (uid=2000, pid=14812) has no WPC
04-07 21:14:53.380  1800  1873 W OptProp : Cannot read opt property android.window.PROPERTY_COMPAT_ALLOW_ORIENTATION_OVERRIDE
04-07 21:14:53.380  1800  1873 V GrammaticalInflectionUtils: AttributionSource: android.content.AttributionSource@19cd80a4 does not have READ_SYSTEM_GRAMMATICAL_GENDER permission.
04-07 21:14:53.380  1800  1873 W OptProp : Cannot read opt property android.window.PROPERTY_COMPAT_ALLOW_RESIZEABLE_ACTIVITY_OVERRIDES
04-07 21:14:53.381  1800  1873 W OptProp : Cannot read opt property android.window.PROPERTY_COMPAT_ALLOW_MIN_ASPECT_RATIO_OVERRIDE
04-07 21:14:53.383  1800  1873 I PowerHalWrapper: amsBoostNotify pid:12712,activity:host.exp.exponent.experience.ErrorActivity, package:host.exp.exponent, mProcessCreatePackhost.exp.exponent 
04-07 21:14:53.383  1800  1873 I PowerHalWrapper: state: 0 
04-07 21:14:53.384  1800  1873 I ScnModule: [GameDetection] packname: host.exp.exponent, apkSize: 314590746. 
04-07 21:14:53.384  1800  1873 I mtkpower_client: [PowerHal_Wrap_notifyAppState] host.exp.exponent/host.exp.exponent.experience.ErrorActivity pid=12712 activityId:238477823 state:0
04-07 21:14:53.385  1237  1237 I IPCThreadState: oneway function results for code 2 on binder at 0xb400007b36027170 will be dropped but finished with status UNKNOWN_TRANSACTION
04-07 21:14:53.385  1237  1237 I vendor.mediatek.hardware.mtkpower_applist-service.mediatek: packName: host.exp.exponent actName: host.exp.exponent.experience.ErrorActivity pid: 12712 uid: 10213 state: 0
04-07 21:14:53.385  1237  1237 I MTK_APPList: [notifyAPPstate] host.exp.exponent/host.exp.exponent.experience.ErrorActivity, pid=12712, uid=10213, state:PAUSED, fps:-1, win:0
04-07 21:14:53.385  1237  1237 I MTK_APPList: [notifyAPPstate] multi_resumed_app_count: 0
04-07 21:14:53.385  1237  1237 I MTK_APPList: [getForegroundAPPCount] 1
04-07 21:14:53.385  1237  1237 I MTK_APPList: [notifyNetdUID] 10213
04-07 21:14:53.386  1256  1673 D SurfaceFlinger: [SF client] NEW(0xb400007be9847f80) for (2170:com.android.systemui)
04-07 21:14:53.386  1800  1873 I PowerHalWrapper: amsBoostNotify AMS_BOOST_PROCESS_CREATE_BOOST:false 
04-07 21:14:53.386  1237  1237 I MTK_APPList: [notifyPID] 12712
04-07 21:14:53.387  1800  1873 I PowerHalWrapper: <amsBoostResume> last:host.exp.exponent, next:host.exp.exponenthasATProcess:true 
04-07 21:14:53.387  1800  1873 I PowerHalWrapper:  mIsColdLaunch :false 
04-07 21:14:53.388  1245  1319 I libPowerHal: [perfSetSysInfo] pid type:24, 12712
04-07 21:14:53.388  1800  1873 I ActivityTaskManager: START u0 {act=android.intent.action.MAIN cat=[android.intent.category.LAUNCHER] flg=0x10200000 cmp=host.exp.exponent/.experience.HomeActivity} with LAUNCH_SINGLE_TASK from uid 2000 (BAL_ALLOW_PERMISSION) result code=2
04-07 21:14:53.389  1800  1819 E ApplicationHelper: Fail to get PackageManager
04-07 21:14:53.389  1800  1819 E ApplicationHelper: Fail to get PackageManager
04-07 21:14:53.389  2170  2228 V WindowManagerShell: Transition requested (#87): android.os.BinderProxy@66b7da TransitionRequestInfo { type = OPEN, triggerTask = TaskInfo{userId=0 taskId=13 displayId=0 isRunning=true baseIntent=Intent { act=android.intent.action.MAIN cat=[android.intent.category.LAUNCHER] flg=0x10200000 cmp=host.exp.exponent/.experience.HomeActivity } baseActivity=ComponentInfo{host.exp.exponent/host.exp.exponent.experience.HomeActivity} topActivity=ComponentInfo{host.exp.exponent/host.exp.exponent.experience.HomeActivity} origActivity=null realActivity=ComponentInfo{host.exp.exponent/host.exp.exponent.experience.HomeActivity} numActivities=1 lastActiveTime=846236 supportsMultiWindow=true resizeMode=1 isResizeable=true minWidth=-1 minHeight=-1 defaultMinSize=220 token=WCT{android.window.IWindowContainerToken$Stub$Proxy@45ce40b} topActivityType=1 pictureInPictureParams=null shouldDockBigOverlays=false launchIntoPipHostTaskId=-1 lastParentTaskIdBeforePip=-1 displayCutoutSafeInsets=Rect(0, 78 - 0, 0) topActivityInfo=ActivityInfo{48aa2e8 host.exp.exponent.experience.HomeActivity} launchCookies=[] positionInParent=Point(0, 0) parentTaskId=-1 isFocused=false isVisible=false isVisibleRequested=false isSleeping=false locusId=null displayAreaFeatureId=1 isTopActivityTransparent=false appCompatTaskInfo=AppCompatTaskInfo { topActivityInSizeCompat=false topActivityEligibleForLetterboxEducation= falseisLetterboxEducationEnabled= false isLetterboxDoubleTapEnabled= false topActivityEligibleForUserAspectRatioButton= false topActivityBoundsLetterboxed= false isFromLetterboxDoubleTap= false topActivityLetterboxVerticalPosition= -1 topActivityLetterboxHorizontalPosition= -1 topActivityLetterboxWidth=1200 topActivityLetterboxHeight=2670 isUserFullscreenOverrideEnabled=false isSystemFullscreenOverrideEnabled=false cameraCompatTaskInfo=CameraCompatTaskInfo { cameraCompatControlState=hidden freeformCameraCompatMode=inactive}}}, pipTask = null, remoteTransition = null, displayChange = null, flags = 0, debugId = 87 }
04-07 21:14:53.389  1245  1319 I libPowerHal: [perfLockRel] hdl:867, idx:-1
04-07 21:14:53.389 14812 14812 I Monkey  : Events injected: 1
04-07 21:14:53.390  2170  2257 D VRI[exponent]: hardware acceleration = true, forceHwAccelerated = false
04-07 21:14:53.392  1245  1319 I libPowerHal: [perfLockAcq] idx:0 hdl:868 hint:23 pid:1245 tid:1245 duration:10000 lock_user:vendor.mediatek => ret_hdl:868
04-07 21:14:53.393  1245  1319 I libPowerHal: [setClusterFreq] MTKPOWER_HINT_ACT_SWITCH set cpufreq[0] min:2000000 max:-1 cpufreq[1] min:2500000 max:-1 
04-07 21:14:53.393  1245  1319 I libPowerHal: [setClusterFreq]  set cpu_ctrl cpufreq: 2000000 -1 2500000 -1 
04-07 21:14:53.394  2170  2228 D WindowManagerShell: onActivityRestartAttempt: ComponentInfo{host.exp.exponent/host.exp.exponent.experience.HomeActivity}
04-07 21:14:53.394  2390  2390 I TopTaskTracker: onTaskMovedToFront: (moved taskInfo to front) taskId=13, baseIntent=Intent { act=android.intent.action.MAIN cat=[android.intent.category.LAUNCHER] flg=0x10200000 cmp=host.exp.exponent/.experience.HomeActivity }
04-07 21:14:53.394  1245  1319 I libPowerHal: [PE] MTKPOWER_HINT_ACT_SWITCH update cmd:1408300, param:100
04-07 21:14:53.395  1245  1319 I libPowerHal: [setDvfsrcDevFreqOpp] opp:1, freq:5460000000
04-07 21:14:53.395  1245  1319 I libPowerHal: [PE] MTKPOWER_HINT_ACT_SWITCH update cmd:1000000 param:1
04-07 21:14:53.395  1256  2589 I BufferQueueDebug: [4345f4b Splash Screen host.exp.exponent#1119](this:0xb400007a89a02d90,id:-1,api:0,p:-1,c:-1) BufferQueue core=(1256:/system/bin/surfaceflinger)
04-07 21:14:53.397  2170  2257 D InputEventReceiver: Input log is disabled in InputEventReceiver.
04-07 21:14:53.397  1800  1870 V SettingsProvider: name : accelerometer_rotation appId : 1000
04-07 21:14:53.398  1800  1870 V SettingsProvider: name : user_rotation appId : 1000
04-07 21:14:53.400  1256  1256 I BpBinder: onLastStrongRef automatically unlinking death recipients: 
04-07 21:14:53.402  1800  2424 W WindowManager: Changing focus from Window{b3111f7 u0 host.exp.exponent/host.exp.exponent.experience.ErrorActivity} to null displayId=0 Callers=com.android.server.wm.RootWindowContainer.updateFocusedWindowLocked:468 com.android.server.wm.WindowManagerService.updateFocusedWindowLocked:6623 com.android.server.wm.ActivityTaskManagerService.setLastResumedActivityUncheckLocked:5047 com.android.server.wm.ActivityTaskSupervisor.updateTopResumedActivityIfNeeded:2326 
04-07 21:14:53.402  1216  1216 I hwcomposer: [HWCDisplay] [Display_0 (type:1, mode:2)] fps:0.037017,dur:54029.18,max:53347.84,min:681.34  
04-07 21:14:53.402  1800  2424 I PowerHalWrapper: amsBoostNotify pid:12712,activity:host.exp.exponent.experience.HomeActivity, package:host.exp.exponent, mProcessCreatePackhost.exp.exponent 
04-07 21:14:53.402  1800  2424 I PowerHalWrapper: state: 1 
04-07 21:14:53.405  1800  2424 I ScnModule: [GameDetection] packname: host.exp.exponent, apkSize: 314590746. 
04-07 21:14:53.405  1800  2424 I mtkpower_client: [PowerHal_Wrap_notifyAppState] host.exp.exponent/host.exp.exponent.experience.HomeActivity pid=12712 activityId:1659042 state:1
04-07 21:14:53.405  1237  1237 I IPCThreadState: oneway function results for code 2 on binder at 0xb400007b36027170 will be dropped but finished with status UNKNOWN_TRANSACTION
04-07 21:14:53.405  1237  1237 I vendor.mediatek.hardware.mtkpower_applist-service.mediatek: packName: host.exp.exponent actName: host.exp.exponent.experience.HomeActivity pid: 12712 uid: 10213 state: 1
04-07 21:14:53.405  1237  1237 I MTK_APPList: [notifyAPPstate] host.exp.exponent/host.exp.exponent.experience.HomeActivity, pid=12712, uid=10213, state:RESUMED, fps:-1, win:0
04-07 21:14:53.405  1237  1237 I MTK_APPList: [notifyAPPstate] multi_resumed_app_count: 1
04-07 21:14:53.405  1237  1237 I MTK_APPList: [notifyAPPstate] multi_resumed_app_info[0] host.exp.exponent/host.exp.exponent.experience.HomeActivity, pid:12712, fps:-1, isMultiWindow:0
04-07 21:14:53.405  1237  1237 I MTK_APPList: [getForegroundAPPCount] 1
04-07 21:14:53.405  1237  1237 I MTK_APPList: [notifyAPPstate] foreground:host.exp.exponent, pid:12712, uid:10213
04-07 21:14:53.405  1237  1237 I MTK_APPList: [notifyNetdUID] 10213
04-07 21:14:53.406  1237  1237 I MTK_APPList: [notifyPID] 12712
04-07 21:14:53.407  1245  1319 I libPowerHal: [perfSetSysInfo] pid type:24, 12712
04-07 21:14:53.407  1237  1237 I MTK_APPList: [notifyAPPstate] act host.exp.exponent.experience.ErrorActivity => host.exp.exponent.experience.HomeActivity
04-07 21:14:53.407  1800  2424 I PowerHalWrapper: amsBoostNotify AMS_BOOST_PROCESS_CREATE_BOOST:false 
04-07 21:14:53.407  2789  2789 D BoundBrokerSvc: onBind: Intent { act=com.google.android.gms.measurement.START pkg=com.google.android.gms }
04-07 21:14:53.407  2789  2789 D BoundBrokerSvc: Loading bound service for intent: Intent { act=com.google.android.gms.measurement.START pkg=com.google.android.gms }
04-07 21:14:53.410  1800  1870 V SettingsProvider: name : accelerometer_rotation appId : 1000
04-07 21:14:53.411 12712 12712 D ActivityThread: handleResumeActivity#3 r.window=com.android.internal.policy.PhoneWindow@faf6e0ea.mFinished = falsewillBeVisible = true
04-07 21:14:53.411  2170  2257 D VRI[exponent]: visibilityChanged oldVisibility=false newVisibility=true
04-07 21:14:53.412  1800  1870 V SettingsProvider: name : user_rotation appId : 1000
04-07 21:14:53.412  1800  1873 D CoreBackPreview: Window{4345f4b u0 Splash Screen host.exp.exponent}: Setting back callback OnBackInvokedCallbackInfo{mCallback=android.window.IOnBackInvokedCallback$Stub$Proxy@ae6497d, mPriority=0, mIsAnimationCallback=false}
04-07 21:14:53.413  1800  1819 E ApplicationHelper: Fail to get PackageManager
04-07 21:14:53.413  1800  1819 E ApplicationHelper: Fail to get PackageManager
04-07 21:14:53.414  1256  2589 I BufferQueueDebug: [Splash Screen host.exp.exponent#1120](this:0xb400007a899eeea0,id:-1,api:0,p:-1,c:-1) BufferQueue core=(1256:/system/bin/surfaceflinger)
04-07 21:14:53.414  1800  1819 E ApplicationHelper: Fail to get PackageManager
04-07 21:14:53.414  1800  1819 E ApplicationHelper: Fail to get PackageManager
04-07 21:14:53.414  1800  1819 E ApplicationHelper: Fail to get PackageManager
04-07 21:14:53.414  1800  1819 E ApplicationHelper: Fail to get PackageManager
04-07 21:14:53.414  1800  1819 E ApplicationHelper: Fail to get PackageManager
04-07 21:14:53.414  1800  1819 E ApplicationHelper: Fail to get PackageManager
04-07 21:14:53.414  1800  1819 E ApplicationHelper: Fail to get PackageManager
04-07 21:14:53.414  1800  1819 E ApplicationHelper: Fail to get PackageManager
04-07 21:14:53.414  1800  1819 E ApplicationHelper: Fail to get PackageManager
04-07 21:14:53.414  1800  1819 E ApplicationHelper: Fail to get PackageManager
04-07 21:14:53.414  1800  1819 E ApplicationHelper: Fail to get PackageManager
04-07 21:14:53.415  1800  1873 I WindowManager: Relayout Window{4345f4b u0 Splash Screen host.exp.exponent}: oldVis=8 newVis=0 focusMayChange = true requestedWidth = 1200 requestedHeight = 2670 outFrames = ClientWindowFrames{frame=[0,0][1200,2670] display=[0,0][1200,2670] parentFrame=[0,0][0,0]} outSurfaceControl = Surface(name=Splash Screen host.exp.exponent)/@0x21f9072
04-07 21:14:53.415  2170  2257 D BufferQueueConsumer: [](id:87a00000049,api:0,p:-1,c:2170) connect: controlledByApp=false
04-07 21:14:53.415  2170  2257 D BLASTBufferQueue: [VRI[exponent]#72](f:0,a:0) constructor()
04-07 21:14:53.415  2170  2257 D BLASTBufferQueue: [VRI[exponent]#72](f:0,a:0) update width=1200 height=2670 format=-3 mTransformHint=0
04-07 21:14:53.416  1256  2589 I BufferQueueDebug: [host.exp.exponent/host.exp.exponent.experience.HomeActivity#1121](this:0xb400007a899ccbe0,id:-1,api:0,p:-1,c:-1) BufferQueue core=(1256:/system/bin/surfaceflinger)
04-07 21:14:53.418  1800  3303 W WindowManager: Changing focus from null to Window{a11e549 u0 host.exp.exponent/host.exp.exponent.experience.HomeActivity} displayId=0 Callers=com.android.server.wm.RootWindowContainer.updateFocusedWindowLocked:468 com.android.server.wm.WindowManagerService.updateFocusedWindowLocked:6623 com.android.server.wm.WindowManagerService.relayoutWindowInner:2691 com.android.server.wm.WindowManagerService.relayoutWindow:2361 
04-07 21:14:53.419  1256  2589 I BufferQueueDebug: [Surface(name=843c946 NavigationBar0)/@0xa941112 - animation-leash of insets_animation#1122](this:0xb400007a899c15a0,id:-1,api:0,p:-1,c:-1) BufferQueue core=(1256:/system/bin/surfaceflinger)
04-07 21:14:53.419  2170  2285 D BLASTBufferQueue: [VRI[exponent]#72](f:0,a:1) acquireNextBufferLocked size=1200x2670 mFrameNumber=1 applyTransaction=true mTimestamp=956721944595(auto) mPendingTransactions.size=0 graphicBufferId=9320079032853 transform=0
04-07 21:14:53.420  1256  2589 I BufferQueueDebug: [Surface(name=78626c0 StatusBar)/@0x11e2c5e - animation-leash of insets_animation#1123](this:0xb400007a89a088b0,id:-1,api:0,p:-1,c:-1) BufferQueue core=(1256:/system/bin/surfaceflinger)
04-07 21:14:53.421  1800  3303 I WindowManager: Relayout Window{a11e549 u0 host.exp.exponent/host.exp.exponent.experience.HomeActivity}: oldVis=8 newVis=0 focusMayChange = true requestedWidth = 1200 requestedHeight = 2670 outFrames = ClientWindowFrames{frame=[0,0][1200,2670] display=[0,0][1200,2670] parentFrame=[0,0][0,0]} outSurfaceControl = Surface(name=host.exp.exponent/host.exp.exponent.experience.HomeActivity)/@0x2ba2b35
04-07 21:14:53.421  1800  1822 D SurfaceComposerClient: Transaction::apply InputWindowCommands.focusRequests timestamp=956718964902, windowName=<null>
04-07 21:14:53.422 12712 12712 D BufferQueueConsumer: [](id:31a80000002d,api:0,p:-1,c:12712) connect: controlledByApp=false
04-07 21:14:53.422 12712 12712 D BLASTBufferQueue: [VRI[HomeActivity]#43](f:0,a:0) constructor()
04-07 21:14:53.422 12712 12712 D BLASTBufferQueue: [VRI[HomeActivity]#43](f:0,a:0) update width=1200 height=2670 format=-1 mTransformHint=0
04-07 21:14:53.424  1256  1256 D SurfaceFlinger: Focus addInputWindowCommands timestamp=956718964902, windowName=<null>
04-07 21:14:53.425 14812 14812 I Monkey  : ## Network stats: elapsed time=43ms (0ms mobile, 0ms wifi, 43ms not connected)
04-07 21:14:53.426  1256  1673 I BufferQueueDebug: [Transition Root: Task=13#1124](this:0xb400007a89a05b20,id:-1,api:0,p:-1,c:-1) BufferQueue core=(1256:/system/bin/surfaceflinger)
04-07 21:14:53.426  1256  1648 D SurfaceFlinger: updateWinowInfo=1, setFocusedWindow timestamp=956718964902, windowName=<null>
04-07 21:14:53.427 12712 12799 D BLASTBufferQueue: [VRI[HomeActivity]#43](f:0,a:1) acquireNextBufferLocked size=1200x2670 mFrameNumber=1 applyTransaction=true mTimestamp=956729383133(auto) mPendingTransactions.size=0 graphicBufferId=54597624267065 transform=0
04-07 21:14:53.427 14812 14812 I app_process: System.exit called, status: 0
04-07 21:14:53.427 14812 14812 I AndroidRuntime: VM exiting with result code 0.
04-07 21:14:53.428  2170  2295 V WindowManagerShell: onTransitionReady(transaction=7730941137245)
04-07 21:14:53.428  2170  2228 V WindowManagerShell: onTransitionReady (#87) android.os.BinderProxy@66b7da: {id=87 t=OPEN f=0x0 trk=0 r=[0@Point(0, 0)] c=[{WCT{android.window.IWindowContainerToken$Stub$Proxy@677adf} m=TO_FRONT f=MOVE_TO_TOP leash=Surface(name=Task=13)/@0x12ce700 sb=Rect(0, 0 - 1200, 2670) eb=Rect(0, 0 - 1200, 2670) d=0 taskParent=-1},{WCT{android.window.IWindowContainerToken$Stub$Proxy@af9732c} m=TO_BACK f=NONE leash=Surface(name=Task=18)/@0x8808b39 sb=Rect(0, 0 - 1200, 2670) eb=Rect(0, 0 - 1200, 2670) d=0 taskParent=-1}]}
