04-07 21:13:02.937  1245  1319 I libPowerHal: [perfLockAcq] idx:1 hdl:864 hint:22 pid:1245 tid:1245 duration:10000 lock_user:vendor.mediatek => ret_hdl:864
04-07 21:13:02.937  1245  1319 I libPowerHal: [setClusterFreq] MTKPOWER_HINT_PACK_SWITCH set cpufreq[0] min:2000000 max:-1 cpufreq[1] min:2500000 max:-1 
04-07 21:13:02.937  1256  1648 D SurfaceFlinger: updateWinowInfo=1, setFocusedWindow timestamp=846230720896, windowName=<null>
04-07 21:13:02.938  1245  1319 I libPowerHal: [perfLockRel] hdl:857, idx:-1
04-07 21:13:02.941  2390  2390 I TopTaskTracker: onTaskMovedToFront: (moved taskInfo to front) taskId=18, baseIntent=Intent { flg=0x1c080000 cmp=host.exp.exponent/.experience.ExperienceActivity }
04-07 21:13:02.943  2170  2228 D WindowManagerShell: onActivityRestartAttempt: ComponentInfo{host.exp.exponent/host.exp.exponent.experience.ErrorActivity}
04-07 21:13:02.943  1256  1256 I SurfaceFlinger: onHandleDestroyed: name=Surface(name=843c946 NavigationBar0)/@0xa941112 - animation-leash of insets_animation#1105, layerId=1105, parentId=0
04-07 21:13:02.944 12712 12712 D ActivityThread: handleResumeActivity#3 r.window=nulla.mFinished = falsewillBeVisible = true
04-07 21:13:02.944 12712 12712 D ActivityThread: handleResumeActivity#4 addView a.mVisibleFromClient=truea.mWindowAdded=falsedecor=DecorView@ce70aef[]
04-07 21:13:02.944 12712 12712 D ActivityThread: handleResumeActivity#5 addView decor=DecorView@ce70aef[]
04-07 21:13:02.944  1256  2589 D SurfaceFlinger: [SF client] NEW(0xb400007be9820590) for (12712:host.exp.exponent)
04-07 21:13:02.945 12712 12712 D VRI[LauncherActivity]: hardware acceleration = true, forceHwAccelerated = false
04-07 21:13:02.946  1256  2589 I BufferQueueDebug: [4110529 host.exp.exponent/host.exp.exponent.LauncherActivity#1109](this:0xb400007a899c15a0,id:-1,api:0,p:-1,c:-1) BufferQueue core=(1256:/system/bin/surfaceflinger)
04-07 21:13:02.947 12712 12712 D InputEventReceiver: Input log is disabled in InputEventReceiver.
04-07 21:13:02.948  1256  2589 I SurfaceFlinger: onHandleDestroyed: name=Surface(name=843c946 NavigationBar0)/@0xa941112 - animation-leash of insets_animation#1096, layerId=1096, parentId=0
04-07 21:13:02.948  1256  2589 I SurfaceFlinger: onHandleDestroyed: name=Surface(name=78626c0 StatusBar)/@0x11e2c5e - animation-leash of insets_animation#1097, layerId=1097, parentId=0
04-07 21:13:02.948  1800  3320 D CoreBackPreview: Window{4110529 u0 host.exp.exponent/host.exp.exponent.LauncherActivity}: Setting back callback OnBackInvokedCallbackInfo{mCallback=android.window.IOnBackInvokedCallback$Stub$Proxy@1e3de4f, mPriority=0, mIsAnimationCallback=false}
04-07 21:13:02.949  1256  2589 I BufferQueueDebug: [host.exp.exponent/host.exp.exponent.LauncherActivity#1110](this:0xb400007a899ccbe0,id:-1,api:0,p:-1,c:-1) BufferQueue core=(1256:/system/bin/surfaceflinger)
04-07 21:13:02.952  1256  1256 I BufferQueueDebug: [Surface(name=78626c0 StatusBar)/@0x11e2c5e - animation-leash of insets_animation#1097](this:0xb400007a89824710,id:-1,api:0,p:-1,c:1256) onDestructor()
04-07 21:13:02.952  1256  1256 I BufferQueueDebug: [Surface(name=843c946 NavigationBar0)/@0xa941112 - animation-leash of insets_animation#1105](this:0xb400007a89a00000,id:-1,api:0,p:-1,c:1256) onDestructor()
04-07 21:13:02.952  1256  1256 I BufferQueueDebug: [Surface(name=843c946 NavigationBar0)/@0xa941112 - animation-leash of insets_animation#1096](this:0xb400007a89a4ce30,id:-1,api:0,p:-1,c:1256) onDestructor()
04-07 21:13:02.952  1256  1256 I SurfaceFlinger: onHandleDestroyed: name=Surface(name=78626c0 StatusBar)/@0x11e2c5e - animation-leash of insets_animation#1106, layerId=1106, parentId=0
04-07 21:13:02.952  1800  1815 W WindowManager: Changing focus from null to Window{4110529 u0 host.exp.exponent/host.exp.exponent.LauncherActivity} displayId=0 Callers=com.android.server.wm.RootWindowContainer.updateFocusedWindowLocked:468 com.android.server.wm.WindowManagerService.updateFocusedWindowLocked:6623 com.android.server.wm.WindowManagerService.relayoutWindowInner:2691 com.android.server.wm.WindowManagerService.relayoutWindow:2361 
04-07 21:13:02.953  1256  2589 I BufferQueueDebug: [Surface(name=843c946 NavigationBar0)/@0xa941112 - animation-leash of insets_animation#1111](this:0xb400007a899d2700,id:-1,api:0,p:-1,c:-1) BufferQueue core=(1256:/system/bin/surfaceflinger)
04-07 21:13:02.954  1256  2589 I BufferQueueDebug: [Surface(name=78626c0 StatusBar)/@0x11e2c5e - animation-leash of insets_animation#1112](this:0xb400007a89a4ce30,id:-1,api:0,p:-1,c:-1) BufferQueue core=(1256:/system/bin/surfaceflinger)
04-07 21:13:02.955  1800  1815 I WindowManager: Relayout Window{4110529 u0 host.exp.exponent/host.exp.exponent.LauncherActivity}: oldVis=4 newVis=0 focusMayChange = true requestedWidth = 1200 requestedHeight = 2670 outFrames = ClientWindowFrames{frame=[0,0][1200,2670] display=[0,0][1200,2670] parentFrame=[0,0][0,0]} outSurfaceControl = Surface(name=host.exp.exponent/host.exp.exponent.LauncherActivity)/@0x2333061
04-07 21:13:02.956  1800  1822 D SurfaceComposerClient: Transaction::apply InputWindowCommands.focusRequests timestamp=846258585588, windowName=4110529 host.exp.exponent/host.exp.exponent.LauncherActivity
04-07 21:13:02.956 12712 12712 D BufferQueueConsumer: [](id:31a80000002c,api:0,p:-1,c:12712) connect: controlledByApp=false
04-07 21:13:02.956 12712 12712 D BLASTBufferQueue: [VRI[LauncherActivity]#42](f:0,a:0) constructor()
04-07 21:13:02.956 12712 12712 D BLASTBufferQueue: [VRI[LauncherActivity]#42](f:0,a:0) update width=1200 height=2670 format=-2 mTransformHint=0
04-07 21:13:02.960 12712 12799 D BLASTBufferQueue: [VRI[LauncherActivity]#42](f:0,a:1) acquireNextBufferLocked size=1200x2670 mFrameNumber=1 applyTransaction=true mTimestamp=846262522511(auto) mPendingTransactions.size=0 graphicBufferId=54597624267058 transform=0
04-07 21:13:02.960  1256  1256 D SurfaceFlinger: Focus addInputWindowCommands timestamp=846258585588, windowName=4110529 host.exp.exponent/host.exp.exponent.LauncherActivity
04-07 21:13:02.960  1256  1256 I BufferQueueDebug: [Surface(name=78626c0 StatusBar)/@0x11e2c5e - animation-leash of insets_animation#1106](this:0xb400007a899e0ad0,id:-1,api:0,p:-1,c:1256) onDestructor()
04-07 21:13:02.962  1256  1648 D SurfaceFlinger: updateWinowInfo=1, setFocusedWindow timestamp=846258585588, windowName=4110529 host.exp.exponent/host.exp.exponent.LauncherActivity
04-07 21:13:02.967  1800  1814 W WindowManager: Changing focus from Window{4110529 u0 host.exp.exponent/host.exp.exponent.LauncherActivity} to Window{b3111f7 u0 host.exp.exponent/host.exp.exponent.experience.ErrorActivity} displayId=0 Callers=com.android.server.wm.RootWindowContainer.updateFocusedWindowLocked:468 com.android.server.wm.WindowManagerService.updateFocusedWindowLocked:6623 com.android.server.wm.ActivityTaskManagerService.setLastResumedActivityUncheckLocked:5047 com.android.server.wm.ActivityTaskSupervisor.updateTopResumedActivityIfNeeded:2326 
04-07 21:13:02.967  1256  1673 I BufferQueueDebug: [Surface(name=843c946 NavigationBar0)/@0xa941112 - animation-leash of insets_animation#1113](this:0xb400007a89824710,id:-1,api:0,p:-1,c:-1) BufferQueue core=(1256:/system/bin/surfaceflinger)
04-07 21:13:02.968  1256  1673 I BufferQueueDebug: [Surface(name=78626c0 StatusBar)/@0x11e2c5e - animation-leash of insets_animation#1114](this:0xb400007a89a00000,id:-1,api:0,p:-1,c:-1) BufferQueue core=(1256:/system/bin/surfaceflinger)
04-07 21:13:02.970  1800  1814 I PowerHalWrapper: amsBoostNotify pid:12712,activity:host.exp.exponent.experience.ErrorActivity, package:host.exp.exponent, mProcessCreatePackhost.exp.exponent 
04-07 21:13:02.970  1800  1814 I PowerHalWrapper: state: 1 
04-07 21:13:02.971  1800  1814 I ScnModule: [GameDetection] packname: host.exp.exponent, apkSize: 314590746. 
04-07 21:13:02.971  1800  1814 I mtkpower_client: [PowerHal_Wrap_notifyAppState] host.exp.exponent/host.exp.exponent.experience.ErrorActivity pid=12712 activityId:238477823 state:1
04-07 21:13:02.971  1237  1237 I IPCThreadState: oneway function results for code 2 on binder at 0xb400007b36027170 will be dropped but finished with status UNKNOWN_TRANSACTION
04-07 21:13:02.971  1237  1237 I vendor.mediatek.hardware.mtkpower_applist-service.mediatek: packName: host.exp.exponent actName: host.exp.exponent.experience.ErrorActivity pid: 12712 uid: 10213 state: 1
04-07 21:13:02.971  1237  1237 I MTK_APPList: [notifyAPPstate] host.exp.exponent/host.exp.exponent.experience.ErrorActivity, pid=12712, uid=10213, state:RESUMED, fps:-1, win:0
04-07 21:13:02.971  1237  1237 I MTK_APPList: [notifyAPPstate] multi_resumed_app_count: 1
04-07 21:13:02.971  1237  1237 I MTK_APPList: [notifyAPPstate] multi_resumed_app_info[0] host.exp.exponent/host.exp.exponent.experience.ErrorActivity, pid:12712, fps:-1, isMultiWindow:0
04-07 21:13:02.971  1237  1237 I MTK_APPList: [getForegroundAPPCount] 1
04-07 21:13:02.971  1237  1237 I MTK_APPList: [notifyAPPstate] foreground:host.exp.exponent, pid:12712, uid:10213
04-07 21:13:02.971  1237  1237 I MTK_APPList: [notifyNetdUID] 10213
04-07 21:13:02.972  1800  1814 I PowerHalWrapper: amsBoostNotify AMS_BOOST_PROCESS_CREATE_BOOST:false 
04-07 21:13:02.973  1237  1237 I MTK_APPList: [notifyPID] 12712
04-07 21:13:02.974  1245  1319 I libPowerHal: [perfSetSysInfo] pid type:24, 12712
04-07 21:13:02.974  1237  1237 I MTK_APPList: [notifyAPPstate] act host.exp.exponent.LauncherActivity => host.exp.exponent.experience.ErrorActivity
04-07 21:13:02.978  1256  2753 I BufferQueueDebug: [Transition Root: Task=18#1115](this:0xb400007a89a088b0,id:-1,api:0,p:-1,c:-1) BufferQueue core=(1256:/system/bin/surfaceflinger)
04-07 21:13:02.979  2170  2765 V WindowManagerShell: onTransitionReady(transaction=7730941137191)
04-07 21:13:02.980  2170  2228 V WindowManagerShell: onTransitionReady (#86) android.os.BinderProxy@f3e8c20: {id=86 t=OPEN f=0x0 trk=0 r=[0@Point(0, 0)] c=[{WCT{android.window.IWindowContainerToken$Stub$Proxy@7ddbf38} m=TO_FRONT f=MOVE_TO_TOP leash=Surface(name=Task=18)/@0x71afa95 sb=Rect(0, 0 - 1200, 2670) eb=Rect(0, 0 - 1200, 2670) d=0 taskParent=-1},{WCT{android.window.IWindowContainerToken$Stub$Proxy@6fdab11} m=TO_BACK f=NONE leash=Surface(name=Task=13)/@0x31447aa sb=Rect(0, 0 - 1200, 2670) eb=Rect(0, 0 - 1200, 2670) d=0 taskParent=-1}]}
04-07 21:13:02.980  2170  2228 V WindowManagerShell: Transition (#86) android.os.BinderProxy@f3e8c20@0 ready while (#85) android.os.BinderProxy@40115bc@0 is still animating. Notify the animating transition in case they can be merged
04-07 21:13:02.980  2170  2228 V WindowManagerShell: Transition animation finished (aborted=false), notifying core (#85) android.os.BinderProxy@40115bc@0
04-07 21:13:02.985  1256  1256 I SurfaceFlinger: onHandleDestroyed: name=animation-background#1100, layerId=1100, parentId=0
04-07 21:13:02.990  1800  1818 V WindowManager: Sent Transition (#86) createdAt=04-07 21:13:02.905 via request=TransitionRequestInfo { type = OPEN, triggerTask = TaskInfo{userId=0 taskId=13 displayId=0 isRunning=true baseIntent=Intent { act=android.intent.action.MAIN cat=[android.intent.category.LAUNCHER] flg=0x10200000 cmp=host.exp.exponent/.experience.HomeActivity } baseActivity=ComponentInfo{host.exp.exponent/host.exp.exponent.experience.HomeActivity} topActivity=ComponentInfo{host.exp.exponent/host.exp.exponent.LauncherActivity} origActivity=null realActivity=ComponentInfo{host.exp.exponent/host.exp.exponent.experience.HomeActivity} numActivities=2 lastActiveTime=846210 supportsMultiWindow=true resizeMode=1 isResizeable=true minWidth=-1 minHeight=-1 defaultMinSize=220 token=WCT{RemoteToken{2bf9ad4 Task{1860949 #13 type=standard A=10213:host.exp.exponent}}} topActivityType=1 pictureInPictureParams=null shouldDockBigOverlays=false launchIntoPipHostTaskId=-1 lastParentTaskIdBeforePip=-1 displayCutoutSafeInsets=Rect(0, 78 - 0, 0) topActivityInfo=ActivityInfo{171c7e0 host.exp.exponent.LauncherActivity} launchCookies=[] positionInParent=Point(0, 0) parentTaskId=-1 isFocused=true isVisible=true isVisibleRequested=true isSleeping=false locusId=null displayAreaFeatureId=1 isTopActivityTransparent=true appCompatTaskInfo=AppCompatTaskInfo { topActivityInSizeCompat=false topActivityEligibleForLetterboxEducation= falseisLetterboxEducationEnabled= false isLetterboxDoubleTapEnabled= false topActivityEligibleForUserAspectRatioButton= false topActivityBoundsLetterboxed= false isFromLetterboxDoubleTap= false topActivityLetterboxVerticalPosition= -1 topActivityLetterboxHorizontalPosition= -1 topActivityLetterboxWidth=1200 topActivityLetterboxHeight=2670 isUserFullscreenOverrideEnabled=false isSystemFullscreenOverrideEnabled=false cameraCompatTaskInfo=CameraCompatTaskInfo { cameraCompatControlState=hidden freeformCameraCompatMode=inactive}}}, pipTask = null, remoteTransition = null, displayChange = null, flags = 0, debugId = 86 }
04-07 21:13:02.990  1800  1818 V WindowManager:     startWCT=WindowContainerTransaction { changes = {} hops = [] errorCallbackToken=null taskFragmentOrganizer=null }
04-07 21:13:02.991  1800  1818 V WindowManager:     info={id=86 t=OPEN f=0x0 trk=0 r=[0@Point(0, 0)] c=[
04-07 21:13:02.991  1800  1818 V WindowManager:         {WCT{RemoteToken{c57e73b Task{21ed637 #18 type=standard A=10213:host.exp.exponent}}} m=TO_FRONT f=MOVE_TO_TOP leash=Surface(name=Task=18)/@0x78afbe sb=Rect(0, 0 - 1200, 2670) eb=Rect(0, 0 - 1200, 2670) d=0 taskParent=-1},
04-07 21:13:02.991  1800  1818 V WindowManager:         {WCT{RemoteToken{2bf9ad4 Task{1860949 #13 type=standard A=10213:host.exp.exponent}}} m=TO_BACK f=NONE leash=Surface(name=Task=13)/@0xe746428 sb=Rect(0, 0 - 1200, 2670) eb=Rect(0, 0 - 1200, 2670) d=0 taskParent=-1}
04-07 21:13:02.991  1800  1818 V WindowManager:     ]}
04-07 21:13:02.991  2170  2228 V WindowManagerShell: Playing animation for (#86) android.os.BinderProxy@f3e8c20@0
04-07 21:13:02.991  2170  2228 V WindowManagerShell:  try handler com.android.wm.shell.transition.DefaultMixedHandler@2f7597d
04-07 21:13:02.991  2170  2228 V WindowManagerShell:  try handler com.android.wm.shell.keyguard.KeyguardTransitionHandler@4436072
04-07 21:13:02.991  2170  2228 V WindowManagerShell:  try handler com.android.wm.shell.pip.PipTransition@bc123df
04-07 21:13:02.991  2170  2228 V WindowManagerShell:  try handler com.android.wm.shell.activityembedding.ActivityEmbeddingController@7a4682c
04-07 21:13:02.991  2170  2228 V WindowManagerShell:  try handler com.android.wm.shell.recents.RecentsTransitionHandler@6c5f2f5
04-07 21:13:02.992  2170  2228 V ShellRecents: RecentsTransitionHandler.startAnimation: no controller found
04-07 21:13:02.992  2170  2228 V WindowManagerShell:  try handler com.android.wm.shell.splitscreen.StageCoordinator@cd488a
04-07 21:13:02.992  1800  1818 V WindowManager: Finish Transition (#85): created at 04-07 21:13:02.791 collect-started=0.02ms request-sent=2.92ms started=13.6ms ready=13.586ms sent=40.294ms finished=199.123ms
04-07 21:13:02.992  2170  2228 V WindowManagerShell:  try handler com.android.wm.shell.transition.RemoteTransitionHandler@83e1efb
04-07 21:13:02.992  2170  2228 V WindowManagerShell: Transition doesn't have explicit remote, search filters for match for {id=86 t=OPEN f=0x0 trk=0 r=[0@Point(0, 0)] c=[{WCT{android.window.IWindowContainerToken$Stub$Proxy@7ddbf38} m=TO_FRONT f=MOVE_TO_TOP leash=Surface(name=Task=18)/@0x71afa95 sb=Rect(0, 0 - 1200, 2670) eb=Rect(0, 0 - 1200, 2670) d=0 taskParent=-1},{WCT{android.window.IWindowContainerToken$Stub$Proxy@6fdab11} m=TO_BACK f=NONE leash=Surface(name=Task=13)/@0x31447aa sb=Rect(0, 0 - 1200, 2670) eb=Rect(0, 0 - 1200, 2670) d=0 taskParent=-1}]}
04-07 21:13:02.992  2170  2228 V WindowManagerShell:  Checking filter Pair{{types=[] flags=0x0] notFlags=0x100 checks=[{atype=home independent=true modes=[OPEN,TO_FRONT] flags=NONE mustBeTask=false order=TOP topActivity=ComponentInfo{com.android.launcher3/com.android.searchlauncher.SearchLauncher} launchCookie=null},{atype=standard independent=true modes=[CLOSE,TO_BACK] flags=NONE mustBeTask=false order=ANY topActivity=null launchCookie=null}]} RemoteTransition { remoteTransition = android.window.IRemoteTransition$Stub$Proxy@105db18, appThread = android.app.IApplicationThread$Stub$Proxy@4cfc971, debugName = QuickstepLaunchHome }}
04-07 21:13:02.992  2170  2228 V WindowManagerShell:  Delegate animation for (#86) to null
04-07 21:13:02.992  2170  2228 V WindowManagerShell:  try handler com.android.wm.shell.transition.DefaultTransitionHandler@a3f6356
04-07 21:13:02.992  2170  2228 V WindowManagerShell: start default transition animation, info = {id=86 t=OPEN f=0x0 trk=0 r=[0@Point(0, 0)] c=[{WCT{android.window.IWindowContainerToken$Stub$Proxy@7ddbf38} m=TO_FRONT f=MOVE_TO_TOP leash=Surface(name=Task=18)/@0x71afa95 sb=Rect(0, 0 - 1200, 2670) eb=Rect(0, 0 - 1200, 2670) d=0 taskParent=-1},{WCT{android.window.IWindowContainerToken$Stub$Proxy@6fdab11} m=TO_BACK f=NONE leash=Surface(name=Task=13)/@0x31447aa sb=Rect(0, 0 - 1200, 2670) eb=Rect(0, 0 - 1200, 2670) d=0 taskParent=-1}]}
04-07 21:13:02.992  2170  2228 V WindowManagerShell: loadAnimation: anim=android.view.animation.AnimationSet@d917a77 animAttr=0x9 type=OPEN isEntrance=false
04-07 21:13:02.992  2170  2228 V WindowManagerShell: loadAnimation: anim=android.view.animation.AnimationSet@94b96e4 animAttr=0x8 type=OPEN isEntrance=true
04-07 21:13:02.993  1256  2753 I BufferQueueDebug: [animation-background#1116](this:0xb400007a899e0ad0,id:-1,api:0,p:-1,c:-1) BufferQueue core=(1256:/system/bin/surfaceflinger)
04-07 21:13:02.993  1256  1256 I BufferQueueDebug: [animation-background#1100](this:0xb400007a899f1c30,id:-1,api:0,p:-1,c:1256) onDestructor()
04-07 21:13:02.993  1256  1256 I SurfaceFlinger: onHandleDestroyed: name=Transition Root: Task=13#1099, layerId=1099, parentId=0
04-07 21:13:02.994  2170  2228 V WindowManagerShell:  animated by com.android.wm.shell.transition.DefaultTransitionHandler@a3f6356
04-07 21:13:02.996  1800  1814 W UserManagerService: Requested status bar icon for non-badged user 0
04-07 21:13:02.997  1800  1814 W UserManagerService: Requested status bar icon for non-badged user 0
04-07 21:13:02.997  1800  1814 W UserManagerService: Requested status bar icon for non-badged user 0
04-07 21:13:02.999  1256  2589 I SurfaceFlinger: onHandleDestroyed: name=Surface(name=843c946 NavigationBar0)/@0xa941112 - animation-leash of insets_animation#1107, layerId=1107, parentId=0
04-07 21:13:02.999  1256  1361 I SurfaceFlinger: onHandleDestroyed: name=Surface(name=78626c0 StatusBar)/@0x11e2c5e - animation-leash of insets_animation#1108, layerId=1108, parentId=0
04-07 21:13:03.000 12712 12712 D ActivityThread: handleResumeActivity#3 r.window=com.android.internal.policy.PhoneWindow@97c5b8ea.mFinished = falsewillBeVisible = true
04-07 21:13:03.002  1800  1822 D SurfaceComposerClient: Transaction::apply InputWindowCommands.focusRequests timestamp=846298353819, windowName=b3111f7 host.exp.exponent/host.exp.exponent.experience.ErrorActivity
04-07 21:13:03.002  1256  1256 I BufferQueueDebug: [Surface(name=843c946 NavigationBar0)/@0xa941112 - animation-leash of insets_animation#1107](this:0xb400007a899d8220,id:-1,api:0,p:-1,c:1256) onDestructor()
04-07 21:13:03.002  1256  1256 I BufferQueueDebug: [Surface(name=78626c0 StatusBar)/@0x11e2c5e - animation-leash of insets_animation#1108](this:0xb400007a899e65f0,id:-1,api:0,p:-1,c:1256) onDestructor()
04-07 21:13:03.002  1256  1256 I BufferQueueDebug: [Transition Root: Task=13#1099](this:0xb400007a899ec110,id:-1,api:0,p:-1,c:1256) onDestructor()
04-07 21:13:03.004  1256  2753 I SurfaceFlinger: onHandleDestroyed: name=Surface(name=843c946 NavigationBar0)/@0xa941112 - animation-leash of insets_animation#1111, layerId=1111, parentId=0
04-07 21:13:03.004  1256  2753 I SurfaceFlinger: onHandleDestroyed: name=Surface(name=78626c0 StatusBar)/@0x11e2c5e - animation-leash of insets_animation#1112, layerId=1112, parentId=0
04-07 21:13:03.010  1256  1256 D SurfaceFlinger: Focus addInputWindowCommands timestamp=846298353819, windowName=b3111f7 host.exp.exponent/host.exp.exponent.experience.ErrorActivity
04-07 21:13:03.010  1256  1256 I BufferQueueDebug: [Surface(name=843c946 NavigationBar0)/@0xa941112 - animation-leash of insets_animation#1111](this:0xb400007a899d2700,id:-1,api:0,p:-1,c:1256) onDestructor()
04-07 21:13:03.010  1256  1256 I BufferQueueDebug: [Surface(name=78626c0 StatusBar)/@0x11e2c5e - animation-leash of insets_animation#1112](this:0xb400007a89a4ce30,id:-1,api:0,p:-1,c:1256) onDestructor()
04-07 21:13:03.011  1800  1814 I PowerHalWrapper: amsBoostStop AMS_BOOST_PACK_SWITCH:true, AMS_BOOST_ACT_SWITCH:true, AMS_BOOST_PROCESS_CREATE:false, AMS_BOOST_PROCESS_CREATE_FOR_GAME:false, AMS_BOOST_HOT_LAUNCH:false 
04-07 21:13:03.011  1245  1266 I libPowerHal: [mtkPowerHint] hint:22, hold:500, ext:30, ext_hold:1500
04-07 21:13:03.012  1245  1266 I libPowerHal: [mtkPowerHint] hint:23, hold:0, ext:30, ext_hold:500
04-07 21:13:03.012  1256  1648 D SurfaceFlinger: updateWinowInfo=1, setFocusedWindow timestamp=846298353819, windowName=b3111f7 host.exp.exponent/host.exp.exponent.experience.ErrorActivity
04-07 21:13:03.012  1245  1319 I libPowerHal: [perfLockAcq] idx:3 hdl:865 hint:22 pid:1245 tid:1245 duration:500 lock_user:vendor.mediatek => ret_hdl:865
04-07 21:13:03.012  1245  1319 I libPowerHal: [setClusterFreq] MTKPOWER_HINT_PACK_SWITCH set cpufreq[0] min:2000000 max:-1 cpufreq[1] min:2500000 max:-1 
04-07 21:13:03.013  1800  1814 I PowerHalWrapper: amsBoostStop AMS_BOOST_PACK_SWITCH:false, AMS_BOOST_ACT_SWITCH:false, AMS_BOOST_PROCESS_CREATE:false, AMS_BOOST_PROCESS_CREATE_FOR_GAME:false, AMS_BOOST_HOT_LAUNCH:false 
04-07 21:13:03.013  1245  1319 I libPowerHal: [perfLockRel] hdl:864, idx:1
04-07 21:13:03.013  1245  1266 I mtkpower@impl: [setMode] type:5, enabled:0
04-07 21:13:03.015  1245  1319 I libPowerHal: [perfLockAcq] idx:4 hdl:866 hint:30 pid:1245 tid:1245 duration:1500 lock_user:vendor.mediatek => ret_hdl:866
04-07 21:13:03.016  1245  1319 I libPowerHal: [perfLockRel] hdl:863, idx:2
04-07 21:13:03.018  1245  1319 I libPowerHal: [perfLockAcq] idx:5 hdl:867 hint:30 pid:1245 tid:1245 duration:500 lock_user:vendor.mediatek => ret_hdl:867
04-07 21:13:03.018  1256  1256 I BufferQueueProducer: [host.exp.exponent/host.exp.exponent.experience.ErrorActivity#1006](this:0xb400007a89a19a10,id:-1,api:0,p:-1,c:1256) queueBuffer: fps=0.05 dur=18387.90 max=18387.90 min=18387.90
04-07 21:13:03.018  1800  1919 I ImeTracker: host.exp.exponent:6f2d3445: onRequestHide at ORIGIN_SERVER reason HIDE_UNSPECIFIED_WINDOW fromUser false
04-07 21:13:03.018  1800  1919 I ImeTracker: host.exp.exponent:6f2d3445: onCancelled at PHASE_SERVER_SHOULD_HIDE
04-07 21:13:03.019  1245  1319 I libPowerHal: [perfLockRel] hdl:862, idx:0
04-07 21:13:03.019  1245  1319 I libPowerHal: [PD] LAUNCH update cmd:300c000 param:0
04-07 21:13:03.021  3040  3040 I GoogleInputMethodService: GoogleInputMethodService.onFinishInput():2114 
04-07 21:13:03.021  1256  1673 I BufferQueueDebug: [Surface(name=3e71028 InputMethod)/@0xbd0ccbe - animation-leash of insets_animation#1117](this:0xb400007a899f1c30,id:-1,api:0,p:-1,c:-1) BufferQueue core=(1256:/system/bin/surfaceflinger)
04-07 21:13:03.022  3040  3040 I Module  : DeviceLockedStatusModuleProvider$Module.updateDeviceLockedStatus():103 repeatCheckTimes = 0, locked = false
04-07 21:13:03.023  3040  3040 I GoogleInputMethodService: GoogleInputMethodService.onStartInput():1385 onStartInput(EditorInfo{EditorInfo{packageName=host.exp.exponent, inputType=0, inputTypeString=NULL, enableLearning=false, autoCorrection=false, autoComplete=false, imeOptions=0, privateImeOptions=null, actionName=UNSPECIFIED, actionLabel=null, initialSelStart=-1, initialSelEnd=-1, initialCapsMode=0, label=null, fieldId=0, fieldName=null, extras=null, hintText=null, hintLocales=[]}}, false)
04-07 21:13:03.023  3040  3040 I AndroidIME: LatinIMEBase.updateInputViewCoverNavigation():314 Update input view padding, extendsTouchBelowSpace=false, bottom inset=144
04-07 21:13:03.025  3040  3040 I Module  : DeviceLockedStatusModuleProvider$Module.updateDeviceLockedStatus():103 repeatCheckTimes = 1, locked = false
04-07 21:13:03.026  1800  1815 W PackageConfigPersister: App-specific configuration not found for packageName: host.exp.exponent and userId: 0
04-07 21:13:03.035  1256  1256 I SurfaceFlinger: onHandleDestroyed: name=Surface(name=3e71028 InputMethod)/@0xbd0ccbe - animation-leash of insets_animation#1103, layerId=1103, parentId=0
04-07 21:13:03.043  1256  1256 I BufferQueueDebug: [Surface(name=3e71028 InputMethod)/@0xbd0ccbe - animation-leash of insets_animation#1103](this:0xb400007a89a47310,id:-1,api:0,p:-1,c:1256) onDestructor()
04-07 21:13:03.051  1256  1256 I BufferQueueProducer: [NavigationBar0#86](this:0xb400007a899a4e00,id:-1,api:0,p:-1,c:1256) queueBuffer: fps=0.29 dur=17325.22 max=16935.13 min=49.79
04-07 21:13:03.123  1800  1819 E ApplicationHelper: Fail to get PackageManager
04-07 21:13:03.124  2170  2257 D View    : [Warning] assignParent to null: this = android.widget.FrameLayout{730858b G.E...... ......ID 0,0-1200,2670}
04-07 21:13:03.126  1256  1673 I BufferQueueDebug: [Surface(name=4d95577 Splash Screen host.exp.exponent)/@0x937a56a - animation-leash of window_animation#1118](this:0xb400007a89a4ce30,id:-1,api:0,p:-1,c:-1) BufferQueue core=(1256:/system/bin/surfaceflinger)
04-07 21:13:03.129  2170  2257 W WindowOnBackDispatcher: sendCancelIfRunning: isInProgress=false callback=android.view.ViewRootImpl$$ExternalSyntheticLambda11@f45a4c1
04-07 21:13:03.129  1800  1814 D CoreBackPreview: Window{4d95577 u0 Splash Screen host.exp.exponent EXITING}: Setting back callback null
04-07 21:13:03.130  1800  3320 W InputManager-JNI: Input channel object '4d95577 Splash Screen host.exp.exponent (client)' was disposed without first being removed with the input manager!
04-07 21:13:03.135  1256  1643 D SurfaceFlinger: calculateTimeoutTime, triggerInterval = 2 sec + 999999692 nsec
04-07 21:13:03.136  2170  2295 D BLASTBufferQueue: [VRI[exponent]#71](f:0,a:4) destructor()
04-07 21:13:03.136  2170  2295 D BufferQueueConsumer: [VRI[exponent]#71(BLAST Consumer)71](id:87a00000048,api:0,p:-1,c:2170) disconnect
04-07 21:13:03.292  1800  1822 D WindowManager: setParent old=ActivityRecord{1950a2 u0 host.exp.exponent/.experience.HomeActivity t13},new=null,this window=Window{4d95577 u0 Splash Screen host.exp.exponent},callers=com.android.server.wm.WindowContainer.removeChild:833 com.android.server.wm.ActivityRecord.removeChild:4695 com.android.server.wm.ActivityRecord.removeChild:429 com.android.server.wm.WindowContainer.removeImmediately:891 com.android.server.wm.WindowState.removeImmediately:2386 com.android.server.wm.WindowState.destroySurface:3381 
04-07 21:13:03.308  1256  1256 I SurfaceFlinger: onHandleDestroyed: name=Splash Screen host.exp.exponent#1098, layerId=1098, parentId=0
04-07 21:13:03.308  1256  1256 I SurfaceFlinger: onHandleDestroyed: name=Surface(name=4d95577 Splash Screen host.exp.exponent)/@0x937a56a - animation-leash of window_animation#1118, layerId=1118, parentId=0
04-07 21:13:03.317  1256  1256 I BufferQueueDebug: [Splash Screen host.exp.exponent#1098](this:0xb400007a899663a0,id:-1,api:0,p:-1,c:1256) onDestructor()
04-07 21:13:03.317  1256  1256 I BufferQueueDebug: [Surface(name=4d95577 Splash Screen host.exp.exponent)/@0x937a56a - animation-leash of window_animation#1118](this:0xb400007a89a4ce30,id:-1,api:0,p:-1,c:1256) onDestructor()
04-07 21:13:03.505  2170  2228 V WindowManagerShell: Transition animation finished (aborted=false), notifying core (#86) android.os.BinderProxy@f3e8c20@0
04-07 21:13:03.507  1800  1818 V WindowManager: Finish Transition (#86): created at 04-07 21:13:02.905 collect-started=0.017ms request-sent=4.7ms started=22.217ms ready=69.857ms sent=73.752ms finished=601.766ms
04-07 21:13:03.508 12712 12712 D VRI[HomeActivity]: visibilityChanged oldVisibility=true newVisibility=false
04-07 21:13:03.509  2170  2228 V WindowManagerShell: Track 0 became idle
04-07 21:13:03.509  2170  2228 V WindowManagerShell: All active transition animations finished
04-07 21:13:03.509  1800  1821 I PowerHalWrapper: amsBoostNotify pid:12712,activity:host.exp.exponent.LauncherActivity, package:host.exp.exponent, mProcessCreatePackhost.exp.exponent 
04-07 21:13:03.509  1800  1821 I PowerHalWrapper: state: 0 
04-07 21:13:03.510  1800  1821 I ScnModule: [GameDetection] packname: host.exp.exponent, apkSize: 314590746. 
04-07 21:13:03.510  1800  1821 I mtkpower_client: [PowerHal_Wrap_notifyAppState] host.exp.exponent/host.exp.exponent.LauncherActivity pid=12712 activityId:211271084 state:0
04-07 21:13:03.510  1237  1237 I IPCThreadState: oneway function results for code 2 on binder at 0xb400007b36027170 will be dropped but finished with status UNKNOWN_TRANSACTION
04-07 21:13:03.510  1237  1237 I vendor.mediatek.hardware.mtkpower_applist-service.mediatek: packName: host.exp.exponent actName: host.exp.exponent.LauncherActivity pid: 12712 uid: 10213 state: 0
04-07 21:13:03.510  1237  1237 I MTK_APPList: [notifyAPPstate] host.exp.exponent/host.exp.exponent.LauncherActivity, pid=12712, uid=10213, state:PAUSED, fps:-1, win:0
04-07 21:13:03.510  1237  1237 I MTK_APPList: [notifyAPPstate] multi_resumed_app_count: 1
04-07 21:13:03.510  1237  1237 I MTK_APPList: [notifyAPPstate] multi_resumed_app_info[0] host.exp.exponent/host.exp.exponent.experience.ErrorActivity, pid:12712, fps:-1, isMultiWindow:0
04-07 21:13:03.510  1237  1237 I MTK_APPList: [getForegroundAPPCount] 1
04-07 21:13:03.510  1237  1237 I MTK_APPList: [notifyNetdUID] 10213
04-07 21:13:03.510  1800  1821 I PowerHalWrapper: amsBoostNotify AMS_BOOST_PROCESS_CREATE_BOOST:false 
04-07 21:13:03.510  1800  1821 I PowerHalWrapper: amsBoostNotify pid:12712,activity:host.exp.exponent.experience.HomeActivity, package:host.exp.exponent, mProcessCreatePackhost.exp.exponent 
04-07 21:13:03.510  1800  1821 I PowerHalWrapper: state: 0 
04-07 21:13:03.511  1800  1821 I ScnModule: [GameDetection] packname: host.exp.exponent, apkSize: 314590746. 
04-07 21:13:03.511  1237  1237 I MTK_APPList: [notifyPID] 12712
04-07 21:13:03.511  1800  1821 I mtkpower_client: [PowerHal_Wrap_notifyAppState] host.exp.exponent/host.exp.exponent.experience.HomeActivity pid=12712 activityId:1659042 state:0
04-07 21:13:03.511  1245  1319 I libPowerHal: [perfSetSysInfo] pid type:24, 12712
04-07 21:13:03.511  1800  1821 I PowerHalWrapper: amsBoostNotify AMS_BOOST_PROCESS_CREATE_BOOST:false 
04-07 21:13:03.512  1800  3320 W UserManagerService: Requested status bar icon for non-badged user 0
04-07 21:13:03.512  1237  1237 I IPCThreadState: oneway function results for code 2 on binder at 0xb400007b36027170 will be dropped but finished with status UNKNOWN_TRANSACTION
04-07 21:13:03.512  1237  1237 I vendor.mediatek.hardware.mtkpower_applist-service.mediatek: packName: host.exp.exponent actName: host.exp.exponent.experience.HomeActivity pid: 12712 uid: 10213 state: 0
04-07 21:13:03.512  1237  1237 I MTK_APPList: [notifyAPPstate] host.exp.exponent/host.exp.exponent.experience.HomeActivity, pid=12712, uid=10213, state:PAUSED, fps:-1, win:0
04-07 21:13:03.512  1237  1237 I MTK_APPList: [notifyAPPstate] multi_resumed_app_count: 1
04-07 21:13:03.512  1237  1237 I MTK_APPList: [notifyAPPstate] multi_resumed_app_info[0] host.exp.exponent/host.exp.exponent.experience.ErrorActivity, pid:12712, fps:-1, isMultiWindow:0
04-07 21:13:03.512  1237  1237 I MTK_APPList: [getForegroundAPPCount] 1
04-07 21:13:03.512  1237  1237 I MTK_APPList: [notifyNetdUID] 10213
04-07 21:13:03.512  1245  1319 I mtkpower@impl: [powerd_req] TIMER_MSG_PERF_LOCK_TIMEOUT hdl:865
04-07 21:13:03.512  1245  1319 I libPowerHal: [perfLockRel] hdl:865, idx:3
04-07 21:13:03.513  1245  1319 I libPowerHal: [setClusterFreq]  set cpu_ctrl cpufreq: -1 -1 -1 -1 
04-07 21:13:03.513  1245  1319 I libPowerHal: [PD] MTKPOWER_HINT_PACK_SWITCH update cmd:1408300 param:40
04-07 21:13:03.513  1800  3320 W UserManagerService: Requested status bar icon for non-badged user 0
04-07 21:13:03.514  1245  1319 I libPowerHal: [setDvfsrcDevFreqOpp] opp:2, freq:4212000000
04-07 21:13:03.514  1245  1319 I libPowerHal: [PD] MTKPOWER_HINT_PACK_SWITCH update cmd:1000000 param:2
04-07 21:13:03.514  1237  1237 I MTK_APPList: [notifyPID] 12712
04-07 21:13:03.515  1245  1319 I libPowerHal: [perfSetSysInfo] pid type:24, 12712
04-07 21:13:03.515  1800  1814 W UserManagerService: Requested status bar icon for non-badged user 0
04-07 21:13:03.518  1256  1256 I SurfaceFlinger: onHandleDestroyed: name=Transition Root: Task=18#1115, layerId=1115, parentId=0
04-07 21:13:03.518  1256  1256 I SurfaceFlinger: onHandleDestroyed: name=4d95577 Splash Screen host.exp.exponent#1094, layerId=1094, parentId=0
04-07 21:13:03.518  1256  1256 I SurfaceFlinger: onHandleDestroyed: name=animation-background#1116, layerId=1116, parentId=0
04-07 21:13:03.518  1245  1319 I mtkpower@impl: [powerd_req] TIMER_MSG_PERF_LOCK_TIMEOUT hdl:867
04-07 21:13:03.518  1245  1319 I libPowerHal: [perfLockRel] hdl:867, idx:5
04-07 21:13:03.522 12712 12712 D BLASTBufferQueue: [VRI[HomeActivity]#41](f:0,a:4) destructor()
04-07 21:13:03.522 12712 12712 D BufferQueueConsumer: [VRI[HomeActivity]#41(BLAST Consumer)41](id:31a80000002b,api:0,p:-1,c:12712) disconnect
04-07 21:13:03.525  1256  1256 I BufferQueueDebug: [animation-background#1116](this:0xb400007a899e0ad0,id:-1,api:0,p:-1,c:1256) onDestructor()
04-07 21:13:03.525  1256  1256 I BufferQueueDebug: [4d95577 Splash Screen host.exp.exponent#1094](this:0xb400007a899f7750,id:-1,api:0,p:-1,c:1256) onDestructor()
04-07 21:13:03.525  1256  1256 I BufferQueueDebug: [Transition Root: Task=18#1115](this:0xb400007a89a088b0,id:-1,api:0,p:-1,c:1256) onDestructor()
04-07 21:13:03.526 12712 12712 W WindowOnBackDispatcher: sendCancelIfRunning: isInProgress=false callback=android.view.ViewRootImpl$$ExternalSyntheticLambda11@11a69e8
04-07 21:13:03.528 12712 12799 D BLASTBufferQueue: [VRI[LauncherActivity]#42](f:0,a:1) destructor()
04-07 21:13:03.528 12712 12799 D BufferQueueConsumer: [VRI[LauncherActivity]#42(BLAST Consumer)42](id:31a80000002c,api:0,p:-1,c:12712) disconnect
04-07 21:13:03.529  1800  1814 D CoreBackPreview: Window{4110529 u0 host.exp.exponent/host.exp.exponent.LauncherActivity}: Setting back callback null
04-07 21:13:03.531 12712 12712 D View    : [Warning] assignParent to null: this = DecorView@ce70aef[LauncherActivity]
04-07 21:13:03.531  1800  1814 W InputManager-JNI: Input channel object '4110529 host.exp.exponent/host.exp.exponent.LauncherActivity (client)' was disposed without first being removed with the input manager!
04-07 21:13:03.532  1800  1814 D WindowManager: setParent old=ActivityRecord{c97bdac u0 host.exp.exponent/.LauncherActivity t13 f}},new=null,this window=Window{4110529 u0 host.exp.exponent/host.exp.exponent.LauncherActivity},callers=com.android.server.wm.WindowContainer.removeChild:833 com.android.server.wm.ActivityRecord.removeChild:4695 com.android.server.wm.ActivityRecord.removeChild:429 com.android.server.wm.WindowContainer.removeImmediately:891 com.android.server.wm.WindowState.removeImmediately:2386 com.android.server.wm.WindowState.removeIfPossible:2546 
04-07 21:13:03.533  1256  1256 I SurfaceFlinger: onHandleDestroyed: name=48b2c6d ActivityRecordInputSink host.exp.exponent/.experience.HomeActivity#1101, layerId=1101, parentId=0
04-07 21:13:03.536  1800  3320 D WindowManager: setParent old=Task{1860949 #13 type=standard A=10213:host.exp.exponent},new=null,this window=ActivityRecord{c97bdac u0 host.exp.exponent/.LauncherActivity t13 f}},callers=com.android.server.wm.WindowContainer.removeChild:833 com.android.server.wm.TaskFragment.removeChild:3015 com.android.server.wm.Task.removeChild:1534 com.android.server.wm.Task.removeChild:1517 com.android.server.wm.WindowContainer.removeImmediately:891 com.android.server.wm.WindowToken.removeImmediately:359 
04-07 21:13:03.541  1256  1256 I BufferQueueDebug: [48b2c6d ActivityRecordInputSink host.exp.exponent/.experience.HomeActivity#1101](this:0xb400007a8995daf0,id:-1,api:0,p:-1,c:1256) onDestructor()
04-07 21:13:03.541  1256  1256 I SurfaceFlinger: onHandleDestroyed: name=4110529 host.exp.exponent/host.exp.exponent.LauncherActivity#1109, layerId=1109, parentId=0
04-07 21:13:03.541  1256  1256 I SurfaceFlinger: onHandleDestroyed: name=host.exp.exponent/host.exp.exponent.LauncherActivity#1110, layerId=1110, parentId=0
04-07 21:13:03.550  1256  1256 I BufferQueueDebug: [4110529 host.exp.exponent/host.exp.exponent.LauncherActivity#1109](this:0xb400007a899c15a0,id:-1,api:0,p:-1,c:1256) onDestructor()
04-07 21:13:03.551  1256  1256 I BufferQueueDebug: [host.exp.exponent/host.exp.exponent.LauncherActivity#1110](this:0xb400007a899ccbe0,id:-1,api:0,p:-1,c:1256) onDestructor()
04-07 21:13:03.551  1256  1256 I SurfaceFlinger: onHandleDestroyed: name=host.exp.exponent/host.exp.exponent.experience.HomeActivity#1095, layerId=1095, parentId=0
04-07 21:13:03.551  1256  1256 I SurfaceFlinger: onHandleDestroyed: name=ActivityRecord{c97bdac u0 host.exp.exponent/.LauncherActivity#1104, layerId=1104, parentId=0
04-07 21:13:03.558  1256  1256 I BufferQueueDebug: [ActivityRecord{c97bdac u0 host.exp.exponent/.LauncherActivity#1104](this:0xb400007a899eeea0,id:-1,api:0,p:-1,c:1256) onDestructor()
04-07 21:13:03.559  1256  1256 I BufferQueueDebug: [host.exp.exponent/host.exp.exponent.experience.HomeActivity#1095](this:0xb400007a89a02d90,id:-1,api:0,p:-1,c:1256) onDestructor()
04-07 21:13:03.744  1486  1565 E mtk_storageproxyd: ipc-trustonic: ipc_trustonic_connect: retry left 3
04-07 21:13:03.746  1486  1565 E mtk_storageproxyd: ipc-trustonic: ipc_trustonic_connect: Unable to resolve family name (-12)
04-07 21:13:03.818  1216  1216 I hwcomposer: [HWCDisplay] [Display_0 (type:1, mode:2)] fps:96.593742,dur:1004.21,max:67.65,min:5.83  
04-07 21:13:03.822  1237  1289 I libPerfCtl: xgfGetFPS pid:2170 fps:-1
04-07 21:13:03.822  1237  1289 I libPerfCtl: xgfGetFPS pid:12712 fps:-1
04-07 21:13:04.113  2030  2036 D WifiHAL : WifiRequest::create vendor command to iface 36, vendor_id=0x1a11, subcmd=0x1200, res=0
04-07 21:13:04.114  1256  1256 I BufferQueueProducer: [NavigationBar0#86](this:0xb400007a899a4e00,id:-1,api:0,p:-1,c:1256) queueBuffer: fps=37.62 dur=1063.21 max=116.95 min=7.76
04-07 21:13:04.126  2030  2036 D WifiHAL : WifiCommand::requestResponse: receive
04-07 21:13:04.127  2030  2036 I WifiHAL : LLS RSP: data=0xb4000075f5b77450, len=4436
04-07 21:13:04.127  2030  2036 I WifiHAL : LLS check_data_sanity: 1821: current_radio_stat->num_channels=42
04-07 21:13:04.127  2030  2036 I WifiHAL : LLS check_data_sanity: 1821: current_radio_stat->num_channels=12
04-07 21:13:04.127  2030  2036 I WifiHAL : LLS check_data_sanity: confirmed_size=4436, len=4436
04-07 21:13:04.141  2030  2036 D WifiHAL : WifiRequest::create vendor command to iface 36, vendor_id=0x1a11, subcmd=0x0002, res=0
04-07 21:13:04.141  2030  2036 D WifiHAL : WifiCommand::requestResponse: receive
04-07 21:13:04.141  2030  2036 I WifiHAL : feature_set=0x8489341a
04-07 21:13:04.515  1245  1319 I mtkpower@impl: [powerd_req] TIMER_MSG_PERF_LOCK_TIMEOUT hdl:866
04-07 21:13:04.516  1245  1319 I libPowerHal: [perfLockRel] hdl:866, idx:4
04-07 21:13:04.516  1245  1319 I libPowerHal: [PD] MTKPOWER_HINT_EXT_LAUNCH update cmd:1408300 param:0
04-07 21:13:04.519  1245  1319 I libPowerHal: [PD] MTKPOWER_HINT_EXT_LAUNCH update cmd:1000000 param:-1
04-07 21:13:04.747  1486  1565 E mtk_storageproxyd: ipc-trustonic: ipc_trustonic_connect: retry left 2
04-07 21:13:04.749  1486  1565 E mtk_storageproxyd: ipc-trustonic: ipc_trustonic_connect: Unable to resolve family name (-12)
04-07 21:13:04.823  1237  1289 I libPerfCtl: xgfGetFPS pid:2170 fps:-1
04-07 21:13:04.823  1237  1289 I libPerfCtl: xgfGetFPS pid:12712 fps:-1
04-07 21:13:05.202  1465  1970 D ULogGuard: Monitoring: 16 threads, 0 requests, 0 time-bombs; 2 guards. ResetFlags = 0x7
04-07 21:13:05.752  1486  1565 E mtk_storageproxyd: ipc-trustonic: ipc_trustonic_connect: retry left 1
04-07 21:13:05.755  1486  1565 E mtk_storageproxyd: ipc-trustonic: ipc_trustonic_connect: Unable to resolve family name (-12)
04-07 21:13:05.823  1237  1289 I libPerfCtl: xgfGetFPS pid:2170 fps:-1
04-07 21:13:05.823  1237  1289 I libPerfCtl: xgfGetFPS pid:12712 fps:-1
04-07 21:13:05.837  2328  2499 I bluetooth: le_advertising_manager.cc:1763 on_set_advertising_set_random_address_complete: update random address for advertising set 1 : xx:xx:xx:xx:1a:87
04-07 21:13:06.755  1486  1565 E mtk_storageproxyd: ipc-trustonic: ipc_trustonic_connect: retry left 0
04-07 21:13:06.756  1486  1565 E mtk_storageproxyd: mtk.ufs.trustonic.ta: ipc connect failed (-12)
04-07 21:13:06.825  1237  1289 I libPerfCtl: xgfGetFPS pid:2170 fps:-1
04-07 21:13:06.825  1237  1289 I libPerfCtl: xgfGetFPS pid:12712 fps:-1
04-07 21:13:06.964  1800  1819 E ApplicationHelper: Fail to get PackageManager
04-07 21:13:06.993  1800  1888 D ActivityManager: sync unfroze 14106 com.android.vending for 6
04-07 21:13:06.996  1800  1888 D ActivityManager: sync unfroze 14133 com.android.vending:background for 6
04-07 21:13:06.997  1800  1888 D ActivityManager: sync unfroze 14326 com.android.vending:quick_launch for 6
04-07 21:13:06.998  1800  1819 E ApplicationHelper: Fail to get PackageManager
04-07 21:13:07.002 14133 14166 I Finsky:background: [53] Stats for Executor: bgExecutor ves@3dab869[Running, pool size = 4, active threads = 0, queued tasks = 0, completed tasks = 298]
04-07 21:13:07.002 14133 14166 I Finsky:background: [53] Stats for Executor: LightweightExecutor ves@e08c0dd[Running, pool size = 4, active threads = 1, queued tasks = 0, completed tasks = 330]
04-07 21:13:07.002 14133 14166 I Finsky:background: [53] Stats for Executor: BlockingExecutor ves@6524de6[Running, pool size = 1, active threads = 0, queued tasks = 0, completed tasks = 37]
04-07 21:13:07.003 14326 14339 I Finsky:quick_launch: [52] Stats for Executor: bgExecutor ves@aebcaf0[Running, pool size = 4, active threads = 0, queued tasks = 0, completed tasks = 10]
04-07 21:13:07.003 14326 14339 I Finsky:quick_launch: [52] Stats for Executor: LightweightExecutor ves@4ab9cb4[Running, pool size = 4, active threads = 0, queued tasks = 0, completed tasks = 7]
04-07 21:13:07.007 14106 14149 I Finsky  : [52] Stats for Executor: LightweightExecutor ves@a22b431[Running, pool size = 4, active threads = 1, queued tasks = 2, completed tasks = 1868]
04-07 21:13:07.008 14106 14149 I Finsky  : [52] Stats for Executor: BlockingExecutor ves@3dab869[Running, pool size = 0, active threads = 0, queued tasks = 0, completed tasks = 222]
04-07 21:13:07.008 14106 14149 I Finsky  : [52] Stats for Executor: bgExecutor ves@7c99ae4[Running, pool size = 4, active threads = 0, queued tasks = 0, completed tasks = 3906]
04-07 21:13:07.009 14106 14149 I Finsky  : [52] Stats for Executor: GrpcBackgroundExecutor ves@e71ee8f[Running, pool size = 4, active threads = 0, queued tasks = 0, completed tasks = 13]
04-07 21:13:07.020  1800  3320 W ProcessStats: Tracking association SourceState{5757f96 com.android.vending/10112 ImpBg #9548} whose proc state 6 is better than process ProcessState{3eb3717 com.android.vending:background/10112 pkg=com.android.vending (sub)} proc state 14 (8 skipped)
04-07 21:13:07.020  1800  1819 E ApplicationHelper: Fail to get PackageManager
04-07 21:13:07.023 14106 14106 I Finsky  : [2] SCH: job service start with id 9971.
04-07 21:13:07.035 14106 14749 I Finsky  : [192] SCH: Satisfied jobs for 9971 are: 10-101
04-07 21:13:07.036 14106 14748 I Finsky  : [191] SCH: Job 10-101 starting
04-07 21:13:07.037 14106 14106 I Finsky  : [2] WM::SCH: Logging work start for 10-101
04-07 21:13:07.040 14106 14106 I Finsky  : [2] AIM: AppInfoManager-Perf > getLocalApps > called: USE_CACHE
04-07 21:13:07.051 14106 14106 I Finsky  : [2] AIM: getLocalApps returned 294 cached apps
04-07 21:13:07.058 14106 14168 I Finsky  : [67] SCH: jobFinished: 10-101. TimeElapsed: 21ms.
04-07 21:13:07.059 14106 14168 I Finsky  : [67] WM::SCH: Logging work end for 10-101
04-07 21:13:07.061 14106 14155 I Finsky  : [58] AU2: current managed auto update config: AUTO_UPDATE_POLICY_UNSPECIFIED
04-07 21:13:07.062 14106 14155 I Finsky  : [58] AU2: current managed auto update config: AUTO_UPDATE_POLICY_UNSPECIFIED
04-07 21:13:07.073 14106 14168 I Finsky  : [67] SCH: Scheduling phonesky job Id: 1-1337, CT: 1775589108670, Constraints: [{ L: 14399999, D: 54407136, C: CHARGING_NONE, I: IDLE_NONE, N: NET_ANY, B: BATTERY_ANY }]
04-07 21:13:07.073 14106 14168 I Finsky  : [67] SCH: Scheduling phonesky job Id: 10-4, CT: 1775589108576, Constraints: [{ L: 1200000, D: 86400000, C: CHARGING_NONE, I: IDLE_NONE, N: NET_ANY, B: BATTERY_ANY }]
04-07 21:13:07.073 14106 14168 I Finsky  : [67] SCH: Scheduling phonesky job Id: 10-11, CT: 1775589108577, Constraints: [{ L: 600000, D: 86400000, C: CHARGING_NONE, I: IDLE_NONE, N: NET_ANY, B: BATTERY_ANY }]
04-07 21:13:07.073 14106 14168 I Finsky  : [67] SCH: Scheduling phonesky job Id: 10-26, CT: 1775589108578, Constraints: [{ L: 600000, D: 86400000, C: CHARGING_NONE, I: IDLE_NONE, N: NET_ANY, B: BATTERY_ANY }]
04-07 21:13:07.073 14106 14168 I Finsky  : [67] SCH: Scheduling phonesky job Id: 10-93, CT: 1775589108582, Constraints: [{ L: 300000, D: 86400000, C: CHARGING_NONE, I: IDLE_NONE, N: NET_ANY, B: BATTERY_ANY }]
04-07 21:13:07.074 14106 14168 I Finsky  : [67] SCH: Scheduling phonesky job Id: 10-123, CT: 1775589108582, Constraints: [{ L: 600000, D: 86400000, C: CHARGING_NONE, I: IDLE_NONE, N: NET_ANY, B: BATTERY_ANY }]
04-07 21:13:07.077 14106 14167 I Finsky  : [66] SCH: Scheduling 1 system job(s)
04-07 21:13:07.078 14106 14167 I Finsky  : [66] SCH: Scheduling system job Id: 9978, L: 221504, D: 54328728, C: false, I: false, N: 1
04-07 21:13:07.083 14106 14748 I Finsky  : [191] SCH: job service finished with id 9971.
04-07 21:13:07.086  1800  1819 E ApplicationHelper: Fail to get PackageManager
04-07 21:13:07.090 14106 14106 I Finsky  : [2] Memory trim requested to level 40
04-07 21:13:07.091 14106 14106 I Finsky  : [2] Flushing in-memory image cache
04-07 21:13:07.091  1800  1819 E ApplicationHelper: Fail to get PackageManager
04-07 21:13:07.092 14133 14133 I Finsky:background: [2] Memory trim requested to level 40
04-07 21:13:07.092 14326 14326 I Finsky:quick_launch: [2] Memory trim requested to level 40
04-07 21:13:07.148  2030  2036 D WifiHAL : WifiRequest::create vendor command to iface 36, vendor_id=0x1a11, subcmd=0x1200, res=0
04-07 21:13:07.153  2030  2036 D WifiHAL : WifiCommand::requestResponse: receive
04-07 21:13:07.153  2030  2036 I WifiHAL : LLS RSP: data=0xb4000075f5b77450, len=4436
04-07 21:13:07.153  2030  2036 I WifiHAL : LLS check_data_sanity: 1821: current_radio_stat->num_channels=42
04-07 21:13:07.153  2030  2036 I WifiHAL : LLS check_data_sanity: 1821: current_radio_stat->num_channels=12
04-07 21:13:07.153  2030  2036 I WifiHAL : LLS check_data_sanity: confirmed_size=4436, len=4436
04-07 21:13:07.166  2030  2036 D WifiHAL : WifiRequest::create vendor command to iface 36, vendor_id=0x1a11, subcmd=0x0002, res=0
04-07 21:13:07.166  2030  2036 D WifiHAL : WifiCommand::requestResponse: receive
04-07 21:13:07.166  2030  2036 I WifiHAL : feature_set=0x8489341a
04-07 21:13:07.642  7033  7060 D MeshForegroundService: Ensuring mesh service is started
04-07 21:13:07.642  7033  7060 D MeshServiceHolder: Reusing existing BluetoothMeshService instance
04-07 21:13:07.643  7033  7060 W BluetoothMeshService: Mesh service already active, ignoring duplicate start request
04-07 21:13:07.826  1237  1289 I libPerfCtl: xgfGetFPS pid:2170 fps:-1
04-07 21:13:07.861  1800  1800 D NotifAttentionHelper: Notification PackageName:: com.bitchat.droid
04-07 21:13:07.877  1216  1615 I hwcomposer: [DRMDEV] (0:113) failed to waitNextVsync: -1  
04-07 21:13:07.880  1216  1615 I hwcomposer: [DRMDEV] (0:113) failed to waitNextVsync: -1  
04-07 21:13:07.895  2170  2484 D LocalImageResolver: Couldn't use ImageDecoder for drawable, falling back to non-resized load.
04-07 21:13:07.898  2170  2484 D LocalImageResolver: Couldn't use ImageDecoder for drawable, falling back to non-resized load.
04-07 21:13:08.207  1465  1970 D ULogGuard: Monitoring: 16 threads, 0 requests, 0 time-bombs; 2 guards. ResetFlags = 0x7
04-07 21:13:09.758  1486  1565 E mtk_storageproxyd: ipc-trustonic: ipc_trustonic_connect: Unable to resolve family name (-12)
04-07 21:13:10.178  2030  2035 D WifiHAL : WifiRequest::create vendor command to iface 36, vendor_id=0x1a11, subcmd=0x1200, res=0
04-07 21:13:10.195  2030  2035 D WifiHAL : WifiCommand::requestResponse: receive
04-07 21:13:10.196  2030  2035 I WifiHAL : LLS RSP: data=0xb4000075f5b78660, len=4436
04-07 21:13:10.196  2030  2035 I WifiHAL : LLS check_data_sanity: 1821: current_radio_stat->num_channels=42
04-07 21:13:10.196  2030  2035 I WifiHAL : LLS check_data_sanity: 1821: current_radio_stat->num_channels=12
04-07 21:13:10.196  2030  2035 I WifiHAL : LLS check_data_sanity: confirmed_size=4436, len=4436
04-07 21:13:10.209  2030  2035 D WifiHAL : WifiRequest::create vendor command to iface 36, vendor_id=0x1a11, subcmd=0x0002, res=0
04-07 21:13:10.209  2030  2035 D WifiHAL : WifiCommand::requestResponse: receive
04-07 21:13:10.209  2030  2035 I WifiHAL : feature_set=0x8489341a
04-07 21:13:10.216  2170  2170 D WifiSignalController: isWifi6: true,wifiVisible: true
04-07 21:13:10.217  2170  2170 D WifiSignalController: iconId: 17302986
04-07 21:13:10.764  1486  1565 E mtk_storageproxyd: ipc-trustonic: ipc_trustonic_connect: retry left 9
04-07 21:13:10.767  1486  1565 E mtk_storageproxyd: ipc-trustonic: ipc_trustonic_connect: Unable to resolve family name (-12)
04-07 21:13:10.900  7033  7075 D BluetoothConnectionTracker: Periodic cleanup: 0 connections, 0 pending
04-07 21:13:10.900  7033  7072 D BluetoothMeshService: Sending broadcast announce
04-07 21:13:10.904  7033  7072 D EncryptionService: ✅ Generated Ed25519 signature (64 bytes)
